import time: self [us] | cumulative | imported package
import time:       278 |        278 |   _io
import time:        39 |         39 |   marshal
import time:       304 |        304 |   posix
import time:       328 |        948 | _frozen_importlib_external
import time:        97 |         97 |   time
import time:       114 |        210 | zipimport
import time:        52 |         52 |     _codecs
import time:       331 |        383 |   codecs
import time:       466 |        466 |   encodings.aliases
import time:       505 |       1353 | encodings
import time:       189 |        189 | encodings.utf_8
import time:        95 |         95 | _signal
import time:        33 |         33 |     _abc
import time:       124 |        157 |   abc
import time:       198 |        354 | io
import time:        42 |         42 |       _stat
import time:        60 |        102 |     stat
import time:       894 |        894 |     _collections_abc
import time:        49 |         49 |       genericpath
import time:        79 |        127 |     posixpath
import time:       331 |       1452 |   os
import time:        70 |         70 |   _sitebuiltins
import time:       605 |        605 |   _virtualenv
import time:       279 |        279 |   _distutils_hack
import time:        62 |         62 |     apport_python_hook
import time:       152 |        213 |   sitecustomize
import time:      1375 |       3992 | site
import time:       149 |        149 |     __future__
import time:       281 |        281 |           types
import time:        90 |         90 |             _operator
import time:       370 |        459 |           operator
import time:       215 |        215 |               itertools
import time:       162 |        162 |               keyword
import time:       197 |        197 |               reprlib
import time:        77 |         77 |               _collections
import time:       800 |       1449 |             collections
import time:        60 |         60 |             _functools
import time:       695 |       2203 |           functools
import time:      1469 |       4412 |         enum
import time:        75 |         75 |           _sre
import time:       279 |        279 |             re._constants
import time:       490 |        769 |           re._parser
import time:       123 |        123 |           re._casefix
import time:       454 |       1419 |         re._compiler
import time:       170 |        170 |         copyreg
import time:       516 |       6515 |       re
import time:       151 |        151 |         collections.abc
import time:       238 |        238 |             token
import time:        44 |         44 |             _tokenize
import time:      1014 |       1295 |           tokenize
import time:       147 |       1441 |         linecache
import time:       961 |        961 |         textwrap
import time:       647 |        647 |         contextlib
import time:       643 |       3841 |       traceback
import time:      1110 |       1110 |       warnings
import time:       217 |        217 |         _weakrefset
import time:       464 |        681 |       weakref
import time:        42 |         42 |         _string
import time:       616 |        657 |       string
import time:       712 |        712 |       threading
import time:        56 |         56 |       atexit
import time:      2127 |      15695 |     logging
import time:       188 |        188 |       _datetime
import time:       146 |        334 |     datetime
import time:       209 |        209 |         _socket
import time:        88 |         88 |           math
import time:        64 |         64 |           select
import time:       689 |        841 |         selectors
import time:        77 |         77 |         errno
import time:       117 |        117 |         array
import time:      1613 |       2855 |       socket
import time:       177 |        177 |           _struct
import time:       139 |        315 |         struct
import time:       309 |        309 |         _compat_pickle
import time:       112 |        112 |         _pickle
import time:       883 |       1618 |       pickle
import time:        47 |         47 |           _heapq
import time:       211 |        258 |         heapq
import time:       196 |        196 |         _queue
import time:       288 |        741 |       queue
import time:       202 |        202 |       copy
import time:       806 |       6219 |     logging.handlers
import time:       155 |        155 |       fnmatch
import time:       124 |        124 |         urllib
import time:      1396 |       1396 |         ipaddress
import time:      1061 |       2580 |       urllib.parse
import time:       157 |        157 |         _winapi
import time:        57 |         57 |         nt
import time:        51 |         51 |         nt
import time:        51 |         51 |         nt
import time:        46 |         46 |         nt
import time:        46 |         46 |         nt
import time:        53 |         53 |         nt
import time:       128 |        585 |       ntpath
import time:       791 |       4109 |     pathlib
import time:       147 |        147 |             IPython.core
import time:       175 |        321 |           IPython.core.getipython
import time:        96 |         96 |           IPython.core.release
import time:        98 |         98 |               zlib
import time:       242 |        242 |                 _compression
import time:       289 |        289 |                 _bz2
import time:       387 |        917 |               bz2
import time:       345 |        345 |                 _lzma
import time:       286 |        631 |               lzma
import time:       782 |       2427 |             shutil
import time:        52 |         52 |                     _typing
import time:      2685 |       2737 |                   typing
import time:      1244 |       1244 |                         _ast
import time:      1500 |       2744 |                       ast
import time:        40 |         40 |                           _opcode
import time:       487 |        527 |                         opcode
import time:       953 |       1479 |                       dis
import time:       239 |        239 |                         importlib
import time:        89 |        327 |                       importlib.machinery
import time:      2578 |       7126 |                     inspect
import time:       177 |        177 |                       traitlets.utils
import time:       290 |        466 |                     traitlets.utils.bunch
import time:       150 |        150 |                     traitlets.utils.descriptions
import time:       116 |        116 |                     traitlets.utils.getargspec
import time:        98 |         98 |                     traitlets.utils.importstring
import time:       118 |        118 |                     traitlets.utils.sentinel
import time:       116 |        116 |                     traitlets.utils.warnings
import time:      4569 |      12756 |                   traitlets.traitlets
import time:       297 |        297 |                   traitlets._version
import time:       152 |        152 |                   traitlets.utils.decorators
import time:       301 |      16241 |                 traitlets
import time:       235 |        235 |                         _json
import time:       486 |        721 |                       json.scanner
import time:       422 |       1142 |                     json.decoder
import time:       453 |        453 |                     json.encoder
import time:       232 |       1827 |                   json
import time:       693 |        693 |                     dataclasses
import time:       381 |       1073 |                   pprint
import time:       675 |        675 |                     socketserver
import time:      1364 |       2038 |                   logging.config
import time:       191 |        191 |                     traitlets.utils.text
import time:      1085 |       1085 |                         gettext
import time:      1317 |       2402 |                       argparse
import time:      1496 |       3898 |                     traitlets.config.loader
import time:      1074 |       5161 |                   traitlets.config.configurable
import time:       138 |        138 |                   traitlets.utils.nested_update
import time:      1247 |      11482 |                 traitlets.config.application
import time:       168 |      27889 |               traitlets.config
import time:        26 |      27914 |             traitlets.config.application
import time:      1333 |       1333 |                       html.entities
import time:       415 |       1747 |                     html
import time:       816 |        816 |                         executing._utils
import time:       303 |        303 |                           executing._exceptions
import time:       729 |       1031 |                         executing._position_node_finder
import time:       921 |       2768 |                       executing.executing
import time:       181 |        181 |                       executing._pytest_utils
import time:       126 |        126 |                       executing.version
import time:       357 |       3429 |                     executing
import time:        60 |         60 |                             _bisect
import time:       158 |        218 |                           bisect
import time:       253 |        470 |                         asttokens.line_numbers
import time:        94 |         94 |                               astroid
import time:        43 |        137 |                             astroid.nodes
import time:      1965 |       2101 |                           asttokens.util
import time:       358 |       2459 |                         asttokens.asttokens
import time:       204 |       3131 |                       asttokens
import time:        25 |       3156 |                     asttokens.util
import time:       496 |        496 |                                 numbers
import time:       885 |       1380 |                               _decimal
import time:       157 |       1537 |                             decimal
import time:      1756 |       1756 |                             fractions
import time:       345 |       3637 |                           pure_eval.utils
import time:       170 |       3807 |                         pure_eval.my_getattr_static
import time:       456 |       4262 |                       pure_eval.core
import time:       119 |        119 |                       pure_eval.version
import time:       197 |       4577 |                     pure_eval
import time:       519 |        519 |                     stack_data.utils
import time:      1573 |      15000 |                   stack_data.core
import time:       350 |        350 |                   stack_data.formatting
import time:       273 |        273 |                   stack_data.serializing
import time:       134 |        134 |                   stack_data.version
import time:       260 |      16015 |                 stack_data
import time:       172 |        172 |                     pygments
import time:       279 |        279 |                     pygments.formatters._mapping
import time:        80 |         80 |                           _csv
import time:       364 |        444 |                         csv
import time:       146 |        146 |                         email
import time:       100 |        100 |                           binascii
import time:       182 |        182 |                             importlib._abc
import time:       136 |        318 |                           importlib.util
import time:       134 |        134 |                             zipfile._path.glob
import time:       393 |        526 |                           zipfile._path
import time:      1050 |       1992 |                         zipfile
import time:       178 |        178 |                             quopri
import time:        55 |         55 |                                 _random
import time:        65 |         65 |                                 _sha2
import time:       450 |        569 |                               random
import time:       108 |        108 |                                     _locale
import time:      1510 |       1618 |                                   locale
import time:      1106 |       2724 |                                 calendar
import time:       300 |       3023 |                               email._parseaddr
import time:       407 |        407 |                                   base64
import time:       144 |        551 |                                 email.base64mime
import time:       261 |        261 |                                 email.quoprimime
import time:       670 |        670 |                                 email.errors
import time:       136 |        136 |                                 email.encoders
import time:       267 |       1884 |                               email.charset
import time:       545 |       6020 |                             email.utils
import time:       693 |        693 |                               email.header
import time:       376 |       1069 |                             email._policybase
import time:       298 |        298 |                             email._encoded_words
import time:       131 |        131 |                             email.iterators
import time:       673 |       8367 |                           email.message
import time:        96 |         96 |                             importlib.metadata._functools
import time:       165 |        261 |                           importlib.metadata._text
import time:       486 |       9113 |                         importlib.metadata._adapters
import time:       432 |        432 |                         importlib.metadata._meta
import time:       297 |        297 |                         importlib.metadata._collections
import time:       129 |        129 |                         importlib.metadata._itertools
import time:       614 |        614 |                               tempfile
import time:       405 |        405 |                               importlib.resources.abc
import time:       311 |        311 |                               importlib.resources._adapters
import time:       440 |       1768 |                             importlib.resources._common
import time:       210 |        210 |                             importlib.resources._legacy
import time:       145 |       2122 |                           importlib.resources
import time:       415 |       2537 |                         importlib.abc
import time:      1363 |      16447 |                       importlib.metadata
import time:       134 |      16580 |                     pygments.plugin
import time:       768 |        768 |                     pygments.util
import time:       267 |      18064 |                   pygments.formatters
import time:       191 |        191 |                       pygments.styles._mapping
import time:       160 |        350 |                     pygments.styles
import time:       145 |        495 |                   pygments.formatter
import time:       195 |        195 |                   pygments.console
import time:       420 |        420 |                     pygments.token
import time:       338 |        758 |                   pygments.style
import time:       270 |      19779 |                 pygments.formatters.terminal256
import time:       154 |        154 |                 IPython.utils
import time:       311 |        311 |                   glob
import time:      1556 |       1556 |                         signal
import time:       107 |        107 |                         fcntl
import time:        87 |         87 |                         msvcrt
import time:        35 |         35 |                         _posixsubprocess
import time:       702 |       2485 |                       subprocess
import time:       300 |        300 |                         shlex
import time:        82 |         82 |                             _wmi
import time:       678 |        759 |                           platform
import time:       143 |        143 |                           IPython.utils.encoding
import time:       528 |       1429 |                         IPython.utils.py3compat
import time:       250 |       1979 |                       IPython.utils._process_common
import time:       170 |       4633 |                     IPython.utils._process_posix
import time:       145 |       4777 |                   IPython.utils.process
import time:       290 |       5376 |                 IPython.utils.path
import time:       441 |        441 |                   pygments.styles.monokai
import time:       375 |        375 |                   pygments.styles.default
import time:       338 |        338 |                   pygments.styles.pastie
import time:       496 |        496 |                   pygments.styles.gruvbox
import time:     14365 |      16013 |                 IPython.utils.PyColorize
import time:       176 |        176 |                 IPython.utils.terminal
import time:       303 |        303 |                 IPython.core.display_trap
import time:       365 |        365 |                       pkgutil
import time:       459 |        459 |                       sysconfig
import time:       638 |        638 |                       _sysconfigdata__x86_64-linux-gnu
import time:      1928 |       3389 |                     pydoc
import time:       201 |        201 |                         codeop
import time:       274 |        475 |                       IPython.core.debugger_backport
import time:       248 |        248 |                         cmd
import time:       476 |        476 |                         bdb
import time:       273 |        273 |                         code
import time:       832 |       1827 |                       pdb
import time:       606 |       2907 |                     IPython.core.debugger
import time:       461 |       6756 |                   IPython.core.tbtools
import time:       307 |       7063 |                 IPython.core.doctb
import time:       662 |      65538 |               IPython.core.ultratb
import time:        89 |         89 |                 IPython.utils._sysinfo
import time:       172 |        261 |               IPython.utils.sysinfo
import time:       295 |      66094 |             IPython.core.crashhandler
import time:       103 |        103 |                 IPython.utils.importstring
import time:       196 |        299 |               IPython.paths
import time:       596 |        895 |             IPython.core.profiledir
import time:       840 |      98167 |           IPython.core.application
import time:       124 |        124 |             IPython.terminal
import time:      2106 |       2106 |                 _hashlib
import time:       758 |        758 |                 _blake2
import time:       274 |       3137 |               hashlib
import time:       184 |       3321 |             IPython.core.compilerop
import time:       197 |        197 |               IPython.core.error
import time:       116 |        116 |                 IPython.utils.docs
import time:       141 |        257 |               IPython.utils.decorators
import time:       676 |        676 |               IPython.utils.text
import time:       467 |       1596 |             IPython.core.magic_arguments
import time:       171 |        171 |               getopt
import time:       141 |        141 |                     IPython.core.display_functions
import time:        70 |         70 |                         _winapi
import time:        67 |         67 |                         winreg
import time:       297 |        433 |                       mimetypes
import time:       112 |        112 |                         IPython.testing
import time:       169 |        281 |                       IPython.testing.skipdoctest
import time:       596 |       1310 |                     IPython.core.display
import time:       106 |        106 |                       IPython.lib
import time:       545 |        650 |                     IPython.lib.display
import time:       155 |       2255 |                   IPython.display
import time:       127 |        127 |                   IPython.utils.data
import time:       458 |       2838 |                 IPython.core.page
import time:       551 |        551 |                 IPython.lib.pretty
import time:       362 |        362 |                 IPython.utils.openpy
import time:       122 |        122 |                 IPython.utils.dir2
import time:       161 |        161 |                 IPython.utils.wildcard
import time:      1469 |       1469 |                   pygments.lexers._mapping
import time:       353 |        353 |                   pygments.modeline
import time:       267 |       2087 |                 pygments.lexers
import time:       168 |        168 |                     pygments.filter
import time:       587 |        587 |                     pygments.filters
import time:       217 |        217 |                     pygments.regexopt
import time:       768 |       1739 |                   pygments.lexer
import time:       506 |        506 |                   pygments.unistring
import time:      1101 |       3344 |                 pygments.lexers.python
import time:        81 |         81 |                   ctags
import time:       414 |        495 |                 pygments.formatters.html
import time:      2520 |      12476 |               IPython.core.oinspect
import time:       458 |        458 |                 IPython.utils.tokenutil
import time:      1449 |       1906 |               IPython.core.inputtransformer2
import time:       187 |        187 |               IPython.utils.ipstruct
import time:       916 |      15654 |             IPython.core.magic
import time:       114 |        114 |               runpy
import time:       126 |        126 |                 IPython.external
import time:        73 |         73 |                 cPickle
import time:       311 |        509 |               IPython.external.pickleshare
import time:       188 |        188 |               IPython.core.hooks
import time:       166 |        166 |                 IPython.core.autocall
import time:       260 |        260 |                 IPython.core.macro
import time:       454 |        454 |                 IPython.core.splitinput
import time:      2590 |       3469 |               IPython.core.prefilter
import time:       592 |        592 |               IPython.core.alias
import time:       288 |        288 |               IPython.core.builtin_trap
import time:       546 |        546 |                   decorator
import time:       751 |        751 |                       _sqlite3
import time:       289 |       1040 |                     sqlite3.dbapi2
import time:       182 |       1221 |                   sqlite3
import time:      2708 |       4474 |                 IPython.core.history
import time:       442 |       4916 |               IPython.core.displayhook
import time:       447 |        447 |               IPython.core.displaypub
import time:       199 |        199 |               IPython.core.events
import time:       300 |        300 |               IPython.core.extensions
import time:       123 |        123 |                 IPython.utils.sentinel
import time:      2879 |       3002 |               IPython.core.formatters
import time:       239 |        239 |               IPython.core.logger
import time:       261 |        261 |               IPython.core.payload
import time:       169 |        169 |               IPython.core.tips
import time:       120 |        120 |               IPython.core.usage
import time:      1150 |       1150 |                 IPython.utils.capture
import time:       164 |       1313 |               IPython.utils.io
import time:       140 |        140 |               IPython.utils.strdispatch
import time:       125 |        125 |               IPython.utils.syspathcontext
import time:        80 |         80 |                 docrepr
import time:        37 |        116 |               docrepr.sphinxify
import time:       147 |        147 |                       concurrent
import time:       649 |        649 |                       concurrent.futures._base
import time:       200 |        995 |                     concurrent.futures
import time:      1402 |       1402 |                       _ssl
import time:      2506 |       3908 |                     ssl
import time:       342 |        342 |                     asyncio.constants
import time:       152 |        152 |                     asyncio.coroutines
import time:       203 |        203 |                         _contextvars
import time:       147 |        349 |                       contextvars
import time:       184 |        184 |                       asyncio.format_helpers
import time:       186 |        186 |                         asyncio.base_futures
import time:       261 |        261 |                         asyncio.exceptions
import time:       157 |        157 |                         asyncio.base_tasks
import time:       572 |       1175 |                       _asyncio
import time:       548 |       2254 |                     asyncio.events
import time:       278 |        278 |                     asyncio.futures
import time:       210 |        210 |                     asyncio.protocols
import time:       330 |        330 |                       asyncio.transports
import time:       126 |        126 |                       asyncio.log
import time:       765 |       1221 |                     asyncio.sslproto
import time:       133 |        133 |                         asyncio.mixins
import time:       497 |        630 |                       asyncio.locks
import time:       436 |        436 |                         asyncio.timeouts
import time:       451 |        887 |                       asyncio.tasks
import time:       307 |       1823 |                     asyncio.staggered
import time:       159 |        159 |                     asyncio.trsock
import time:      1103 |      12439 |                   asyncio.base_events
import time:       342 |        342 |                   asyncio.runners
import time:       292 |        292 |                   asyncio.queues
import time:       378 |        378 |                   asyncio.streams
import time:       265 |        265 |                   asyncio.subprocess
import time:       177 |        177 |                   asyncio.taskgroups
import time:       103 |        103 |                   asyncio.threads
import time:       276 |        276 |                     asyncio.base_subprocess
import time:       634 |        634 |                     asyncio.selector_events
import time:       915 |       1824 |                   asyncio.unix_events
import time:       270 |      16086 |                 asyncio
import time:       177 |      16262 |               IPython.core.async_helpers
import time:      2945 |      35702 |             IPython.core.interactiveshell
import time:       225 |        225 |                         prompt_toolkit.application.current
import time:       158 |        158 |                               prompt_toolkit.eventloop.utils
import time:       267 |        424 |                             prompt_toolkit.eventloop.async_generator
import time:       244 |        244 |                             prompt_toolkit.eventloop.inputhook
import time:       143 |        811 |                           prompt_toolkit.eventloop
import time:       155 |        965 |                         prompt_toolkit.application.run_in_terminal
import time:       440 |        440 |                                 prompt_toolkit.selection
import time:       273 |        713 |                               prompt_toolkit.clipboard.base
import time:       179 |        179 |                               prompt_toolkit.clipboard.in_memory
import time:       185 |       1076 |                             prompt_toolkit.clipboard
import time:       322 |        322 |                                 prompt_toolkit.cache
import time:       220 |        220 |                                 prompt_toolkit.enums
import time:       352 |        352 |                                 prompt_toolkit.filters.base
import time:       302 |       1195 |                               prompt_toolkit.filters.app
import time:       162 |        162 |                               prompt_toolkit.filters.cli
import time:       117 |        117 |                               prompt_toolkit.filters.utils
import time:       185 |       1657 |                             prompt_toolkit.filters
import time:      1942 |       4674 |                           prompt_toolkit.document
import time:       324 |       4997 |                         prompt_toolkit.auto_suggest
import time:      2430 |       2430 |                                               prompt_toolkit.keys
import time:       820 |       3249 |                                             prompt_toolkit.key_binding.key_bindings
import time:       136 |        136 |                                                     wcwidth.table_vs16
import time:       160 |        160 |                                                     wcwidth.table_wide
import time:       356 |        356 |                                                     wcwidth.table_zero
import time:       106 |        106 |                                                     wcwidth.unicode_versions
import time:       255 |       1011 |                                                   wcwidth.wcwidth
import time:       266 |       1277 |                                                 wcwidth
import time:       403 |       1679 |                                               prompt_toolkit.utils
import time:       348 |       2027 |                                             prompt_toolkit.key_binding.key_processor
import time:       134 |       5409 |                                           prompt_toolkit.key_binding
import time:       387 |       5795 |                                         prompt_toolkit.key_binding.vi_state
import time:       626 |       6421 |                                       prompt_toolkit.cursor_shapes
import time:       670 |        670 |                                       prompt_toolkit.data_structures
import time:       722 |        722 |                                         prompt_toolkit.styles.base
import time:       173 |        173 |                                           prompt_toolkit.styles.named_colors
import time:       629 |        629 |                                           prompt_toolkit.styles.style
import time:       345 |       1146 |                                         prompt_toolkit.styles.defaults
import time:       196 |        196 |                                         prompt_toolkit.styles.pygments
import time:       147 |        147 |                                           colorsys
import time:       459 |        605 |                                         prompt_toolkit.styles.style_transformation
import time:       326 |       2994 |                                       prompt_toolkit.styles
import time:       600 |        600 |                                       prompt_toolkit.output.color_depth
import time:       344 |      11026 |                                     prompt_toolkit.output.base
import time:       173 |        173 |                                         prompt_toolkit.output.flush_stdout
import time:       406 |        578 |                                       prompt_toolkit.output.plain_text
import time:       158 |        735 |                                     prompt_toolkit.output.defaults
import time:       124 |      11883 |                                   prompt_toolkit.output
import time:       571 |      12454 |                                 prompt_toolkit.output.vt100
import time:       469 |        469 |                                   prompt_toolkit.mouse_events
import time:       422 |        891 |                                 prompt_toolkit.formatted_text.base
import time:       527 |      13871 |                               prompt_toolkit.formatted_text.ansi
import time:       214 |        214 |                                     xml
import time:       161 |        161 |                                     xml.dom.domreg
import time:       447 |        821 |                                   xml.dom
import time:       190 |        190 |                                   xml.dom.minicompat
import time:       291 |        291 |                                     xml.dom.NodeFilter
import time:       344 |        634 |                                   xml.dom.xmlbuilder
import time:      1140 |       2784 |                                 xml.dom.minidom
import time:       227 |       3010 |                               prompt_toolkit.formatted_text.html
import time:       145 |        145 |                               prompt_toolkit.formatted_text.pygments
import time:       190 |        190 |                               prompt_toolkit.formatted_text.utils
import time:       165 |      17380 |                             prompt_toolkit.formatted_text
import time:       399 |      17778 |                           prompt_toolkit.completion.base
import time:       152 |        152 |                           prompt_toolkit.completion.deduplicate
import time:       321 |        321 |                           prompt_toolkit.completion.filesystem
import time:       164 |        164 |                             prompt_toolkit.completion.word_completer
import time:       504 |        667 |                           prompt_toolkit.completion.fuzzy_completer
import time:       263 |        263 |                           prompt_toolkit.completion.nested
import time:       211 |      19389 |                         prompt_toolkit.completion
import time:       403 |        403 |                         prompt_toolkit.history
import time:       312 |        312 |                         prompt_toolkit.search
import time:       279 |        279 |                         prompt_toolkit.validation
import time:      1329 |      27896 |                       prompt_toolkit.buffer
import time:       266 |        266 |                           prompt_toolkit.input.base
import time:       168 |        168 |                           prompt_toolkit.input.defaults
import time:       154 |        587 |                         prompt_toolkit.input
import time:        55 |        641 |                       prompt_toolkit.input.base
import time:       136 |        136 |                       prompt_toolkit.input.typeahead
import time:        97 |         97 |                         prompt_toolkit.key_binding.bindings
import time:       126 |        126 |                         prompt_toolkit.key_binding.bindings.scroll
import time:       182 |        404 |                       prompt_toolkit.key_binding.bindings.page_navigation
import time:       426 |        426 |                                       prompt_toolkit.lexers.base
import time:       608 |        608 |                                       prompt_toolkit.lexers.pygments
import time:       160 |       1193 |                                     prompt_toolkit.lexers
import time:       591 |        591 |                                       prompt_toolkit.layout.utils
import time:       758 |       1349 |                                     prompt_toolkit.layout.processors
import time:       743 |       3284 |                                   prompt_toolkit.layout.controls
import time:       232 |        232 |                                   prompt_toolkit.layout.dimension
import time:       278 |        278 |                                   prompt_toolkit.layout.margins
import time:       147 |        147 |                                   prompt_toolkit.layout.mouse_handlers
import time:       253 |        253 |                                   prompt_toolkit.layout.screen
import time:      2326 |       6518 |                                 prompt_toolkit.layout.containers
import time:       324 |        324 |                                 prompt_toolkit.layout.layout
import time:       422 |        422 |                                 prompt_toolkit.layout.menus
import time:       262 |        262 |                                 prompt_toolkit.layout.scrollable_pane
import time:       282 |       7805 |                               prompt_toolkit.layout
import time:        52 |       7856 |                             prompt_toolkit.layout.controls
import time:       182 |        182 |                             prompt_toolkit.key_binding.bindings.completion
import time:       633 |       8670 |                           prompt_toolkit.key_binding.bindings.named_commands
import time:       178 |       8848 |                         prompt_toolkit.key_binding.bindings.basic
import time:       134 |        134 |                         prompt_toolkit.key_binding.bindings.cpr
import time:       300 |        300 |                         prompt_toolkit.key_binding.bindings.emacs
import time:       221 |        221 |                         prompt_toolkit.key_binding.bindings.mouse
import time:       282 |        282 |                             prompt_toolkit.input.ansi_escape_sequences
import time:       655 |        937 |                           prompt_toolkit.input.vt100_parser
import time:       579 |        579 |                           prompt_toolkit.key_binding.digraphs
import time:      1016 |       2531 |                         prompt_toolkit.key_binding.bindings.vi
import time:       154 |      12185 |                       prompt_toolkit.key_binding.defaults
import time:       199 |        199 |                       prompt_toolkit.key_binding.emacs_state
import time:       131 |        131 |                       prompt_toolkit.layout.dummy
import time:       508 |        508 |                       prompt_toolkit.renderer
import time:       793 |      42890 |                     prompt_toolkit.application.application
import time:       227 |        227 |                     prompt_toolkit.application.dummy
import time:       259 |      43375 |                   prompt_toolkit.application
import time:       457 |        457 |                           prompt_toolkit.widgets.toolbars
import time:       698 |       1154 |                         prompt_toolkit.widgets.base
import time:       118 |        118 |                           prompt_toolkit.key_binding.bindings.focus
import time:       200 |        317 |                         prompt_toolkit.widgets.dialogs
import time:       263 |        263 |                         prompt_toolkit.widgets.menus
import time:       154 |       1888 |                       prompt_toolkit.widgets
import time:       284 |       2171 |                     prompt_toolkit.shortcuts.choice_input
import time:       224 |        224 |                     prompt_toolkit.shortcuts.dialogs
import time:       174 |        174 |                             xml.parsers
import time:       165 |        165 |                               pyexpat
import time:       169 |        334 |                             xml.parsers.expat
import time:       597 |       1104 |                           xml.dom.expatbuilder
import time:      1129 |       2232 |                         prompt_toolkit.shortcuts.progress_bar.formatters
import time:       430 |       2662 |                       prompt_toolkit.shortcuts.progress_bar.base
import time:       162 |       2823 |                     prompt_toolkit.shortcuts.progress_bar
import time:       154 |        154 |                       prompt_toolkit.key_binding.bindings.auto_suggest
import time:       154 |        154 |                       prompt_toolkit.key_binding.bindings.open_in_editor
import time:       907 |       1214 |                     prompt_toolkit.shortcuts.prompt
import time:       211 |        211 |                     prompt_toolkit.shortcuts.utils
import time:       189 |       6829 |                   prompt_toolkit.shortcuts
import time:       636 |        636 |                     email.feedparser
import time:       232 |        868 |                   email.parser
import time:      2547 |      53617 |                 prompt_toolkit
import time:        34 |      53651 |               prompt_toolkit.auto_suggest
import time:       255 |        255 |               prompt_toolkit.patch_stdout
import time:        86 |         86 |                   unicodedata
import time:       107 |        107 |                     _uuid
import time:       502 |        608 |                   uuid
import time:      4107 |       4107 |                   IPython.core.guarded_eval
import time:       786 |        786 |                   IPython.core.latex_symbols
import time:       161 |        161 |                   IPython.utils.generics
import time:       541 |        541 |                             parso.utils
import time:       439 |        979 |                           parso.tree
import time:        94 |         94 |                                     parso.python
import time:       880 |        880 |                                     parso.python.token
import time:      2528 |       3500 |                                   parso.python.tokenize
import time:       229 |       3729 |                                 parso.pgen2.grammar_parser
import time:       422 |       4150 |                               parso.pgen2.generator
import time:       129 |       4279 |                             parso.pgen2
import time:        29 |       4307 |                           parso.pgen2.generator
import time:       537 |       5822 |                         parso.parser
import time:       125 |        125 |                           parso._compatibility
import time:      1751 |       1751 |                             difflib
import time:       603 |        603 |                                 parso.python.prefix
import time:      1522 |       2125 |                               parso.python.tree
import time:       255 |       2380 |                             parso.python.parser
import time:       521 |       4651 |                           parso.python.diff
import time:        89 |         89 |                             gc
import time:       352 |        440 |                           parso.cache
import time:       494 |        494 |                             parso.normalizer
import time:       955 |       1448 |                           parso.python.errors
import time:       522 |        522 |                           parso.python.pep8
import time:       197 |        197 |                           parso.file_io
import time:       475 |       7854 |                         parso.grammar
import time:       170 |      13845 |                       parso
import time:       360 |        360 |                       jedi.parser_utils
import time:        75 |         75 |                         colorama
import time:       280 |        354 |                       jedi.debug
import time:       151 |        151 |                       jedi.settings
import time:       232 |        232 |                       jedi.cache
import time:       268 |        268 |                       jedi.file_io
import time:       173 |        173 |                                 jedi.inference.cache
import time:       252 |        252 |                                   jedi.inference.helpers
import time:       382 |        382 |                                   jedi.inference.utils
import time:       526 |       1159 |                                 jedi.inference.base_value
import time:       331 |       1663 |                               jedi.inference.sys_path
import time:       190 |        190 |                                       jedi.inference.recursion
import time:       313 |        503 |                                     jedi.inference.flow_analysis
import time:       189 |        189 |                                           jedi.common
import time:       242 |        430 |                                         jedi.inference.lazy_value
import time:       436 |        866 |                                       jedi.inference.docstrings
import time:       156 |        156 |                                       jedi.plugins
import time:       879 |       1900 |                                     jedi.inference.names
import time:       866 |       3268 |                                   jedi.inference.filters
import time:       233 |        233 |                                     jedi.inference.compiled.getattr_static
import time:       848 |       1081 |                                   jedi.inference.compiled.access
import time:       387 |        387 |                                   jedi.inference.signature
import time:       541 |        541 |                                   jedi.inference.context
import time:       724 |       5999 |                                 jedi.inference.compiled.value
import time:       227 |       6225 |                               jedi.inference.compiled
import time:       255 |        255 |                               jedi.inference.analysis
import time:       111 |        111 |                                 jedi.inference.gradual
import time:       402 |        402 |                                       jedi.inference.value.module
import time:       401 |        401 |                                             jedi.inference.value.dynamic_arrays
import time:       959 |       1360 |                                           jedi.inference.value.iterable
import time:       400 |       1760 |                                         jedi.inference.arguments
import time:       112 |        112 |                                           jedi.inference.parser_cache
import time:       208 |        208 |                                           jedi.inference.gradual.generics
import time:       637 |        956 |                                         jedi.inference.value.function
import time:       648 |       3362 |                                       jedi.inference.value.klass
import time:       936 |        936 |                                       jedi.inference.value.instance
import time:       324 |       5022 |                                     jedi.inference.value
import time:        35 |       5057 |                                   jedi.inference.value.module
import time:       759 |        759 |                                     jedi.inference.gradual.base
import time:       403 |        403 |                                     jedi.inference.gradual.type_var
import time:       679 |       1840 |                                   jedi.inference.gradual.typing
import time:       466 |       7362 |                                 jedi.inference.gradual.stub_value
import time:       492 |       7964 |                               jedi.inference.gradual.typeshed
import time:       132 |        132 |                                   jedi._compatibility
import time:       276 |        276 |                                   jedi.inference.compiled.subprocess.functions
import time:       168 |        168 |                                   jedi.api.exceptions
import time:      1155 |       1730 |                                 jedi.inference.compiled.subprocess
import time:        56 |       1786 |                               jedi.inference.compiled.subprocess.functions
import time:       566 |      18455 |                             jedi.inference.imports
import time:       246 |        246 |                                 jedi.inference.param
import time:       247 |        493 |                               jedi.inference.gradual.annotation
import time:       139 |        139 |                               jedi.inference.value.decorator
import time:       489 |       1120 |                             jedi.inference.syntax_tree
import time:       268 |      19842 |                           jedi.inference
import time:        26 |      19867 |                         jedi.inference.utils
import time:       160 |        160 |                           jedi.inference.gradual.conversion
import time:       339 |        499 |                         jedi.inference.compiled.mixed
import time:       118 |        118 |                           pydoc_data
import time:      1149 |       1149 |                           pydoc_data.topics
import time:       243 |       1509 |                         jedi.api.keywords
import time:       317 |        317 |                         jedi.api.completion_cache
import time:       456 |        456 |                         jedi.api.helpers
import time:       637 |      23283 |                       jedi.api.classes
import time:       224 |        224 |                       jedi.api.interpreter
import time:       164 |        164 |                         jedi.api.strings
import time:       175 |        175 |                         jedi.api.file_name
import time:       154 |        154 |                         jedi.inference.docstring_utils
import time:       672 |       1164 |                       jedi.api.completion
import time:       257 |        257 |                         filecmp
import time:       502 |        759 |                       jedi.api.environment
import time:       223 |        223 |                         jedi.inference.references
import time:       317 |        539 |                       jedi.api.project
import time:       136 |        136 |                       jedi.api.errors
import time:       268 |        268 |                         jedi.inference.value.namespace
import time:       294 |        562 |                       jedi.api.refactoring
import time:       307 |        307 |                       jedi.api.refactoring.extract
import time:       111 |        111 |                       jedi.inference.gradual.utils
import time:       751 |      43040 |                     jedi.api
import time:       914 |        914 |                       jedi.plugins.stdlib
import time:       114 |        114 |                       jedi.plugins.flask
import time:       223 |        223 |                       jedi.plugins.pytest
import time:       461 |        461 |                       jedi.plugins.django
import time:       279 |       1989 |                     jedi.plugins.registry
import time:       209 |      45237 |                   jedi
import time:      4210 |      55192 |                 IPython.core.completer
import time:       275 |        275 |                 IPython.terminal.ptutils
import time:       165 |        165 |                   IPython.terminal.shortcuts.auto_match
import time:      1022 |       1022 |                     IPython.terminal.shortcuts.filters
import time:       441 |       1462 |                   IPython.terminal.shortcuts.auto_suggest
import time:      3042 |       4669 |                 IPython.terminal.shortcuts
import time:       286 |        286 |                 concurrent.futures.thread
import time:       394 |      60815 |               IPython.terminal.debugger
import time:       165 |        165 |                 IPython.lib.clipboard
import time:       378 |        542 |               IPython.terminal.magics
import time:       207 |        207 |               IPython.terminal.pt_inputhooks
import time:       452 |        452 |               IPython.terminal.prompts
import time:      1984 |     117902 |             IPython.terminal.interactiveshell
import time:       331 |        331 |                 IPython.core.magics.auto
import time:      2391 |       2391 |                 IPython.core.magics.basic
import time:       825 |        825 |                       http
import time:      1025 |       1850 |                     http.client
import time:       332 |        332 |                       urllib.response
import time:       225 |        557 |                     urllib.error
import time:      1409 |       3814 |                   urllib.request
import time:       143 |        143 |                   IPython.utils.contexts
import time:       781 |       4737 |                 IPython.core.magics.code
import time:       400 |        400 |                 IPython.core.magics.config
import time:       693 |        693 |                 IPython.core.magics.display
import time:       216 |        216 |                     _lsprof
import time:      1171 |       1171 |                     profile
import time:       261 |       1647 |                   cProfile
import time:      1665 |       1665 |                   pstats
import time:       240 |        240 |                   timeit
import time:       131 |        131 |                   IPython.utils.module_paths
import time:       196 |        196 |                     resource
import time:       132 |        328 |                   IPython.utils.timing
import time:       264 |        264 |                   IPython.core.magics.ast_mod
import time:     18005 |      22276 |                 IPython.core.magics.execution
import time:       326 |        326 |                 IPython.core.magics.extension
import time:      1696 |       1696 |                 IPython.core.magics.history
import time:       335 |        335 |                 IPython.core.magics.logging
import time:       442 |        442 |                 IPython.core.magics.namespace
import time:      1136 |       1136 |                 IPython.core.magics.osm
import time:       351 |        351 |                 IPython.core.magics.packaging
import time:      1414 |       1414 |                 IPython.core.magics.pylab
import time:      1453 |       1453 |                 IPython.core.magics.script
import time:       548 |      38523 |               IPython.core.magics
import time:       896 |        896 |               IPython.core.shellapp
import time:       122 |        122 |                 IPython.extensions
import time:       420 |        541 |               IPython.extensions.storemagic
import time:      1332 |      41290 |             IPython.terminal.ipapp
import time:      2120 |     217706 |           IPython.terminal.embed
import time:       169 |        169 |           IPython.utils.frame
import time:       422 |     316878 |         IPython
import time:        20 |     316897 |       IPython.core
import time:        20 |     316916 |     IPython.core.interactiveshell
import time:       109 |        109 |       elastic_notebook.algorithm
import time:       198 |        198 |         numpy.version
import time:       127 |        127 |         numpy._expired_attrs_2_0
import time:       160 |        160 |             numpy._utils._convertions
import time:       154 |        313 |           numpy._utils
import time:       310 |        623 |         numpy._globals
import time:        53 |         53 |           numpy._distributor_init_local
import time:       181 |        234 |         numpy._distributor_init
import time:       274 |        274 |                   numpy.exceptions
import time:       298 |        298 |                   numpy._core._exceptions
import time:       134 |        134 |                   numpy._core.printoptions
import time:       301 |        301 |                   numpy.dtypes
import time:      7916 |       8922 |                 numpy._core._multiarray_umath
import time:       175 |        175 |                   numpy._utils._inspect
import time:       331 |        505 |                 numpy._core.overrides
import time:      1836 |      11262 |               numpy._core.multiarray
import time:       239 |        239 |               numpy._core.umath
import time:       183 |        183 |                 numpy._core._dtype
import time:       126 |        126 |                 numpy._core._string_helpers
import time:       325 |        325 |                 numpy._core._type_aliases
import time:       453 |       1086 |               numpy._core.numerictypes
import time:       254 |        254 |                       numpy._core._methods
import time:       965 |       1218 |                     numpy._core.fromnumeric
import time:       367 |       1585 |                   numpy._core.shape_base
import time:       203 |        203 |                   numpy._core._ufunc_config
import time:       146 |        146 |                   numpy._core._asarray
import time:       728 |        728 |                   numpy._core.arrayprint
import time:      1044 |       3704 |                 numpy._core.numeric
import time:       439 |       4143 |               numpy._core.einsumfunc
import time:       254 |        254 |               numpy._core.function_base
import time:       264 |        264 |               numpy._core.getlimits
import time:       224 |        224 |               numpy._core.memmap
import time:       361 |        361 |               numpy._core.records
import time:      6548 |       6548 |               numpy._core._add_newdocs
import time:      1518 |       1518 |               numpy._core._add_newdocs_scalars
import time:       148 |        148 |               numpy._core._dtype_ctypes
import time:       545 |        545 |                   _ctypes
import time:       327 |        327 |                   ctypes._endian
import time:       995 |       1866 |                 ctypes
import time:       763 |       2629 |               numpy._core._internal
import time:       159 |        159 |               numpy._pytesttester
import time:       619 |      29447 |             numpy._core
import time:        29 |      29475 |           numpy._core._multiarray_umath
import time:       346 |      29821 |         numpy.__config__
import time:       225 |        225 |                           numpy._typing._nbit_base
import time:       225 |        225 |                           numpy._typing._nested_sequence
import time:       109 |        109 |                           numpy._typing._shape
import time:      2278 |       2836 |                         numpy._typing._array_like
import time:      1853 |       1853 |                         numpy._typing._char_codes
import time:      2265 |       2265 |                         numpy._typing._dtype_like
import time:       169 |        169 |                         numpy._typing._nbit
import time:       130 |        130 |                         numpy._typing._scalars
import time:       110 |        110 |                         numpy._typing._ufunc
import time:       349 |       7710 |                       numpy._typing
import time:       379 |        379 |                         numpy.lib._stride_tricks_impl
import time:       367 |        745 |                       numpy.lib._twodim_base_impl
import time:       121 |        121 |                         numpy.lib._array_utils_impl
import time:       128 |        248 |                       numpy.lib.array_utils
import time:       334 |        334 |                       numpy.linalg._umath_linalg
import time:      1680 |      10716 |                     numpy.linalg._linalg
import time:       174 |      10889 |                   numpy.linalg
import time:       334 |      11222 |                 numpy.matrixlib.defmatrix
import time:       135 |      11357 |               numpy.matrixlib
import time:       336 |        336 |                 numpy.lib._histograms_impl
import time:      1298 |       1633 |               numpy.lib._function_base_impl
import time:       432 |      13421 |             numpy.lib._index_tricks_impl
import time:       312 |      13732 |           numpy.lib._arraypad_impl
import time:       916 |        916 |           numpy.lib._arraysetops_impl
import time:       193 |        193 |           numpy.lib._arrayterator_impl
import time:       468 |        468 |           numpy.lib._nanfunctions_impl
import time:       264 |        264 |                 numpy.lib._utils_impl
import time:       274 |        538 |               numpy.lib._format_impl
import time:       133 |        670 |             numpy.lib.format
import time:       437 |        437 |             numpy.lib._datasource
import time:       416 |        416 |             numpy.lib._iotools
import time:       715 |       2237 |           numpy.lib._npyio_impl
import time:       217 |        217 |               numpy.lib._ufunclike_impl
import time:       321 |        538 |             numpy.lib._type_check_impl
import time:       615 |       1152 |           numpy.lib._polynomial_impl
import time:       518 |        518 |           numpy.lib._shape_base_impl
import time:       161 |        161 |           numpy.lib._version
import time:       111 |        111 |           numpy.lib.introspect
import time:       206 |        206 |           numpy.lib.mixins
import time:        96 |         96 |           numpy.lib.npyio
import time:       270 |        270 |             numpy.lib._scimath_impl
import time:        94 |        364 |           numpy.lib.scimath
import time:       112 |        112 |           numpy.lib.stride_tricks
import time:       505 |      20764 |         numpy.lib
import time:       203 |        203 |         numpy._array_api_info
import time:      1392 |      53359 |       numpy
import time:       355 |        355 |       elastic_notebook.algorithm.selector
import time:       291 |      54113 |     elastic_notebook.algorithm.baseline
import time:       189 |        189 |         networkx.lazy_imports
import time:       346 |        346 |         networkx.exception
import time:       454 |        454 |           networkx.utils.misc
import time:       515 |        515 |             gzip
import time:       592 |       1106 |           networkx.utils.decorators
import time:       231 |        231 |           networkx.utils.random_sequence
import time:       164 |        164 |           networkx.utils.union_find
import time:       145 |        145 |           networkx.utils.rcm
import time:       250 |        250 |           networkx.utils.heaps
import time:       635 |        635 |           networkx.utils.configs
import time:     12931 |      12931 |           networkx.utils.backends
import time:       255 |      16167 |         networkx.utils
import time:       284 |        284 |             networkx.convert
import time:       524 |        524 |             networkx.classes.coreviews
import time:      1033 |       1033 |             networkx.classes.reportviews
import time:       496 |       2336 |           networkx.classes.graph
import time:       369 |        369 |           networkx.classes.digraph
import time:       311 |        311 |           networkx.classes.multigraph
import time:       278 |        278 |           networkx.classes.multidigraph
import time:       622 |        622 |           networkx.classes.function
import time:       150 |        150 |             networkx.classes.filters
import time:       193 |        343 |           networkx.classes.graphviews
import time:       281 |       4537 |         networkx.classes
import time:       385 |        385 |         networkx.convert_matrix
import time:       224 |        224 |         networkx.relabel
import time:        86 |         86 |                 importlib.resources._itertools
import time:       289 |        374 |               importlib.resources.readers
import time:       102 |        475 |             importlib.readers
import time:       328 |        803 |           networkx.generators.atlas
import time:       657 |        657 |           networkx.generators.classic
import time:       165 |        165 |           networkx.generators.cographs
import time:       429 |        429 |           networkx.generators.community
import time:       461 |        461 |           networkx.generators.degree_seq
import time:       338 |        338 |           networkx.generators.directed
import time:       209 |        209 |           networkx.generators.duplication
import time:       144 |        144 |           networkx.generators.ego
import time:       282 |        282 |           networkx.generators.expanders
import time:       490 |        490 |           networkx.generators.geometric
import time:       255 |        255 |           networkx.generators.harary_graph
import time:       253 |        253 |           networkx.generators.internet_as_graphs
import time:       228 |        228 |           networkx.generators.intersection
import time:       144 |        144 |           networkx.generators.interval_graph
import time:       249 |        249 |           networkx.generators.joint_degree_seq
import time:       280 |        280 |           networkx.generators.lattice
import time:       264 |        264 |           networkx.generators.line
import time:       178 |        178 |           networkx.generators.mycielski
import time:       192 |        192 |           networkx.generators.nonisomorphic_trees
import time:       140 |        140 |           networkx.generators.random_clustered
import time:       700 |        700 |           networkx.generators.random_graphs
import time:       625 |        625 |           networkx.generators.small
import time:       302 |        302 |           networkx.generators.social
import time:       177 |        177 |           networkx.generators.spectral_graph_forge
import time:       154 |        154 |           networkx.generators.stochastic
import time:       136 |        136 |           networkx.generators.sudoku
import time:       162 |        162 |           networkx.generators.time_series
import time:       387 |        387 |           networkx.generators.trees
import time:       152 |        152 |           networkx.generators.triads
import time:       536 |       9478 |         networkx.generators
import time:       255 |        255 |           networkx.readwrite.adjlist
import time:       305 |        305 |           networkx.readwrite.multiline_adjlist
import time:       221 |        221 |           networkx.readwrite.edgelist
import time:       218 |        218 |           networkx.readwrite.pajek
import time:       185 |        185 |           networkx.readwrite.leda
import time:       223 |        223 |             networkx.readwrite.graph6
import time:       211 |        434 |           networkx.readwrite.sparse6
import time:       716 |        716 |           networkx.readwrite.gml
import time:       601 |        601 |           networkx.readwrite.graphml
import time:       120 |        120 |               xml.etree
import time:       531 |        531 |               xml.etree.ElementPath
import time:       115 |        115 |               _elementtree
import time:       982 |       1747 |             xml.etree.ElementTree
import time:       480 |       2227 |           networkx.readwrite.gexf
import time:       197 |        197 |             networkx.readwrite.json_graph.node_link
import time:       139 |        139 |             networkx.readwrite.json_graph.adjacency
import time:       140 |        140 |             networkx.readwrite.json_graph.tree
import time:       132 |        132 |             networkx.readwrite.json_graph.cytoscape
import time:       157 |        763 |           networkx.readwrite.json_graph
import time:       360 |        360 |           networkx.readwrite.text
import time:       278 |       6558 |         networkx.readwrite
import time:       199 |        199 |             networkx.algorithms.assortativity.connectivity
import time:       148 |        148 |                 networkx.algorithms.assortativity.pairs
import time:      1016 |       1163 |               networkx.algorithms.assortativity.mixing
import time:       233 |       1396 |             networkx.algorithms.assortativity.correlation
import time:       192 |        192 |             networkx.algorithms.assortativity.neighbor_degree
import time:       219 |       2004 |           networkx.algorithms.assortativity
import time:       205 |        205 |           networkx.algorithms.asteroidal
import time:       172 |        172 |           networkx.algorithms.boundary
import time:       231 |        231 |           networkx.algorithms.broadcasting
import time:       213 |        213 |           networkx.algorithms.bridges
import time:       169 |        169 |           networkx.algorithms.chains
import time:       322 |        322 |                   networkx.algorithms.shortest_paths.generic
import time:       347 |        347 |                   networkx.algorithms.shortest_paths.unweighted
import time:       652 |        652 |                   networkx.algorithms.shortest_paths.weighted
import time:       187 |        187 |                   networkx.algorithms.shortest_paths.astar
import time:       196 |        196 |                   networkx.algorithms.shortest_paths.dense
import time:       204 |       1904 |                 networkx.algorithms.shortest_paths
import time:        25 |       1929 |               networkx.algorithms.shortest_paths.weighted
import time:       294 |       2223 |             networkx.algorithms.centrality.betweenness
import time:       278 |        278 |             networkx.algorithms.centrality.betweenness_subset
import time:       190 |        190 |             networkx.algorithms.centrality.closeness
import time:       243 |        243 |               networkx.algorithms.centrality.flow_matrix
import time:       233 |        475 |             networkx.algorithms.centrality.current_flow_betweenness
import time:       237 |        237 |             networkx.algorithms.centrality.current_flow_betweenness_subset
import time:       166 |        166 |             networkx.algorithms.centrality.current_flow_closeness
import time:       176 |        176 |             networkx.algorithms.centrality.degree_alg
import time:       134 |        134 |             networkx.algorithms.centrality.dispersion
import time:       202 |        202 |             networkx.algorithms.centrality.eigenvector
import time:       336 |        336 |             networkx.algorithms.centrality.group
import time:       154 |        154 |             networkx.algorithms.centrality.harmonic
import time:       298 |        298 |             networkx.algorithms.centrality.katz
import time:       178 |        178 |             networkx.algorithms.centrality.load
import time:       160 |        160 |             networkx.algorithms.centrality.percolation
import time:       197 |        197 |             networkx.algorithms.centrality.reaching
import time:       164 |        164 |             networkx.algorithms.centrality.second_order
import time:       222 |        222 |             networkx.algorithms.centrality.subgraph_alg
import time:       219 |        219 |             networkx.algorithms.centrality.trophic
import time:       144 |        144 |             networkx.algorithms.centrality.voterank_alg
import time:       175 |        175 |             networkx.algorithms.centrality.laplacian
import time:       371 |       6686 |           networkx.algorithms.centrality
import time:       263 |        263 |               networkx.algorithms.components.connected
import time:       406 |        406 |               networkx.algorithms.components.strongly_connected
import time:       211 |        211 |               networkx.algorithms.components.weakly_connected
import time:       184 |        184 |               networkx.algorithms.components.attracting
import time:       228 |        228 |               networkx.algorithms.components.biconnected
import time:       167 |        167 |               networkx.algorithms.components.semiconnected
import time:       207 |       1663 |             networkx.algorithms.components
import time:       300 |       1963 |           networkx.algorithms.chordal
import time:       471 |        471 |           networkx.algorithms.cluster
import time:       415 |        415 |           networkx.algorithms.clique
import time:       196 |        196 |           networkx.algorithms.communicability_alg
import time:       351 |        351 |             networkx.algorithms.coloring.greedy_coloring
import time:       292 |        292 |             networkx.algorithms.coloring.equitable_coloring
import time:       156 |        798 |           networkx.algorithms.coloring
import time:       412 |        412 |           networkx.algorithms.core
import time:       207 |        207 |           networkx.algorithms.covering
import time:       652 |        652 |           networkx.algorithms.cycles
import time:       390 |        390 |           networkx.algorithms.cuts
import time:       291 |        291 |           networkx.algorithms.d_separation
import time:       656 |        656 |           networkx.algorithms.dag
import time:       440 |        440 |           networkx.algorithms.distance_measures
import time:       219 |        219 |           networkx.algorithms.distance_regular
import time:       239 |        239 |           networkx.algorithms.dominance
import time:       244 |        244 |           networkx.algorithms.dominating
import time:       189 |        189 |           networkx.algorithms.efficiency_measures
import time:       265 |        265 |           networkx.algorithms.euler
import time:       245 |        245 |           networkx.algorithms.graphical
import time:       151 |        151 |           networkx.algorithms.hierarchy
import time:       212 |        212 |           networkx.algorithms.hybrid
import time:       248 |        248 |             networkx.algorithms.link_analysis.hits_alg
import time:       213 |        213 |             networkx.algorithms.link_analysis.pagerank_alg
import time:       139 |        599 |           networkx.algorithms.link_analysis
import time:       456 |        456 |           networkx.algorithms.link_prediction
import time:       223 |        223 |           networkx.algorithms.lowest_common_ancestors
import time:       156 |        156 |           networkx.algorithms.isolate
import time:       381 |        381 |           networkx.algorithms.matching
import time:       349 |        349 |             networkx.algorithms.minors.contraction
import time:       150 |        499 |           networkx.algorithms.minors
import time:       152 |        152 |           networkx.algorithms.mis
import time:       138 |        138 |           networkx.algorithms.moral
import time:       195 |        195 |           networkx.algorithms.non_randomness
import time:       250 |        250 |             networkx.algorithms.operators.all
import time:       237 |        237 |             networkx.algorithms.operators.binary
import time:       349 |        349 |             networkx.algorithms.operators.product
import time:       159 |        159 |             networkx.algorithms.operators.unary
import time:       167 |       1161 |           networkx.algorithms.operators
import time:       597 |        597 |           networkx.algorithms.planarity
import time:       217 |        217 |           networkx.algorithms.planar_drawing
import time:       180 |        180 |           networkx.algorithms.polynomials
import time:       145 |        145 |           networkx.algorithms.perfect_graph
import time:       166 |        166 |           networkx.algorithms.reciprocity
import time:       228 |        228 |           networkx.algorithms.regular
import time:       201 |        201 |           networkx.algorithms.richclub
import time:      1262 |       1262 |           networkx.algorithms.similarity
import time:       257 |        257 |           networkx.algorithms.graph_hashing
import time:       326 |        326 |           networkx.algorithms.simple_paths
import time:       271 |        271 |           networkx.algorithms.smallworld
import time:       128 |        128 |           networkx.algorithms.smetric
import time:       235 |        235 |           networkx.algorithms.structuralholes
import time:       188 |        188 |           networkx.algorithms.sparsifiers
import time:       362 |        362 |           networkx.algorithms.summarization
import time:       245 |        245 |           networkx.algorithms.swap
import time:       165 |        165 |           networkx.algorithms.time_dependent
import time:       192 |        192 |             networkx.algorithms.traversal.beamsearch
import time:       258 |        258 |             networkx.algorithms.traversal.breadth_first_search
import time:       237 |        237 |             networkx.algorithms.traversal.depth_first_search
import time:       152 |        152 |             networkx.algorithms.traversal.edgedfs
import time:       147 |        147 |             networkx.algorithms.traversal.edgebfs
import time:       187 |       1170 |           networkx.algorithms.traversal
import time:       312 |        312 |           networkx.algorithms.triads
import time:       217 |        217 |           networkx.algorithms.vitality
import time:       133 |        133 |           networkx.algorithms.voronoi
import time:       124 |        124 |           networkx.algorithms.walks
import time:       232 |        232 |           networkx.algorithms.wiener
import time:       193 |        193 |             networkx.algorithms.approximation.clustering_coefficient
import time:       139 |        139 |               networkx.algorithms.approximation.ramsey
import time:       255 |        394 |             networkx.algorithms.approximation.clique
import time:       217 |        217 |             networkx.algorithms.approximation.connectivity
import time:       158 |        158 |             networkx.algorithms.approximation.distance_measures
import time:       159 |        159 |             networkx.algorithms.approximation.dominating_set
import time:       449 |        449 |             networkx.algorithms.approximation.kcomponents
import time:       152 |        152 |             networkx.algorithms.approximation.matching
import time:       265 |        265 |             networkx.algorithms.approximation.steinertree
import time:       215 |        215 |                     networkx.algorithms.tree.recognition
import time:      1218 |       1432 |                   networkx.algorithms.tree.branchings
import time:       301 |        301 |                   networkx.algorithms.tree.coding
import time:       178 |        178 |                   networkx.algorithms.tree.distance_measures
import time:      1260 |       1260 |                   networkx.algorithms.tree.mst
import time:       195 |        195 |                   networkx.algorithms.tree.operations
import time:       202 |        202 |                   networkx.algorithms.tree.decomposition
import time:       238 |       3804 |                 networkx.algorithms.tree
import time:        23 |       3827 |               networkx.algorithms.tree.mst
import time:       453 |       4279 |             networkx.algorithms.approximation.traveling_salesman
import time:       342 |        342 |             networkx.algorithms.approximation.treewidth
import time:       192 |        192 |             networkx.algorithms.approximation.vertex_cover
import time:       205 |        205 |             networkx.algorithms.approximation.maxcut
import time:       219 |        219 |             networkx.algorithms.approximation.density
import time:       342 |       7561 |           networkx.algorithms.approximation
import time:       295 |        295 |             networkx.algorithms.bipartite.basic
import time:       192 |        192 |             networkx.algorithms.bipartite.centrality
import time:       195 |        195 |             networkx.algorithms.bipartite.cluster
import time:       175 |        175 |                 networkx.algorithms.bipartite.matrix
import time:       259 |        433 |               networkx.algorithms.bipartite.matching
import time:       158 |        590 |             networkx.algorithms.bipartite.covering
import time:       298 |        298 |             networkx.algorithms.bipartite.edgelist
import time:       270 |        270 |             networkx.algorithms.bipartite.projection
import time:       147 |        147 |             networkx.algorithms.bipartite.redundancy
import time:       127 |        127 |             networkx.algorithms.bipartite.spectral
import time:       368 |        368 |             networkx.algorithms.bipartite.generators
import time:       156 |        156 |             networkx.algorithms.bipartite.extendability
import time:       183 |        183 |             networkx.algorithms.bipartite.link_analysis
import time:       266 |       3082 |           networkx.algorithms.bipartite
import time:       187 |        187 |           networkx.algorithms.node_classification
import time:       207 |        207 |             networkx.algorithms.community.asyn_fluid
import time:       324 |        324 |             networkx.algorithms.community.bipartitions
import time:       162 |        162 |             networkx.algorithms.community.centrality
import time:       185 |        185 |             networkx.algorithms.community.divisive
import time:       144 |        144 |             networkx.algorithms.community.kclique
import time:       231 |        231 |             networkx.algorithms.community.label_propagation
import time:       201 |        201 |             networkx.algorithms.community.lukes
import time:       140 |        140 |                 networkx.algorithms.community.community_utils
import time:       295 |        435 |               networkx.algorithms.community.quality
import time:       205 |        205 |               networkx.utils.mapped_queue
import time:       247 |        886 |             networkx.algorithms.community.modularity_max
import time:       275 |        275 |             networkx.algorithms.community.louvain
import time:       344 |        344 |             networkx.algorithms.community.leiden
import time:       155 |        155 |             networkx.algorithms.community.local
import time:       297 |       3407 |           networkx.algorithms.community
import time:       277 |        277 |                 networkx.algorithms.flow.utils
import time:       187 |        464 |               networkx.algorithms.flow.boykovkolmogorov
import time:       184 |        184 |               networkx.algorithms.flow.dinitz_alg
import time:       146 |        146 |               networkx.algorithms.flow.edmondskarp
import time:       199 |        199 |               networkx.algorithms.flow.preflowpush
import time:       159 |        159 |               networkx.algorithms.flow.shortestaugmentingpath
import time:       309 |       1459 |             networkx.algorithms.flow.maxflow
import time:       208 |        208 |             networkx.algorithms.flow.mincost
import time:       157 |        157 |             networkx.algorithms.flow.gomory_hu
import time:       214 |        214 |             networkx.algorithms.flow.capacityscaling
import time:       414 |        414 |             networkx.algorithms.flow.networksimplex
import time:       188 |       2639 |           networkx.algorithms.flow
import time:       269 |        269 |             networkx.algorithms.isomorphism.isomorph
import time:       281 |        281 |               networkx.algorithms.isomorphism.isomorphvf2
import time:       240 |        521 |             networkx.algorithms.isomorphism.vf2userfunc
import time:       226 |        226 |             networkx.algorithms.isomorphism.matchhelpers
import time:       213 |        213 |             networkx.algorithms.isomorphism.temporalisomorphvf2
import time:       401 |        401 |             networkx.algorithms.isomorphism.ismags
import time:       369 |        369 |             networkx.algorithms.isomorphism.tree_isomorphism
import time:       588 |        588 |             networkx.algorithms.isomorphism.vf2pp
import time:       235 |       2818 |           networkx.algorithms.isomorphism
import time:       380 |        380 |           networkx.algorithms.tournament
import time:       141 |        141 |               networkx.algorithms.connectivity.utils
import time:       308 |        449 |             networkx.algorithms.connectivity.connectivity
import time:       409 |        409 |             networkx.algorithms.connectivity.cuts
import time:       614 |        614 |             networkx.algorithms.connectivity.edge_augmentation
import time:       309 |        309 |             networkx.algorithms.connectivity.edge_kcomponents
import time:       936 |        936 |             networkx.algorithms.connectivity.disjoint_paths
import time:       227 |        227 |             networkx.algorithms.connectivity.kcomponents
import time:       183 |        183 |             networkx.algorithms.connectivity.kcutsets
import time:       169 |        169 |             networkx.algorithms.connectivity.stoerwagner
import time:       268 |       3559 |           networkx.algorithms.connectivity
import time:      1434 |      54692 |         networkx.algorithms
import time:       300 |        300 |           networkx.linalg.attrmatrix
import time:       209 |        209 |           networkx.linalg.spectrum
import time:       155 |        155 |           networkx.linalg.graphmatrix
import time:       287 |        287 |           networkx.linalg.laplacianmatrix
import time:       377 |        377 |           networkx.linalg.algebraicconnectivity
import time:       285 |        285 |           networkx.linalg.modularitymatrix
import time:       166 |        166 |           networkx.linalg.bethehessianmatrix
import time:       327 |       2103 |         networkx.linalg
import time:       499 |        499 |           networkx.drawing.layout
import time:       222 |        222 |           networkx.drawing.nx_latex
import time:       585 |        585 |           networkx.drawing.nx_pylab
import time:       292 |        292 |           networkx.drawing.nx_agraph
import time:       357 |        357 |           networkx.drawing.nx_pydot
import time:       252 |       2204 |         networkx.drawing
import time:     11265 |     108141 |       networkx
import time:       125 |        125 |           elastic_notebook.core
import time:       157 |        281 |         elastic_notebook.core.graph
import time:       182 |        462 |       elastic_notebook.core.graph.cell_execution
import time:       132 |        132 |       elastic_notebook.core.graph.variable_snapshot
import time:       235 |     108969 |     elastic_notebook.algorithm.optimizer_exact
import time:        99 |         99 |       elastic_notebook.core.common
import time:       171 |        269 |     elastic_notebook.core.common.profile_migration_speed
import time:       132 |        132 |     elastic_notebook.core.graph.graph
import time:        98 |         98 |       elastic_notebook.core.io
import time:       155 |        155 |         dill.__info__
import time:       500 |        500 |           dill.logger
import time:      1149 |       1149 |           _pyio
import time:       331 |        331 |                 multiprocessing.process
import time:       404 |        404 |                 multiprocessing.reduction
import time:       511 |       1245 |               multiprocessing.context
import time:       244 |       1488 |             multiprocessing
import time:        28 |       1516 |           multiprocessing.reduction
import time:       192 |        192 |           dill._shims
import time:       103 |        103 |           dill.settings
import time:        93 |         93 |           winreg
import time:      1751 |       5301 |         dill._dill
import time:       876 |        876 |         dill.session
import time:       140 |        140 |           dill.pointers
import time:       330 |        470 |         dill.detect
import time:       339 |        339 |         dill.source
import time:       155 |        155 |         dill.temp
import time:       106 |        106 |         dill.objtypes
import time:       385 |       7783 |       dill
import time:       117 |        117 |       elastic_notebook.core.io.adapter
import time:       192 |       8189 |     elastic_notebook.core.io.filesystem_adapter
import time:       114 |        114 |     elastic_notebook.core.io.recover
import time:       122 |        122 |       elastic_notebook.core.mutation
import time:       143 |        143 |       elastic_notebook.core.mutation.id_graph
import time:       243 |        243 |           xxhash._xxhash
import time:       121 |        121 |           xxhash.version
import time:       172 |        535 |         xxhash
import time:       262 |        796 |       elastic_notebook.core.mutation.object_hash
import time:       222 |       1282 |     elastic_notebook.core.mutation.fingerprint
import time:       104 |        104 |       elastic_notebook.core.notebook
import time:       152 |        152 |           ipykernel._version
import time:       148 |        148 |               jupyter_client._version
import time:       160 |        160 |                         zmq.backend.select
import time:      3665 |       3665 |                           zmq.constants
import time:       392 |        392 |                           zmq.error
import time:      1036 |       5093 |                         zmq.backend.cython._zmq
import time:       316 |       5568 |                       zmq.backend
import time:        95 |         95 |                           zmq._typing
import time:       115 |        115 |                             zmq.utils
import time:       158 |        273 |                           zmq.utils.interop
import time:       283 |        283 |                           zmq.sugar.attrsettr
import time:       119 |        119 |                             zmq.utils.jsonapi
import time:       172 |        172 |                             zmq.sugar.poll
import time:       622 |        912 |                           zmq.sugar.socket
import time:       440 |       2000 |                         zmq.sugar.context
import time:       196 |        196 |                         zmq.sugar.frame
import time:       164 |        164 |                         zmq.sugar.tracker
import time:       296 |        296 |                         zmq.sugar.version
import time:       136 |        136 |                         zmq.sugar.stopwatch
import time:       287 |       3077 |                       zmq.sugar
import time:       338 |       8982 |                     zmq
import time:       847 |        847 |                     zmq._future
import time:       381 |      10209 |                   zmq.asyncio
import time:       148 |        148 |                         jupyter_core.version
import time:       157 |        304 |                       jupyter_core
import time:       218 |        522 |                     jupyter_core.utils
import time:       165 |        165 |                     jupyter_client.channelsabc
import time:       228 |        228 |                       hmac
import time:       272 |        272 |                         tornado
import time:       161 |        161 |                                 tornado.speedups
import time:       695 |        855 |                               tornado.util
import time:      1767 |       2622 |                             tornado.escape
import time:        98 |         98 |                             colorama
import time:       724 |        724 |                               _curses
import time:       243 |        966 |                             curses
import time:       320 |       4005 |                           tornado.log
import time:       452 |       4456 |                         tornado.concurrent
import time:       708 |       5435 |                       tornado.ioloop
import time:       135 |        135 |                       traitlets.log
import time:       125 |        125 |                         zmq.eventloop
import time:       352 |        477 |                       zmq.eventloop.zmqstream
import time:       989 |        989 |                       jupyter_client.adapter
import time:       124 |        124 |                             dateutil._version
import time:       169 |        292 |                           dateutil
import time:      1052 |       1052 |                             six
import time:       135 |        135 |                             dateutil._common
import time:        52 |         52 |                               six.moves
import time:       366 |        366 |                               dateutil.tz._common
import time:       204 |        204 |                               dateutil.tz._factories
import time:        93 |         93 |                                 six.moves.winreg
import time:       221 |        314 |                               dateutil.tz.win
import time:       857 |       1791 |                             dateutil.tz.tz
import time:      1272 |       4249 |                           dateutil.parser._parser
import time:       340 |        340 |                           dateutil.parser.isoparser
import time:       247 |       5126 |                         dateutil.parser
import time:       864 |        864 |                         _strptime
import time:       707 |       6696 |                       jupyter_client.jsonutil
import time:      1098 |      15054 |                     jupyter_client.session
import time:       453 |      16193 |                   jupyter_client.channels
import time:       305 |        305 |                       termios
import time:       212 |        517 |                     getpass
import time:       203 |        203 |                     jupyter_client.clientabc
import time:       274 |        274 |                           platformdirs.api
import time:       106 |        106 |                           platformdirs.version
import time:      1732 |       1732 |                             configparser
import time:       231 |       1962 |                           platformdirs.unix
import time:       308 |       2649 |                         platformdirs
import time:       546 |       3194 |                       jupyter_core.paths
import time:       466 |        466 |                       jupyter_client.localinterfaces
import time:       134 |        134 |                       jupyter_client.utils
import time:       819 |       4612 |                     jupyter_client.connect
import time:       864 |       6194 |                   jupyter_client.client
import time:       581 |      33176 |                 jupyter_client.asynchronous.client
import time:       241 |      33416 |               jupyter_client.asynchronous
import time:       550 |        550 |                 jupyter_client.blocking.client
import time:       149 |        698 |               jupyter_client.blocking
import time:       163 |        163 |               jupyter_client.launcher
import time:       545 |        545 |                       jupyter_client.provisioning.provisioner_base
import time:       410 |        955 |                     jupyter_client.provisioning.factory
import time:       441 |        441 |                     jupyter_client.provisioning.local_provisioner
import time:       150 |       1544 |                   jupyter_client.provisioning
import time:       998 |       2542 |                 jupyter_client.kernelspec
import time:       173 |        173 |                 jupyter_client.managerabc
import time:      1723 |       4437 |               jupyter_client.manager
import time:       842 |        842 |               jupyter_client.multikernelmanager
import time:       266 |      39968 |             jupyter_client
import time:       124 |      40091 |           ipykernel.connect
import time:       145 |      40388 |         ipykernel
import time:       406 |        406 |           ipykernel.jsonutil
import time:       449 |        855 |         ipykernel.displayhook
import time:      1579 |      42821 |       ipykernel.zmqshell
import time:       176 |        176 |       elastic_notebook.core.common.profile_variable_size
import time:       162 |        162 |         elastic_notebook.core.common.checkpoint_file
import time:       178 |        340 |       elastic_notebook.core.io.migrate
import time:       254 |      43693 |     elastic_notebook.core.notebook.checkpoint
import time:       212 |        212 |     elastic_notebook.core.notebook.find_input_vars
import time:       109 |        109 |     elastic_notebook.core.notebook.find_output_vars
import time:       109 |        109 |     elastic_notebook.core.notebook.restore_notebook
import time:       111 |        111 |     elastic_notebook.core.notebook.update_graph
import time:       410 |     561125 |   elastic_notebook.elastic_notebook
import time:       189 |     561314 | elastic_notebook
