import time: self [us] | cumulative | imported package
import time:       261 |        261 |   _io
import time:        37 |         37 |   marshal
import time:       320 |        320 |   posix
import time:       331 |        947 | _frozen_importlib_external
import time:        94 |         94 |   time
import time:       106 |        199 | zipimport
import time:        54 |         54 |     _codecs
import time:       287 |        341 |   codecs
import time:       461 |        461 |   encodings.aliases
import time:       523 |       1325 | encodings
import time:       203 |        203 | encodings.utf_8
import time:       101 |        101 | _signal
import time:        33 |         33 |     _abc
import time:       128 |        161 |   abc
import time:       159 |        320 | io
import time:        43 |         43 |       _stat
import time:        95 |        137 |     stat
import time:       857 |        857 |     _collections_abc
import time:        53 |         53 |       genericpath
import time:        86 |        139 |     posixpath
import time:       366 |       1498 |   os
import time:        72 |         72 |   _sitebuiltins
import time:       614 |        614 |   _virtualenv
import time:       252 |        252 |   _distutils_hack
import time:        63 |         63 |     apport_python_hook
import time:       151 |        214 |   sitecustomize
import time:      1272 |       3920 | site
import time:       149 |        149 |     __future__
import time:       293 |        293 |           types
import time:        91 |         91 |             _operator
import time:       391 |        482 |           operator
import time:       212 |        212 |               itertools
import time:       139 |        139 |               keyword
import time:       185 |        185 |               reprlib
import time:        75 |         75 |               _collections
import time:       843 |       1453 |             collections
import time:        63 |         63 |             _functools
import time:       631 |       2145 |           functools
import time:      1457 |       4375 |         enum
import time:        80 |         80 |           _sre
import time:       260 |        260 |             re._constants
import time:       486 |        745 |           re._parser
import time:       135 |        135 |           re._casefix
import time:       531 |       1489 |         re._compiler
import time:       176 |        176 |         copyreg
import time:       542 |       6581 |       re
import time:       173 |        173 |         collections.abc
import time:       181 |        181 |             token
import time:        43 |         43 |             _tokenize
import time:      1018 |       1241 |           tokenize
import time:       168 |       1408 |         linecache
import time:       988 |        988 |         textwrap
import time:       656 |        656 |         contextlib
import time:       627 |       3850 |       traceback
import time:      1163 |       1163 |       warnings
import time:       231 |        231 |         _weakrefset
import time:       436 |        667 |       weakref
import time:        40 |         40 |         _string
import time:       557 |        597 |       string
import time:       749 |        749 |       threading
import time:        58 |         58 |       atexit
import time:      2156 |      15818 |     logging
import time:       188 |        188 |       _datetime
import time:       144 |        332 |     datetime
import time:       217 |        217 |         _socket
import time:        83 |         83 |           math
import time:        61 |         61 |           select
import time:       669 |        812 |         selectors
import time:        75 |         75 |         errno
import time:        99 |         99 |         array
import time:      1611 |       2812 |       socket
import time:       187 |        187 |           _struct
import time:       158 |        345 |         struct
import time:       267 |        267 |         _compat_pickle
import time:       143 |        143 |         _pickle
import time:       951 |       1705 |       pickle
import time:        44 |         44 |           _heapq
import time:       181 |        224 |         heapq
import time:       234 |        234 |         _queue
import time:       291 |        748 |       queue
import time:       201 |        201 |       copy
import time:       776 |       6240 |     logging.handlers
import time:       170 |        170 |       fnmatch
import time:       123 |        123 |         urllib
import time:      1544 |       1544 |         ipaddress
import time:      1185 |       2850 |       urllib.parse
import time:       157 |        157 |         _winapi
import time:        59 |         59 |         nt
import time:        53 |         53 |         nt
import time:        53 |         53 |         nt
import time:        68 |         68 |         nt
import time:        48 |         48 |         nt
import time:        46 |         46 |         nt
import time:       119 |        600 |       ntpath
import time:       839 |       4457 |     pathlib
import time:       150 |        150 |             IPython.core
import time:       179 |        328 |           IPython.core.getipython
import time:       117 |        117 |           IPython.core.release
import time:        98 |         98 |               zlib
import time:       234 |        234 |                 _compression
import time:       292 |        292 |                 _bz2
import time:       362 |        886 |               bz2
import time:       354 |        354 |                 _lzma
import time:       270 |        623 |               lzma
import time:       670 |       2276 |             shutil
import time:        52 |         52 |                     _typing
import time:      2668 |       2720 |                   typing
import time:      1244 |       1244 |                         _ast
import time:      1362 |       2605 |                       ast
import time:        46 |         46 |                           _opcode
import time:       535 |        581 |                         opcode
import time:       987 |       1567 |                       dis
import time:       179 |        179 |                         importlib
import time:        70 |        249 |                       importlib.machinery
import time:      2266 |       6687 |                     inspect
import time:       160 |        160 |                       traitlets.utils
import time:       232 |        392 |                     traitlets.utils.bunch
import time:       129 |        129 |                     traitlets.utils.descriptions
import time:       109 |        109 |                     traitlets.utils.getargspec
import time:        94 |         94 |                     traitlets.utils.importstring
import time:       109 |        109 |                     traitlets.utils.sentinel
import time:       105 |        105 |                     traitlets.utils.warnings
import time:      4037 |      11660 |                   traitlets.traitlets
import time:       266 |        266 |                   traitlets._version
import time:       140 |        140 |                   traitlets.utils.decorators
import time:       288 |      15071 |                 traitlets
import time:       176 |        176 |                         _json
import time:       492 |        667 |                       json.scanner
import time:       412 |       1079 |                     json.decoder
import time:       416 |        416 |                     json.encoder
import time:       210 |       1704 |                   json
import time:       604 |        604 |                     dataclasses
import time:       352 |        956 |                   pprint
import time:       623 |        623 |                     socketserver
import time:      1340 |       1963 |                   logging.config
import time:       124 |        124 |                     traitlets.utils.text
import time:       842 |        842 |                         gettext
import time:       971 |       1813 |                       argparse
import time:      1238 |       3050 |                     traitlets.config.loader
import time:       958 |       4131 |                   traitlets.config.configurable
import time:       158 |        158 |                   traitlets.utils.nested_update
import time:      1118 |      10027 |                 traitlets.config.application
import time:       154 |      25251 |               traitlets.config
import time:        24 |      25274 |             traitlets.config.application
import time:      1195 |       1195 |                       html.entities
import time:       394 |       1588 |                     html
import time:       235 |        235 |                         executing._utils
import time:       164 |        164 |                           executing._exceptions
import time:       448 |        611 |                         executing._position_node_finder
import time:       718 |       1563 |                       executing.executing
import time:       111 |        111 |                       executing._pytest_utils
import time:        96 |         96 |                       executing.version
import time:       309 |       2079 |                     executing
import time:        48 |         48 |                             _bisect
import time:       144 |        191 |                           bisect
import time:       208 |        398 |                         asttokens.line_numbers
import time:        84 |         84 |                               astroid
import time:        42 |        126 |                             astroid.nodes
import time:      1368 |       1493 |                           asttokens.util
import time:       279 |       1771 |                         asttokens.asttokens
import time:       139 |       2307 |                       asttokens
import time:        19 |       2326 |                     asttokens.util
import time:       488 |        488 |                                 numbers
import time:       699 |       1187 |                               _decimal
import time:       128 |       1314 |                             decimal
import time:      1790 |       1790 |                             fractions
import time:       303 |       3405 |                           pure_eval.utils
import time:       156 |       3561 |                         pure_eval.my_getattr_static
import time:       419 |       3980 |                       pure_eval.core
import time:       117 |        117 |                       pure_eval.version
import time:       200 |       4296 |                     pure_eval
import time:       427 |        427 |                     stack_data.utils
import time:      1362 |      12075 |                   stack_data.core
import time:       297 |        297 |                   stack_data.formatting
import time:       275 |        275 |                   stack_data.serializing
import time:       101 |        101 |                   stack_data.version
import time:       228 |      12973 |                 stack_data
import time:       150 |        150 |                     pygments
import time:       272 |        272 |                     pygments.formatters._mapping
import time:        76 |         76 |                           _csv
import time:       343 |        418 |                         csv
import time:       173 |        173 |                         email
import time:        90 |         90 |                           binascii
import time:       143 |        143 |                             importlib._abc
import time:       155 |        298 |                           importlib.util
import time:       133 |        133 |                             zipfile._path.glob
import time:       423 |        556 |                           zipfile._path
import time:       976 |       1918 |                         zipfile
import time:       194 |        194 |                             quopri
import time:        53 |         53 |                                 _random
import time:        60 |         60 |                                 _sha2
import time:       382 |        494 |                               random
import time:       108 |        108 |                                     _locale
import time:      1481 |       1589 |                                   locale
import time:      1001 |       2590 |                                 calendar
import time:       294 |       2883 |                               email._parseaddr
import time:       403 |        403 |                                   base64
import time:       128 |        530 |                                 email.base64mime
import time:       255 |        255 |                                 email.quoprimime
import time:       657 |        657 |                                 email.errors
import time:       137 |        137 |                                 email.encoders
import time:       253 |       1830 |                               email.charset
import time:       518 |       5724 |                             email.utils
import time:       699 |        699 |                               email.header
import time:       337 |       1035 |                             email._policybase
import time:       296 |        296 |                             email._encoded_words
import time:       132 |        132 |                             email.iterators
import time:       692 |       8071 |                           email.message
import time:        96 |         96 |                             importlib.metadata._functools
import time:       163 |        259 |                           importlib.metadata._text
import time:       341 |       8669 |                         importlib.metadata._adapters
import time:       414 |        414 |                         importlib.metadata._meta
import time:       282 |        282 |                         importlib.metadata._collections
import time:       125 |        125 |                         importlib.metadata._itertools
import time:       566 |        566 |                               tempfile
import time:       398 |        398 |                               importlib.resources.abc
import time:       314 |        314 |                               importlib.resources._adapters
import time:       432 |       1709 |                             importlib.resources._common
import time:       203 |        203 |                             importlib.resources._legacy
import time:       127 |       2038 |                           importlib.resources
import time:       407 |       2445 |                         importlib.abc
import time:      1346 |      15787 |                       importlib.metadata
import time:       145 |      15931 |                     pygments.plugin
import time:       789 |        789 |                     pygments.util
import time:       304 |      17444 |                   pygments.formatters
import time:       181 |        181 |                       pygments.styles._mapping
import time:       163 |        343 |                     pygments.styles
import time:       166 |        508 |                   pygments.formatter
import time:       129 |        129 |                   pygments.console
import time:       406 |        406 |                     pygments.token
import time:       325 |        730 |                   pygments.style
import time:       253 |      19063 |                 pygments.formatters.terminal256
import time:       132 |        132 |                 IPython.utils
import time:       364 |        364 |                   glob
import time:      1461 |       1461 |                         signal
import time:        73 |         73 |                         fcntl
import time:        75 |         75 |                         msvcrt
import time:        31 |         31 |                         _posixsubprocess
import time:       654 |       2291 |                       subprocess
import time:       286 |        286 |                         shlex
import time:        70 |         70 |                             _wmi
import time:       593 |        663 |                           platform
import time:       166 |        166 |                           IPython.utils.encoding
import time:       454 |       1282 |                         IPython.utils.py3compat
import time:       236 |       1803 |                       IPython.utils._process_common
import time:       170 |       4263 |                     IPython.utils._process_posix
import time:       151 |       4414 |                   IPython.utils.process
import time:       273 |       5050 |                 IPython.utils.path
import time:       446 |        446 |                   pygments.styles.monokai
import time:       350 |        350 |                   pygments.styles.default
import time:       345 |        345 |                   pygments.styles.pastie
import time:       476 |        476 |                   pygments.styles.gruvbox
import time:     14260 |      15876 |                 IPython.utils.PyColorize
import time:       162 |        162 |                 IPython.utils.terminal
import time:       315 |        315 |                 IPython.core.display_trap
import time:       359 |        359 |                       pkgutil
import time:       441 |        441 |                       sysconfig
import time:       577 |        577 |                       _sysconfigdata__x86_64-linux-gnu
import time:      1830 |       3206 |                     pydoc
import time:       178 |        178 |                         codeop
import time:       260 |        437 |                       IPython.core.debugger_backport
import time:       225 |        225 |                         cmd
import time:       433 |        433 |                         bdb
import time:       216 |        216 |                         code
import time:       780 |       1652 |                       pdb
import time:       607 |       2696 |                     IPython.core.debugger
import time:       451 |       6352 |                   IPython.core.tbtools
import time:       294 |       6646 |                 IPython.core.doctb
import time:       598 |      60809 |               IPython.core.ultratb
import time:        91 |         91 |                 IPython.utils._sysinfo
import time:       189 |        279 |               IPython.utils.sysinfo
import time:       289 |      61376 |             IPython.core.crashhandler
import time:        90 |         90 |                 IPython.utils.importstring
import time:       162 |        252 |               IPython.paths
import time:       582 |        833 |             IPython.core.profiledir
import time:       816 |      90573 |           IPython.core.application
import time:       123 |        123 |             IPython.terminal
import time:      2088 |       2088 |                 _hashlib
import time:       703 |        703 |                 _blake2
import time:       277 |       3067 |               hashlib
import time:       190 |       3256 |             IPython.core.compilerop
import time:       197 |        197 |               IPython.core.error
import time:        87 |         87 |                 IPython.utils.docs
import time:       124 |        210 |               IPython.utils.decorators
import time:       673 |        673 |               IPython.utils.text
import time:       456 |       1535 |             IPython.core.magic_arguments
import time:       186 |        186 |               getopt
import time:       153 |        153 |                     IPython.core.display_functions
import time:        68 |         68 |                         _winapi
import time:        76 |         76 |                         winreg
import time:       337 |        480 |                       mimetypes
import time:       124 |        124 |                         IPython.testing
import time:       158 |        281 |                       IPython.testing.skipdoctest
import time:       582 |       1343 |                     IPython.core.display
import time:       112 |        112 |                       IPython.lib
import time:       612 |        724 |                     IPython.lib.display
import time:       170 |       2388 |                   IPython.display
import time:       142 |        142 |                   IPython.utils.data
import time:       457 |       2986 |                 IPython.core.page
import time:       562 |        562 |                 IPython.lib.pretty
import time:       338 |        338 |                 IPython.utils.openpy
import time:       111 |        111 |                 IPython.utils.dir2
import time:       176 |        176 |                 IPython.utils.wildcard
import time:      1404 |       1404 |                   pygments.lexers._mapping
import time:       376 |        376 |                   pygments.modeline
import time:       281 |       2060 |                 pygments.lexers
import time:       182 |        182 |                     pygments.filter
import time:       493 |        493 |                     pygments.filters
import time:       200 |        200 |                     pygments.regexopt
import time:       625 |       1498 |                   pygments.lexer
import time:       417 |        417 |                   pygments.unistring
import time:       959 |       2873 |                 pygments.lexers.python
import time:        75 |         75 |                   ctags
import time:       351 |        426 |                 pygments.formatters.html
import time:      2433 |      11960 |               IPython.core.oinspect
import time:       422 |        422 |                 IPython.utils.tokenutil
import time:      1342 |       1764 |               IPython.core.inputtransformer2
import time:       185 |        185 |               IPython.utils.ipstruct
import time:       899 |      14992 |             IPython.core.magic
import time:       141 |        141 |               runpy
import time:       126 |        126 |                 IPython.external
import time:        72 |         72 |                 cPickle
import time:       311 |        508 |               IPython.external.pickleshare
import time:       156 |        156 |               IPython.core.hooks
import time:       176 |        176 |                 IPython.core.autocall
import time:       239 |        239 |                 IPython.core.macro
import time:       416 |        416 |                 IPython.core.splitinput
import time:      2567 |       3397 |               IPython.core.prefilter
import time:       559 |        559 |               IPython.core.alias
import time:       331 |        331 |               IPython.core.builtin_trap
import time:       600 |        600 |                   decorator
import time:       719 |        719 |                       _sqlite3
import time:       268 |        987 |                     sqlite3.dbapi2
import time:       179 |       1166 |                   sqlite3
import time:      2652 |       4416 |                 IPython.core.history
import time:       447 |       4863 |               IPython.core.displayhook
import time:       452 |        452 |               IPython.core.displaypub
import time:       169 |        169 |               IPython.core.events
import time:       276 |        276 |               IPython.core.extensions
import time:       124 |        124 |                 IPython.utils.sentinel
import time:      2745 |       2868 |               IPython.core.formatters
import time:       255 |        255 |               IPython.core.logger
import time:       262 |        262 |               IPython.core.payload
import time:       146 |        146 |               IPython.core.tips
import time:       116 |        116 |               IPython.core.usage
import time:      1085 |       1085 |                 IPython.utils.capture
import time:       162 |       1246 |               IPython.utils.io
import time:       166 |        166 |               IPython.utils.strdispatch
import time:       134 |        134 |               IPython.utils.syspathcontext
import time:        66 |         66 |                 docrepr
import time:        24 |         89 |               docrepr.sphinxify
import time:       128 |        128 |                       concurrent
import time:       681 |        681 |                       concurrent.futures._base
import time:       193 |       1000 |                     concurrent.futures
import time:      1456 |       1456 |                       _ssl
import time:      2443 |       3898 |                     ssl
import time:       242 |        242 |                     asyncio.constants
import time:       145 |        145 |                     asyncio.coroutines
import time:       145 |        145 |                         _contextvars
import time:       136 |        281 |                       contextvars
import time:       131 |        131 |                       asyncio.format_helpers
import time:       167 |        167 |                         asyncio.base_futures
import time:       212 |        212 |                         asyncio.exceptions
import time:       136 |        136 |                         asyncio.base_tasks
import time:       448 |        962 |                       _asyncio
import time:       493 |       1865 |                     asyncio.events
import time:       234 |        234 |                     asyncio.futures
import time:       223 |        223 |                     asyncio.protocols
import time:       270 |        270 |                       asyncio.transports
import time:       105 |        105 |                       asyncio.log
import time:       762 |       1136 |                     asyncio.sslproto
import time:       113 |        113 |                         asyncio.mixins
import time:       479 |        592 |                       asyncio.locks
import time:       401 |        401 |                         asyncio.timeouts
import time:       449 |        850 |                       asyncio.tasks
import time:       335 |       1776 |                     asyncio.staggered
import time:       163 |        163 |                     asyncio.trsock
import time:      1098 |      11774 |                   asyncio.base_events
import time:       318 |        318 |                   asyncio.runners
import time:       290 |        290 |                   asyncio.queues
import time:       371 |        371 |                   asyncio.streams
import time:       275 |        275 |                   asyncio.subprocess
import time:       210 |        210 |                   asyncio.taskgroups
import time:       116 |        116 |                   asyncio.threads
import time:       302 |        302 |                     asyncio.base_subprocess
import time:       558 |        558 |                     asyncio.selector_events
import time:       873 |       1732 |                   asyncio.unix_events
import time:       276 |      15358 |                 asyncio
import time:       166 |      15524 |               IPython.core.async_helpers
import time:      2838 |      34487 |             IPython.core.interactiveshell
import time:       197 |        197 |                         prompt_toolkit.application.current
import time:       115 |        115 |                               prompt_toolkit.eventloop.utils
import time:       243 |        358 |                             prompt_toolkit.eventloop.async_generator
import time:       242 |        242 |                             prompt_toolkit.eventloop.inputhook
import time:       149 |        748 |                           prompt_toolkit.eventloop
import time:       167 |        914 |                         prompt_toolkit.application.run_in_terminal
import time:       399 |        399 |                                 prompt_toolkit.selection
import time:       284 |        683 |                               prompt_toolkit.clipboard.base
import time:       151 |        151 |                               prompt_toolkit.clipboard.in_memory
import time:       132 |        965 |                             prompt_toolkit.clipboard
import time:       297 |        297 |                                 prompt_toolkit.cache
import time:       238 |        238 |                                 prompt_toolkit.enums
import time:       310 |        310 |                                 prompt_toolkit.filters.base
import time:       298 |       1143 |                               prompt_toolkit.filters.app
import time:       152 |        152 |                               prompt_toolkit.filters.cli
import time:       110 |        110 |                               prompt_toolkit.filters.utils
import time:       172 |       1575 |                             prompt_toolkit.filters
import time:      1744 |       4284 |                           prompt_toolkit.document
import time:       309 |       4593 |                         prompt_toolkit.auto_suggest
import time:      2319 |       2319 |                                               prompt_toolkit.keys
import time:       747 |       3066 |                                             prompt_toolkit.key_binding.key_bindings
import time:        96 |         96 |                                                     wcwidth.table_vs16
import time:       145 |        145 |                                                     wcwidth.table_wide
import time:       357 |        357 |                                                     wcwidth.table_zero
import time:        99 |         99 |                                                     wcwidth.unicode_versions
import time:       252 |        948 |                                                   wcwidth.wcwidth
import time:       220 |       1167 |                                                 wcwidth
import time:       398 |       1564 |                                               prompt_toolkit.utils
import time:       357 |       1920 |                                             prompt_toolkit.key_binding.key_processor
import time:       130 |       5114 |                                           prompt_toolkit.key_binding
import time:       407 |       5521 |                                         prompt_toolkit.key_binding.vi_state
import time:       619 |       6139 |                                       prompt_toolkit.cursor_shapes
import time:       669 |        669 |                                       prompt_toolkit.data_structures
import time:       661 |        661 |                                         prompt_toolkit.styles.base
import time:       169 |        169 |                                           prompt_toolkit.styles.named_colors
import time:       586 |        586 |                                           prompt_toolkit.styles.style
import time:       332 |       1086 |                                         prompt_toolkit.styles.defaults
import time:       194 |        194 |                                         prompt_toolkit.styles.pygments
import time:       142 |        142 |                                           colorsys
import time:       450 |        591 |                                         prompt_toolkit.styles.style_transformation
import time:       321 |       2851 |                                       prompt_toolkit.styles
import time:       578 |        578 |                                       prompt_toolkit.output.color_depth
import time:       326 |      10562 |                                     prompt_toolkit.output.base
import time:       182 |        182 |                                         prompt_toolkit.output.flush_stdout
import time:       437 |        619 |                                       prompt_toolkit.output.plain_text
import time:       153 |        772 |                                     prompt_toolkit.output.defaults
import time:       110 |      11442 |                                   prompt_toolkit.output
import time:       589 |      12031 |                                 prompt_toolkit.output.vt100
import time:       409 |        409 |                                   prompt_toolkit.mouse_events
import time:       427 |        836 |                                 prompt_toolkit.formatted_text.base
import time:       567 |      13433 |                               prompt_toolkit.formatted_text.ansi
import time:       206 |        206 |                                     xml
import time:       179 |        179 |                                     xml.dom.domreg
import time:       462 |        847 |                                   xml.dom
import time:       200 |        200 |                                   xml.dom.minicompat
import time:       222 |        222 |                                     xml.dom.NodeFilter
import time:       302 |        523 |                                   xml.dom.xmlbuilder
import time:      1036 |       2605 |                                 xml.dom.minidom
import time:       221 |       2826 |                               prompt_toolkit.formatted_text.html
import time:       145 |        145 |                               prompt_toolkit.formatted_text.pygments
import time:       119 |        119 |                               prompt_toolkit.formatted_text.utils
import time:       157 |      16679 |                             prompt_toolkit.formatted_text
import time:       368 |      17047 |                           prompt_toolkit.completion.base
import time:       133 |        133 |                           prompt_toolkit.completion.deduplicate
import time:       350 |        350 |                           prompt_toolkit.completion.filesystem
import time:       169 |        169 |                             prompt_toolkit.completion.word_completer
import time:       441 |        610 |                           prompt_toolkit.completion.fuzzy_completer
import time:       274 |        274 |                           prompt_toolkit.completion.nested
import time:       211 |      18623 |                         prompt_toolkit.completion
import time:       372 |        372 |                         prompt_toolkit.history
import time:       266 |        266 |                         prompt_toolkit.search
import time:       358 |        358 |                         prompt_toolkit.validation
import time:      1257 |      26577 |                       prompt_toolkit.buffer
import time:       278 |        278 |                           prompt_toolkit.input.base
import time:       117 |        117 |                           prompt_toolkit.input.defaults
import time:       149 |        544 |                         prompt_toolkit.input
import time:        31 |        575 |                       prompt_toolkit.input.base
import time:       108 |        108 |                       prompt_toolkit.input.typeahead
import time:        96 |         96 |                         prompt_toolkit.key_binding.bindings
import time:       119 |        119 |                         prompt_toolkit.key_binding.bindings.scroll
import time:       175 |        389 |                       prompt_toolkit.key_binding.bindings.page_navigation
import time:       408 |        408 |                                       prompt_toolkit.lexers.base
import time:       646 |        646 |                                       prompt_toolkit.lexers.pygments
import time:       159 |       1212 |                                     prompt_toolkit.lexers
import time:       639 |        639 |                                       prompt_toolkit.layout.utils
import time:       643 |       1281 |                                     prompt_toolkit.layout.processors
import time:       699 |       3191 |                                   prompt_toolkit.layout.controls
import time:       224 |        224 |                                   prompt_toolkit.layout.dimension
import time:       249 |        249 |                                   prompt_toolkit.layout.margins
import time:       134 |        134 |                                   prompt_toolkit.layout.mouse_handlers
import time:       278 |        278 |                                   prompt_toolkit.layout.screen
import time:      2191 |       6264 |                                 prompt_toolkit.layout.containers
import time:       326 |        326 |                                 prompt_toolkit.layout.layout
import time:       426 |        426 |                                 prompt_toolkit.layout.menus
import time:       251 |        251 |                                 prompt_toolkit.layout.scrollable_pane
import time:       197 |       7463 |                               prompt_toolkit.layout
import time:        37 |       7499 |                             prompt_toolkit.layout.controls
import time:       170 |        170 |                             prompt_toolkit.key_binding.bindings.completion
import time:       618 |       8286 |                           prompt_toolkit.key_binding.bindings.named_commands
import time:       193 |       8479 |                         prompt_toolkit.key_binding.bindings.basic
import time:       139 |        139 |                         prompt_toolkit.key_binding.bindings.cpr
import time:       268 |        268 |                         prompt_toolkit.key_binding.bindings.emacs
import time:       233 |        233 |                         prompt_toolkit.key_binding.bindings.mouse
import time:       323 |        323 |                             prompt_toolkit.input.ansi_escape_sequences
import time:       586 |        908 |                           prompt_toolkit.input.vt100_parser
import time:       603 |        603 |                           prompt_toolkit.key_binding.digraphs
import time:       954 |       2464 |                         prompt_toolkit.key_binding.bindings.vi
import time:       152 |      11733 |                       prompt_toolkit.key_binding.defaults
import time:       156 |        156 |                       prompt_toolkit.key_binding.emacs_state
import time:       135 |        135 |                       prompt_toolkit.layout.dummy
import time:       509 |        509 |                       prompt_toolkit.renderer
import time:       789 |      40965 |                     prompt_toolkit.application.application
import time:       205 |        205 |                     prompt_toolkit.application.dummy
import time:       226 |      41395 |                   prompt_toolkit.application
import time:       492 |        492 |                           prompt_toolkit.widgets.toolbars
import time:       652 |       1144 |                         prompt_toolkit.widgets.base
import time:        97 |         97 |                           prompt_toolkit.key_binding.bindings.focus
import time:       184 |        280 |                         prompt_toolkit.widgets.dialogs
import time:       259 |        259 |                         prompt_toolkit.widgets.menus
import time:       164 |       1846 |                       prompt_toolkit.widgets
import time:       312 |       2158 |                     prompt_toolkit.shortcuts.choice_input
import time:       235 |        235 |                     prompt_toolkit.shortcuts.dialogs
import time:       114 |        114 |                             xml.parsers
import time:       171 |        171 |                               pyexpat
import time:       163 |        333 |                             xml.parsers.expat
import time:       624 |       1070 |                           xml.dom.expatbuilder
import time:      1071 |       2140 |                         prompt_toolkit.shortcuts.progress_bar.formatters
import time:       410 |       2549 |                       prompt_toolkit.shortcuts.progress_bar.base
import time:       140 |       2689 |                     prompt_toolkit.shortcuts.progress_bar
import time:       155 |        155 |                       prompt_toolkit.key_binding.bindings.auto_suggest
import time:       110 |        110 |                       prompt_toolkit.key_binding.bindings.open_in_editor
import time:       891 |       1155 |                     prompt_toolkit.shortcuts.prompt
import time:       191 |        191 |                     prompt_toolkit.shortcuts.utils
import time:       200 |       6625 |                   prompt_toolkit.shortcuts
import time:       561 |        561 |                     email.feedparser
import time:       228 |        788 |                   email.parser
import time:      2602 |      51410 |                 prompt_toolkit
import time:        37 |      51447 |               prompt_toolkit.auto_suggest
import time:       249 |        249 |               prompt_toolkit.patch_stdout
import time:        82 |         82 |                   unicodedata
import time:        81 |         81 |                     _uuid
import time:       488 |        569 |                   uuid
import time:      4148 |       4148 |                   IPython.core.guarded_eval
import time:       708 |        708 |                   IPython.core.latex_symbols
import time:       145 |        145 |                   IPython.utils.generics
import time:       506 |        506 |                             parso.utils
import time:       412 |        918 |                           parso.tree
import time:        97 |         97 |                                     parso.python
import time:       857 |        857 |                                     parso.python.token
import time:      2490 |       3442 |                                   parso.python.tokenize
import time:       228 |       3669 |                                 parso.pgen2.grammar_parser
import time:       423 |       4092 |                               parso.pgen2.generator
import time:       129 |       4220 |                             parso.pgen2
import time:        30 |       4250 |                           parso.pgen2.generator
import time:       474 |       5640 |                         parso.parser
import time:       149 |        149 |                           parso._compatibility
import time:      1519 |       1519 |                             difflib
import time:       563 |        563 |                                 parso.python.prefix
import time:      1447 |       2009 |                               parso.python.tree
import time:       242 |       2250 |                             parso.python.parser
import time:       581 |       4349 |                           parso.python.diff
import time:        57 |         57 |                             gc
import time:       308 |        364 |                           parso.cache
import time:       456 |        456 |                             parso.normalizer
import time:      1129 |       1584 |                           parso.python.errors
import time:       478 |        478 |                           parso.python.pep8
import time:       205 |        205 |                           parso.file_io
import time:       463 |       7588 |                         parso.grammar
import time:       197 |      13424 |                       parso
import time:       320 |        320 |                       jedi.parser_utils
import time:        70 |         70 |                         colorama
import time:       263 |        332 |                       jedi.debug
import time:       137 |        137 |                       jedi.settings
import time:       185 |        185 |                       jedi.cache
import time:       218 |        218 |                       jedi.file_io
import time:       167 |        167 |                                 jedi.inference.cache
import time:       233 |        233 |                                   jedi.inference.helpers
import time:       391 |        391 |                                   jedi.inference.utils
import time:       546 |       1169 |                                 jedi.inference.base_value
import time:       328 |       1662 |                               jedi.inference.sys_path
import time:       167 |        167 |                                       jedi.inference.recursion
import time:       303 |        470 |                                     jedi.inference.flow_analysis
import time:       179 |        179 |                                           jedi.common
import time:       208 |        386 |                                         jedi.inference.lazy_value
import time:       438 |        824 |                                       jedi.inference.docstrings
import time:       187 |        187 |                                       jedi.plugins
import time:       875 |       1885 |                                     jedi.inference.names
import time:       930 |       3283 |                                   jedi.inference.filters
import time:       223 |        223 |                                     jedi.inference.compiled.getattr_static
import time:       880 |       1103 |                                   jedi.inference.compiled.access
import time:       379 |        379 |                                   jedi.inference.signature
import time:       575 |        575 |                                   jedi.inference.context
import time:       699 |       6036 |                                 jedi.inference.compiled.value
import time:       187 |       6223 |                               jedi.inference.compiled
import time:       228 |        228 |                               jedi.inference.analysis
import time:       102 |        102 |                                 jedi.inference.gradual
import time:       378 |        378 |                                       jedi.inference.value.module
import time:       380 |        380 |                                             jedi.inference.value.dynamic_arrays
import time:       988 |       1368 |                                           jedi.inference.value.iterable
import time:       353 |       1720 |                                         jedi.inference.arguments
import time:       102 |        102 |                                           jedi.inference.parser_cache
import time:       203 |        203 |                                           jedi.inference.gradual.generics
import time:       574 |        879 |                                         jedi.inference.value.function
import time:       596 |       3194 |                                       jedi.inference.value.klass
import time:       847 |        847 |                                       jedi.inference.value.instance
import time:       316 |       4733 |                                     jedi.inference.value
import time:        32 |       4764 |                                   jedi.inference.value.module
import time:       694 |        694 |                                     jedi.inference.gradual.base
import time:       398 |        398 |                                     jedi.inference.gradual.type_var
import time:       649 |       1741 |                                   jedi.inference.gradual.typing
import time:       390 |       6894 |                                 jedi.inference.gradual.stub_value
import time:       512 |       7507 |                               jedi.inference.gradual.typeshed
import time:       133 |        133 |                                   jedi._compatibility
import time:       240 |        240 |                                   jedi.inference.compiled.subprocess.functions
import time:       193 |        193 |                                   jedi.api.exceptions
import time:      1103 |       1669 |                                 jedi.inference.compiled.subprocess
import time:        49 |       1717 |                               jedi.inference.compiled.subprocess.functions
import time:       449 |      17783 |                             jedi.inference.imports
import time:       214 |        214 |                                 jedi.inference.param
import time:       308 |        521 |                               jedi.inference.gradual.annotation
import time:       162 |        162 |                               jedi.inference.value.decorator
import time:       539 |       1221 |                             jedi.inference.syntax_tree
import time:       274 |      19277 |                           jedi.inference
import time:        28 |      19304 |                         jedi.inference.utils
import time:       175 |        175 |                           jedi.inference.gradual.conversion
import time:       367 |        542 |                         jedi.inference.compiled.mixed
import time:       116 |        116 |                           pydoc_data
import time:      1187 |       1187 |                           pydoc_data.topics
import time:       252 |       1554 |                         jedi.api.keywords
import time:       313 |        313 |                         jedi.api.completion_cache
import time:       482 |        482 |                         jedi.api.helpers
import time:       634 |      22826 |                       jedi.api.classes
import time:       226 |        226 |                       jedi.api.interpreter
import time:       164 |        164 |                         jedi.api.strings
import time:       177 |        177 |                         jedi.api.file_name
import time:       154 |        154 |                         jedi.inference.docstring_utils
import time:       682 |       1176 |                       jedi.api.completion
import time:       227 |        227 |                         filecmp
import time:       543 |        770 |                       jedi.api.environment
import time:       197 |        197 |                         jedi.inference.references
import time:       327 |        524 |                       jedi.api.project
import time:       132 |        132 |                       jedi.api.errors
import time:       268 |        268 |                         jedi.inference.value.namespace
import time:       312 |        580 |                       jedi.api.refactoring
import time:       282 |        282 |                       jedi.api.refactoring.extract
import time:       115 |        115 |                       jedi.inference.gradual.utils
import time:       693 |      41931 |                     jedi.api
import time:       945 |        945 |                       jedi.plugins.stdlib
import time:       117 |        117 |                       jedi.plugins.flask
import time:       277 |        277 |                       jedi.plugins.pytest
import time:       446 |        446 |                       jedi.plugins.django
import time:       284 |       2067 |                     jedi.plugins.registry
import time:       191 |      44188 |                   jedi
import time:      4276 |      54113 |                 IPython.core.completer
import time:       298 |        298 |                 IPython.terminal.ptutils
import time:       163 |        163 |                   IPython.terminal.shortcuts.auto_match
import time:      1026 |       1026 |                     IPython.terminal.shortcuts.filters
import time:       480 |       1506 |                   IPython.terminal.shortcuts.auto_suggest
import time:      3053 |       4721 |                 IPython.terminal.shortcuts
import time:       277 |        277 |                 concurrent.futures.thread
import time:       389 |      59797 |               IPython.terminal.debugger
import time:       167 |        167 |                 IPython.lib.clipboard
import time:       372 |        538 |               IPython.terminal.magics
import time:       236 |        236 |               IPython.terminal.pt_inputhooks
import time:       378 |        378 |               IPython.terminal.prompts
import time:      1859 |     114500 |             IPython.terminal.interactiveshell
import time:       337 |        337 |                 IPython.core.magics.auto
import time:      2433 |       2433 |                 IPython.core.magics.basic
import time:       784 |        784 |                       http
import time:      1081 |       1864 |                     http.client
import time:       300 |        300 |                       urllib.response
import time:       234 |        534 |                     urllib.error
import time:      1498 |       3895 |                   urllib.request
import time:       160 |        160 |                   IPython.utils.contexts
import time:       769 |       4823 |                 IPython.core.magics.code
import time:       377 |        377 |                 IPython.core.magics.config
import time:       717 |        717 |                 IPython.core.magics.display
import time:       211 |        211 |                     _lsprof
import time:      1201 |       1201 |                     profile
import time:       241 |       1653 |                   cProfile
import time:      1620 |       1620 |                   pstats
import time:       253 |        253 |                   timeit
import time:       145 |        145 |                   IPython.utils.module_paths
import time:       183 |        183 |                     resource
import time:       125 |        308 |                   IPython.utils.timing
import time:       258 |        258 |                   IPython.core.magics.ast_mod
import time:     17611 |      21844 |                 IPython.core.magics.execution
import time:       416 |        416 |                 IPython.core.magics.extension
import time:      1712 |       1712 |                 IPython.core.magics.history
import time:       329 |        329 |                 IPython.core.magics.logging
import time:       449 |        449 |                 IPython.core.magics.namespace
import time:      1146 |       1146 |                 IPython.core.magics.osm
import time:       357 |        357 |                 IPython.core.magics.packaging
import time:      1448 |       1448 |                 IPython.core.magics.pylab
import time:      1310 |       1310 |                 IPython.core.magics.script
import time:       542 |      38234 |               IPython.core.magics
import time:       909 |        909 |               IPython.core.shellapp
import time:       138 |        138 |                 IPython.extensions
import time:       445 |        582 |               IPython.extensions.storemagic
import time:      1389 |      41112 |             IPython.terminal.ipapp
import time:      2034 |     212037 |           IPython.terminal.embed
import time:       157 |        157 |           IPython.utils.frame
import time:       411 |     303620 |         IPython
import time:        17 |     303636 |       IPython.core
import time:        19 |     303655 |     IPython.core.interactiveshell
import time:       139 |        139 |       elastic_notebook.algorithm
import time:       171 |        171 |         numpy.version
import time:       143 |        143 |         numpy._expired_attrs_2_0
import time:       121 |        121 |             numpy._utils._convertions
import time:       132 |        252 |           numpy._utils
import time:       288 |        540 |         numpy._globals
import time:        40 |         40 |           numpy._distributor_init_local
import time:       126 |        165 |         numpy._distributor_init
import time:       296 |        296 |                   numpy.exceptions
import time:       332 |        332 |                   numpy._core._exceptions
import time:       123 |        123 |                   numpy._core.printoptions
import time:       338 |        338 |                   numpy.dtypes
import time:      8080 |       9167 |                 numpy._core._multiarray_umath
import time:       150 |        150 |                   numpy._utils._inspect
import time:       354 |        503 |                 numpy._core.overrides
import time:      1924 |      11593 |               numpy._core.multiarray
import time:       256 |        256 |               numpy._core.umath
import time:       184 |        184 |                 numpy._core._dtype
import time:       123 |        123 |                 numpy._core._string_helpers
import time:       333 |        333 |                 numpy._core._type_aliases
import time:       387 |       1025 |               numpy._core.numerictypes
import time:       220 |        220 |                       numpy._core._methods
import time:       943 |       1163 |                     numpy._core.fromnumeric
import time:       357 |       1519 |                   numpy._core.shape_base
import time:       205 |        205 |                   numpy._core._ufunc_config
import time:       164 |        164 |                   numpy._core._asarray
import time:       673 |        673 |                   numpy._core.arrayprint
import time:      1021 |       3580 |                 numpy._core.numeric
import time:       408 |       3987 |               numpy._core.einsumfunc
import time:       251 |        251 |               numpy._core.function_base
import time:       262 |        262 |               numpy._core.getlimits
import time:       196 |        196 |               numpy._core.memmap
import time:       388 |        388 |               numpy._core.records
import time:      6521 |       6521 |               numpy._core._add_newdocs
import time:      1562 |       1562 |               numpy._core._add_newdocs_scalars
import time:       148 |        148 |               numpy._core._dtype_ctypes
import time:       498 |        498 |                   _ctypes
import time:       307 |        307 |                   ctypes._endian
import time:       981 |       1785 |                 ctypes
import time:       754 |       2539 |               numpy._core._internal
import time:       165 |        165 |               numpy._pytesttester
import time:       647 |      29533 |             numpy._core
import time:        30 |      29563 |           numpy._core._multiarray_umath
import time:       319 |      29882 |         numpy.__config__
import time:       260 |        260 |                           numpy._typing._nbit_base
import time:       241 |        241 |                           numpy._typing._nested_sequence
import time:       118 |        118 |                           numpy._typing._shape
import time:      2185 |       2803 |                         numpy._typing._array_like
import time:      1736 |       1736 |                         numpy._typing._char_codes
import time:      2365 |       2365 |                         numpy._typing._dtype_like
import time:       135 |        135 |                         numpy._typing._nbit
import time:       128 |        128 |                         numpy._typing._scalars
import time:       106 |        106 |                         numpy._typing._ufunc
import time:       356 |       7626 |                       numpy._typing
import time:       317 |        317 |                         numpy.lib._stride_tricks_impl
import time:       330 |        646 |                       numpy.lib._twodim_base_impl
import time:       111 |        111 |                         numpy.lib._array_utils_impl
import time:       149 |        259 |                       numpy.lib.array_utils
import time:       345 |        345 |                       numpy.linalg._umath_linalg
import time:      1728 |      10602 |                     numpy.linalg._linalg
import time:       167 |      10769 |                   numpy.linalg
import time:       305 |      11073 |                 numpy.matrixlib.defmatrix
import time:       135 |      11208 |               numpy.matrixlib
import time:       350 |        350 |                 numpy.lib._histograms_impl
import time:      1343 |       1692 |               numpy.lib._function_base_impl
import time:       432 |      13331 |             numpy.lib._index_tricks_impl
import time:       329 |      13659 |           numpy.lib._arraypad_impl
import time:       972 |        972 |           numpy.lib._arraysetops_impl
import time:       189 |        189 |           numpy.lib._arrayterator_impl
import time:       477 |        477 |           numpy.lib._nanfunctions_impl
import time:       263 |        263 |                 numpy.lib._utils_impl
import time:       325 |        587 |               numpy.lib._format_impl
import time:       123 |        710 |             numpy.lib.format
import time:       377 |        377 |             numpy.lib._datasource
import time:       446 |        446 |             numpy.lib._iotools
import time:       759 |       2290 |           numpy.lib._npyio_impl
import time:       201 |        201 |               numpy.lib._ufunclike_impl
import time:       315 |        515 |             numpy.lib._type_check_impl
import time:       578 |       1092 |           numpy.lib._polynomial_impl
import time:       555 |        555 |           numpy.lib._shape_base_impl
import time:       172 |        172 |           numpy.lib._version
import time:       108 |        108 |           numpy.lib.introspect
import time:       213 |        213 |           numpy.lib.mixins
import time:       126 |        126 |           numpy.lib.npyio
import time:       287 |        287 |             numpy.lib._scimath_impl
import time:       104 |        391 |           numpy.lib.scimath
import time:       116 |        116 |           numpy.lib.stride_tricks
import time:       495 |      20849 |         numpy.lib
import time:       178 |        178 |         numpy._array_api_info
import time:      1428 |      53351 |       numpy
import time:       339 |        339 |       elastic_notebook.algorithm.selector
import time:       243 |      54071 |     elastic_notebook.algorithm.baseline
import time:       202 |        202 |         networkx.lazy_imports
import time:       338 |        338 |         networkx.exception
import time:       442 |        442 |           networkx.utils.misc
import time:       459 |        459 |             gzip
import time:       567 |       1026 |           networkx.utils.decorators
import time:       201 |        201 |           networkx.utils.random_sequence
import time:       147 |        147 |           networkx.utils.union_find
import time:       178 |        178 |           networkx.utils.rcm
import time:       236 |        236 |           networkx.utils.heaps
import time:       619 |        619 |           networkx.utils.configs
import time:     13138 |      13138 |           networkx.utils.backends
import time:       276 |      16259 |         networkx.utils
import time:       298 |        298 |             networkx.convert
import time:       514 |        514 |             networkx.classes.coreviews
import time:      1043 |       1043 |             networkx.classes.reportviews
import time:       487 |       2341 |           networkx.classes.graph
import time:       418 |        418 |           networkx.classes.digraph
import time:       299 |        299 |           networkx.classes.multigraph
import time:       277 |        277 |           networkx.classes.multidigraph
import time:       579 |        579 |           networkx.classes.function
import time:       140 |        140 |             networkx.classes.filters
import time:       177 |        317 |           networkx.classes.graphviews
import time:       253 |       4479 |         networkx.classes
import time:       404 |        404 |         networkx.convert_matrix
import time:       228 |        228 |         networkx.relabel
import time:       116 |        116 |                 importlib.resources._itertools
import time:       303 |        419 |               importlib.resources.readers
import time:       105 |        523 |             importlib.readers
import time:       330 |        852 |           networkx.generators.atlas
import time:       651 |        651 |           networkx.generators.classic
import time:       198 |        198 |           networkx.generators.cographs
import time:       404 |        404 |           networkx.generators.community
import time:       541 |        541 |           networkx.generators.degree_seq
import time:       332 |        332 |           networkx.generators.directed
import time:       188 |        188 |           networkx.generators.duplication
import time:       144 |        144 |           networkx.generators.ego
import time:       310 |        310 |           networkx.generators.expanders
import time:       412 |        412 |           networkx.generators.geometric
import time:       251 |        251 |           networkx.generators.harary_graph
import time:       276 |        276 |           networkx.generators.internet_as_graphs
import time:       192 |        192 |           networkx.generators.intersection
import time:       137 |        137 |           networkx.generators.interval_graph
import time:       238 |        238 |           networkx.generators.joint_degree_seq
import time:       328 |        328 |           networkx.generators.lattice
import time:       258 |        258 |           networkx.generators.line
import time:       181 |        181 |           networkx.generators.mycielski
import time:       198 |        198 |           networkx.generators.nonisomorphic_trees
import time:       162 |        162 |           networkx.generators.random_clustered
import time:       725 |        725 |           networkx.generators.random_graphs
import time:       647 |        647 |           networkx.generators.small
import time:       315 |        315 |           networkx.generators.social
import time:       174 |        174 |           networkx.generators.spectral_graph_forge
import time:       181 |        181 |           networkx.generators.stochastic
import time:       128 |        128 |           networkx.generators.sudoku
import time:       133 |        133 |           networkx.generators.time_series
import time:       357 |        357 |           networkx.generators.trees
import time:       152 |        152 |           networkx.generators.triads
import time:       625 |       9676 |         networkx.generators
import time:       254 |        254 |           networkx.readwrite.adjlist
import time:       312 |        312 |           networkx.readwrite.multiline_adjlist
import time:       255 |        255 |           networkx.readwrite.edgelist
import time:       240 |        240 |           networkx.readwrite.pajek
import time:       174 |        174 |           networkx.readwrite.leda
import time:       241 |        241 |             networkx.readwrite.graph6
import time:       214 |        455 |           networkx.readwrite.sparse6
import time:       719 |        719 |           networkx.readwrite.gml
import time:       626 |        626 |           networkx.readwrite.graphml
import time:       118 |        118 |               xml.etree
import time:       476 |        476 |               xml.etree.ElementPath
import time:       116 |        116 |               _elementtree
import time:      1000 |       1709 |             xml.etree.ElementTree
import time:       448 |       2156 |           networkx.readwrite.gexf
import time:       203 |        203 |             networkx.readwrite.json_graph.node_link
import time:       161 |        161 |             networkx.readwrite.json_graph.adjacency
import time:       147 |        147 |             networkx.readwrite.json_graph.tree
import time:       145 |        145 |             networkx.readwrite.json_graph.cytoscape
import time:       196 |        849 |           networkx.readwrite.json_graph
import time:       372 |        372 |           networkx.readwrite.text
import time:       294 |       6700 |         networkx.readwrite
import time:       201 |        201 |             networkx.algorithms.assortativity.connectivity
import time:       152 |        152 |                 networkx.algorithms.assortativity.pairs
import time:       998 |       1150 |               networkx.algorithms.assortativity.mixing
import time:       226 |       1375 |             networkx.algorithms.assortativity.correlation
import time:       180 |        180 |             networkx.algorithms.assortativity.neighbor_degree
import time:       283 |       2037 |           networkx.algorithms.assortativity
import time:       196 |        196 |           networkx.algorithms.asteroidal
import time:       163 |        163 |           networkx.algorithms.boundary
import time:       191 |        191 |           networkx.algorithms.broadcasting
import time:       194 |        194 |           networkx.algorithms.bridges
import time:       181 |        181 |           networkx.algorithms.chains
import time:       319 |        319 |                   networkx.algorithms.shortest_paths.generic
import time:       391 |        391 |                   networkx.algorithms.shortest_paths.unweighted
import time:       677 |        677 |                   networkx.algorithms.shortest_paths.weighted
import time:       226 |        226 |                   networkx.algorithms.shortest_paths.astar
import time:       209 |        209 |                   networkx.algorithms.shortest_paths.dense
import time:       199 |       2018 |                 networkx.algorithms.shortest_paths
import time:        26 |       2043 |               networkx.algorithms.shortest_paths.weighted
import time:       293 |       2336 |             networkx.algorithms.centrality.betweenness
import time:       266 |        266 |             networkx.algorithms.centrality.betweenness_subset
import time:       193 |        193 |             networkx.algorithms.centrality.closeness
import time:       243 |        243 |               networkx.algorithms.centrality.flow_matrix
import time:       255 |        497 |             networkx.algorithms.centrality.current_flow_betweenness
import time:       199 |        199 |             networkx.algorithms.centrality.current_flow_betweenness_subset
import time:       151 |        151 |             networkx.algorithms.centrality.current_flow_closeness
import time:       190 |        190 |             networkx.algorithms.centrality.degree_alg
import time:       136 |        136 |             networkx.algorithms.centrality.dispersion
import time:       200 |        200 |             networkx.algorithms.centrality.eigenvector
import time:       291 |        291 |             networkx.algorithms.centrality.group
import time:       140 |        140 |             networkx.algorithms.centrality.harmonic
import time:       304 |        304 |             networkx.algorithms.centrality.katz
import time:       179 |        179 |             networkx.algorithms.centrality.load
import time:       148 |        148 |             networkx.algorithms.centrality.percolation
import time:       168 |        168 |             networkx.algorithms.centrality.reaching
import time:       149 |        149 |             networkx.algorithms.centrality.second_order
import time:       231 |        231 |             networkx.algorithms.centrality.subgraph_alg
import time:       205 |        205 |             networkx.algorithms.centrality.trophic
import time:       150 |        150 |             networkx.algorithms.centrality.voterank_alg
import time:       155 |        155 |             networkx.algorithms.centrality.laplacian
import time:       374 |       6652 |           networkx.algorithms.centrality
import time:       866 |        866 |               networkx.algorithms.components.connected
import time:       376 |        376 |               networkx.algorithms.components.strongly_connected
import time:       201 |        201 |               networkx.algorithms.components.weakly_connected
import time:       170 |        170 |               networkx.algorithms.components.attracting
import time:       217 |        217 |               networkx.algorithms.components.biconnected
import time:       157 |        157 |               networkx.algorithms.components.semiconnected
import time:       190 |       2173 |             networkx.algorithms.components
import time:       289 |       2461 |           networkx.algorithms.chordal
import time:       447 |        447 |           networkx.algorithms.cluster
import time:       403 |        403 |           networkx.algorithms.clique
import time:       189 |        189 |           networkx.algorithms.communicability_alg
import time:       322 |        322 |             networkx.algorithms.coloring.greedy_coloring
import time:       281 |        281 |             networkx.algorithms.coloring.equitable_coloring
import time:       161 |        764 |           networkx.algorithms.coloring
import time:       417 |        417 |           networkx.algorithms.core
import time:       208 |        208 |           networkx.algorithms.covering
import time:       525 |        525 |           networkx.algorithms.cycles
import time:       386 |        386 |           networkx.algorithms.cuts
import time:       248 |        248 |           networkx.algorithms.d_separation
import time:       646 |        646 |           networkx.algorithms.dag
import time:       389 |        389 |           networkx.algorithms.distance_measures
import time:       243 |        243 |           networkx.algorithms.distance_regular
import time:       243 |        243 |           networkx.algorithms.dominance
import time:       264 |        264 |           networkx.algorithms.dominating
import time:       182 |        182 |           networkx.algorithms.efficiency_measures
import time:       289 |        289 |           networkx.algorithms.euler
import time:       245 |        245 |           networkx.algorithms.graphical
import time:       133 |        133 |           networkx.algorithms.hierarchy
import time:       155 |        155 |           networkx.algorithms.hybrid
import time:       249 |        249 |             networkx.algorithms.link_analysis.hits_alg
import time:       206 |        206 |             networkx.algorithms.link_analysis.pagerank_alg
import time:       136 |        590 |           networkx.algorithms.link_analysis
import time:       412 |        412 |           networkx.algorithms.link_prediction
import time:       235 |        235 |           networkx.algorithms.lowest_common_ancestors
import time:       160 |        160 |           networkx.algorithms.isolate
import time:       349 |        349 |           networkx.algorithms.matching
import time:       384 |        384 |             networkx.algorithms.minors.contraction
import time:       142 |        525 |           networkx.algorithms.minors
import time:       159 |        159 |           networkx.algorithms.mis
import time:       135 |        135 |           networkx.algorithms.moral
import time:       158 |        158 |           networkx.algorithms.non_randomness
import time:       280 |        280 |             networkx.algorithms.operators.all
import time:       259 |        259 |             networkx.algorithms.operators.binary
import time:       320 |        320 |             networkx.algorithms.operators.product
import time:       155 |        155 |             networkx.algorithms.operators.unary
import time:       169 |       1181 |           networkx.algorithms.operators
import time:       620 |        620 |           networkx.algorithms.planarity
import time:       208 |        208 |           networkx.algorithms.planar_drawing
import time:       170 |        170 |           networkx.algorithms.polynomials
import time:       163 |        163 |           networkx.algorithms.perfect_graph
import time:       189 |        189 |           networkx.algorithms.reciprocity
import time:       205 |        205 |           networkx.algorithms.regular
import time:       163 |        163 |           networkx.algorithms.richclub
import time:      1233 |       1233 |           networkx.algorithms.similarity
import time:       281 |        281 |           networkx.algorithms.graph_hashing
import time:       310 |        310 |           networkx.algorithms.simple_paths
import time:       262 |        262 |           networkx.algorithms.smallworld
import time:       151 |        151 |           networkx.algorithms.smetric
import time:       244 |        244 |           networkx.algorithms.structuralholes
import time:       181 |        181 |           networkx.algorithms.sparsifiers
import time:       315 |        315 |           networkx.algorithms.summarization
import time:       274 |        274 |           networkx.algorithms.swap
import time:       165 |        165 |           networkx.algorithms.time_dependent
import time:       163 |        163 |             networkx.algorithms.traversal.beamsearch
import time:       246 |        246 |             networkx.algorithms.traversal.breadth_first_search
import time:       265 |        265 |             networkx.algorithms.traversal.depth_first_search
import time:       160 |        160 |             networkx.algorithms.traversal.edgedfs
import time:       145 |        145 |             networkx.algorithms.traversal.edgebfs
import time:       181 |       1158 |           networkx.algorithms.traversal
import time:       277 |        277 |           networkx.algorithms.triads
import time:       219 |        219 |           networkx.algorithms.vitality
import time:       149 |        149 |           networkx.algorithms.voronoi
import time:       128 |        128 |           networkx.algorithms.walks
import time:       223 |        223 |           networkx.algorithms.wiener
import time:       190 |        190 |             networkx.algorithms.approximation.clustering_coefficient
import time:       145 |        145 |               networkx.algorithms.approximation.ramsey
import time:       278 |        423 |             networkx.algorithms.approximation.clique
import time:       214 |        214 |             networkx.algorithms.approximation.connectivity
import time:       154 |        154 |             networkx.algorithms.approximation.distance_measures
import time:       155 |        155 |             networkx.algorithms.approximation.dominating_set
import time:       441 |        441 |             networkx.algorithms.approximation.kcomponents
import time:       141 |        141 |             networkx.algorithms.approximation.matching
import time:       228 |        228 |             networkx.algorithms.approximation.steinertree
import time:       197 |        197 |                     networkx.algorithms.tree.recognition
import time:      1235 |       1432 |                   networkx.algorithms.tree.branchings
import time:       294 |        294 |                   networkx.algorithms.tree.coding
import time:       210 |        210 |                   networkx.algorithms.tree.distance_measures
import time:      1400 |       1400 |                   networkx.algorithms.tree.mst
import time:       202 |        202 |                   networkx.algorithms.tree.operations
import time:       199 |        199 |                   networkx.algorithms.tree.decomposition
import time:       248 |       3982 |                 networkx.algorithms.tree
import time:        26 |       4008 |               networkx.algorithms.tree.mst
import time:       484 |       4491 |             networkx.algorithms.approximation.traveling_salesman
import time:       369 |        369 |             networkx.algorithms.approximation.treewidth
import time:       162 |        162 |             networkx.algorithms.approximation.vertex_cover
import time:       194 |        194 |             networkx.algorithms.approximation.maxcut
import time:       262 |        262 |             networkx.algorithms.approximation.density
import time:       304 |       7724 |           networkx.algorithms.approximation
import time:       288 |        288 |             networkx.algorithms.bipartite.basic
import time:       197 |        197 |             networkx.algorithms.bipartite.centrality
import time:       233 |        233 |             networkx.algorithms.bipartite.cluster
import time:       185 |        185 |                 networkx.algorithms.bipartite.matrix
import time:       264 |        448 |               networkx.algorithms.bipartite.matching
import time:       159 |        607 |             networkx.algorithms.bipartite.covering
import time:       368 |        368 |             networkx.algorithms.bipartite.edgelist
import time:       302 |        302 |             networkx.algorithms.bipartite.projection
import time:       159 |        159 |             networkx.algorithms.bipartite.redundancy
import time:       142 |        142 |             networkx.algorithms.bipartite.spectral
import time:       370 |        370 |             networkx.algorithms.bipartite.generators
import time:       174 |        174 |             networkx.algorithms.bipartite.extendability
import time:       191 |        191 |             networkx.algorithms.bipartite.link_analysis
import time:       295 |       3322 |           networkx.algorithms.bipartite
import time:       199 |        199 |           networkx.algorithms.node_classification
import time:       234 |        234 |             networkx.algorithms.community.asyn_fluid
import time:       332 |        332 |             networkx.algorithms.community.bipartitions
import time:       161 |        161 |             networkx.algorithms.community.centrality
import time:       170 |        170 |             networkx.algorithms.community.divisive
import time:       149 |        149 |             networkx.algorithms.community.kclique
import time:       240 |        240 |             networkx.algorithms.community.label_propagation
import time:       232 |        232 |             networkx.algorithms.community.lukes
import time:       268 |        268 |                 networkx.algorithms.community.community_utils
import time:       502 |        769 |               networkx.algorithms.community.quality
import time:       315 |        315 |               networkx.utils.mapped_queue
import time:       346 |       1429 |             networkx.algorithms.community.modularity_max
import time:       484 |        484 |             networkx.algorithms.community.louvain
import time:       510 |        510 |             networkx.algorithms.community.leiden
import time:       231 |        231 |             networkx.algorithms.community.local
import time:       335 |       4501 |           networkx.algorithms.community
import time:       413 |        413 |                 networkx.algorithms.flow.utils
import time:       332 |        745 |               networkx.algorithms.flow.boykovkolmogorov
import time:       202 |        202 |               networkx.algorithms.flow.dinitz_alg
import time:       206 |        206 |               networkx.algorithms.flow.edmondskarp
import time:       235 |        235 |               networkx.algorithms.flow.preflowpush
import time:       175 |        175 |               networkx.algorithms.flow.shortestaugmentingpath
import time:       436 |       1996 |             networkx.algorithms.flow.maxflow
import time:       213 |        213 |             networkx.algorithms.flow.mincost
import time:       206 |        206 |             networkx.algorithms.flow.gomory_hu
import time:       268 |        268 |             networkx.algorithms.flow.capacityscaling
import time:       422 |        422 |             networkx.algorithms.flow.networksimplex
import time:       262 |       3364 |           networkx.algorithms.flow
import time:       358 |        358 |             networkx.algorithms.isomorphism.isomorph
import time:       309 |        309 |               networkx.algorithms.isomorphism.isomorphvf2
import time:       242 |        551 |             networkx.algorithms.isomorphism.vf2userfunc
import time:       253 |        253 |             networkx.algorithms.isomorphism.matchhelpers
import time:       239 |        239 |             networkx.algorithms.isomorphism.temporalisomorphvf2
import time:       455 |        455 |             networkx.algorithms.isomorphism.ismags
import time:       386 |        386 |             networkx.algorithms.isomorphism.tree_isomorphism
import time:       652 |        652 |             networkx.algorithms.isomorphism.vf2pp
import time:       261 |       3151 |           networkx.algorithms.isomorphism
import time:       390 |        390 |           networkx.algorithms.tournament
import time:       187 |        187 |               networkx.algorithms.connectivity.utils
import time:       359 |        546 |             networkx.algorithms.connectivity.connectivity
import time:       446 |        446 |             networkx.algorithms.connectivity.cuts
import time:       678 |        678 |             networkx.algorithms.connectivity.edge_augmentation
import time:       420 |        420 |             networkx.algorithms.connectivity.edge_kcomponents
import time:      1374 |       1374 |             networkx.algorithms.connectivity.disjoint_paths
import time:       249 |        249 |             networkx.algorithms.connectivity.kcomponents
import time:       293 |        293 |             networkx.algorithms.connectivity.kcutsets
import time:       253 |        253 |             networkx.algorithms.connectivity.stoerwagner
import time:       326 |       4581 |           networkx.algorithms.connectivity
import time:      1493 |      58336 |         networkx.algorithms
import time:       272 |        272 |           networkx.linalg.attrmatrix
import time:       248 |        248 |           networkx.linalg.spectrum
import time:       176 |        176 |           networkx.linalg.graphmatrix
import time:       272 |        272 |           networkx.linalg.laplacianmatrix
import time:       419 |        419 |           networkx.linalg.algebraicconnectivity
import time:       316 |        316 |           networkx.linalg.modularitymatrix
import time:       163 |        163 |           networkx.linalg.bethehessianmatrix
import time:       368 |       2229 |         networkx.linalg
import time:       566 |        566 |           networkx.drawing.layout
import time:       205 |        205 |           networkx.drawing.nx_latex
import time:       636 |        636 |           networkx.drawing.nx_pylab
import time:       266 |        266 |           networkx.drawing.nx_agraph
import time:       342 |        342 |           networkx.drawing.nx_pydot
import time:       261 |       2274 |         networkx.drawing
import time:     11574 |     112693 |       networkx
import time:       181 |        181 |           elastic_notebook.core
import time:       172 |        352 |         elastic_notebook.core.graph
import time:       189 |        541 |       elastic_notebook.core.graph.cell_execution
import time:       122 |        122 |       elastic_notebook.core.graph.variable_snapshot
import time:       270 |     113624 |     elastic_notebook.algorithm.optimizer_exact
import time:       105 |        105 |       elastic_notebook.core.common
import time:       190 |        294 |     elastic_notebook.core.common.profile_migration_speed
import time:       184 |        184 |     elastic_notebook.core.graph.graph
import time:       115 |        115 |       elastic_notebook.core.io
import time:       133 |        133 |         dill.__info__
import time:       524 |        524 |           dill.logger
import time:      1184 |       1184 |           _pyio
import time:       356 |        356 |                 multiprocessing.process
import time:       387 |        387 |                 multiprocessing.reduction
import time:       602 |       1344 |               multiprocessing.context
import time:       235 |       1578 |             multiprocessing
import time:        27 |       1605 |           multiprocessing.reduction
import time:       219 |        219 |           dill._shims
import time:       115 |        115 |           dill.settings
import time:       117 |        117 |           winreg
import time:      1844 |       5606 |         dill._dill
import time:       925 |        925 |         dill.session
import time:       142 |        142 |           dill.pointers
import time:       333 |        475 |         dill.detect
import time:       361 |        361 |         dill.source
import time:       166 |        166 |         dill.temp
import time:       107 |        107 |         dill.objtypes
import time:       388 |       8158 |       dill
import time:       123 |        123 |       elastic_notebook.core.io.adapter
import time:       206 |       8602 |     elastic_notebook.core.io.filesystem_adapter
import time:       120 |        120 |     elastic_notebook.core.io.recover
import time:       104 |        104 |       elastic_notebook.core.mutation
import time:       145 |        145 |       elastic_notebook.core.mutation.id_graph
import time:       267 |        267 |           xxhash._xxhash
import time:       137 |        137 |           xxhash.version
import time:       187 |        590 |         xxhash
import time:       270 |        859 |       elastic_notebook.core.mutation.object_hash
import time:       263 |       1370 |     elastic_notebook.core.mutation.fingerprint
import time:       112 |        112 |       elastic_notebook.core.notebook
import time:       163 |        163 |           ipykernel._version
import time:       182 |        182 |               jupyter_client._version
import time:       139 |        139 |                         zmq.backend.select
import time:      3791 |       3791 |                           zmq.constants
import time:       358 |        358 |                           zmq.error
import time:      1116 |       5263 |                         zmq.backend.cython._zmq
import time:       358 |       5759 |                       zmq.backend
import time:        96 |         96 |                           zmq._typing
import time:        98 |         98 |                             zmq.utils
import time:       149 |        246 |                           zmq.utils.interop
import time:       285 |        285 |                           zmq.sugar.attrsettr
import time:       117 |        117 |                             zmq.utils.jsonapi
import time:       166 |        166 |                             zmq.sugar.poll
import time:       631 |        913 |                           zmq.sugar.socket
import time:       473 |       2010 |                         zmq.sugar.context
import time:       200 |        200 |                         zmq.sugar.frame
import time:       149 |        149 |                         zmq.sugar.tracker
import time:       265 |        265 |                         zmq.sugar.version
import time:       126 |        126 |                         zmq.sugar.stopwatch
import time:       272 |       3021 |                       zmq.sugar
import time:       323 |       9102 |                     zmq
import time:       801 |        801 |                     zmq._future
import time:       427 |      10329 |                   zmq.asyncio
import time:       147 |        147 |                         jupyter_core.version
import time:       150 |        297 |                       jupyter_core
import time:       223 |        519 |                     jupyter_core.utils
import time:       185 |        185 |                     jupyter_client.channelsabc
import time:       224 |        224 |                       hmac
import time:       268 |        268 |                         tornado
import time:       168 |        168 |                                 tornado.speedups
import time:       718 |        886 |                               tornado.util
import time:      1734 |       2619 |                             tornado.escape
import time:        83 |         83 |                             colorama
import time:       689 |        689 |                               _curses
import time:       234 |        922 |                             curses
import time:       312 |       3934 |                           tornado.log
import time:       463 |       4397 |                         tornado.concurrent
import time:       769 |       5433 |                       tornado.ioloop
import time:       143 |        143 |                       traitlets.log
import time:       115 |        115 |                         zmq.eventloop
import time:       363 |        478 |                       zmq.eventloop.zmqstream
import time:      1050 |       1050 |                       jupyter_client.adapter
import time:       138 |        138 |                             dateutil._version
import time:       180 |        318 |                           dateutil
import time:      1061 |       1061 |                             six
import time:       128 |        128 |                             dateutil._common
import time:        97 |         97 |                               six.moves
import time:       345 |        345 |                               dateutil.tz._common
import time:       221 |        221 |                               dateutil.tz._factories
import time:       102 |        102 |                                 six.moves.winreg
import time:       259 |        360 |                               dateutil.tz.win
import time:       820 |       1842 |                             dateutil.tz.tz
import time:      1249 |       4277 |                           dateutil.parser._parser
import time:       376 |        376 |                           dateutil.parser.isoparser
import time:       233 |       5203 |                         dateutil.parser
import time:       933 |        933 |                         _strptime
import time:       746 |       6881 |                       jupyter_client.jsonutil
import time:      1154 |      15360 |                     jupyter_client.session
import time:       439 |      16502 |                   jupyter_client.channels
import time:       370 |        370 |                       termios
import time:       259 |        629 |                     getpass
import time:       202 |        202 |                     jupyter_client.clientabc
import time:       317 |        317 |                           platformdirs.api
import time:       119 |        119 |                           platformdirs.version
import time:      1775 |       1775 |                             configparser
import time:       245 |       2019 |                           platformdirs.unix
import time:       304 |       2758 |                         platformdirs
import time:       597 |       3354 |                       jupyter_core.paths
import time:       444 |        444 |                       jupyter_client.localinterfaces
import time:       168 |        168 |                       jupyter_client.utils
import time:       898 |       4863 |                     jupyter_client.connect
import time:       919 |       6612 |                   jupyter_client.client
import time:       580 |      34021 |                 jupyter_client.asynchronous.client
import time:       234 |      34254 |               jupyter_client.asynchronous
import time:       679 |        679 |                 jupyter_client.blocking.client
import time:       160 |        838 |               jupyter_client.blocking
import time:       178 |        178 |               jupyter_client.launcher
import time:       577 |        577 |                       jupyter_client.provisioning.provisioner_base
import time:       395 |        972 |                     jupyter_client.provisioning.factory
import time:       444 |        444 |                     jupyter_client.provisioning.local_provisioner
import time:       139 |       1554 |                   jupyter_client.provisioning
import time:      1040 |       2594 |                 jupyter_client.kernelspec
import time:       171 |        171 |                 jupyter_client.managerabc
import time:      2135 |       4898 |               jupyter_client.manager
import time:       963 |        963 |               jupyter_client.multikernelmanager
import time:       258 |      41568 |             jupyter_client
import time:       156 |      41723 |           ipykernel.connect
import time:       153 |      42038 |         ipykernel
import time:       396 |        396 |           ipykernel.jsonutil
import time:       452 |        847 |         ipykernel.displayhook
import time:      1590 |      44474 |       ipykernel.zmqshell
import time:       187 |        187 |       elastic_notebook.core.common.profile_variable_size
import time:       167 |        167 |         elastic_notebook.core.common.checkpoint_file
import time:       190 |        356 |       elastic_notebook.core.io.migrate
import time:       264 |      45392 |     elastic_notebook.core.notebook.checkpoint
import time:       198 |        198 |     elastic_notebook.core.notebook.find_input_vars
import time:       107 |        107 |     elastic_notebook.core.notebook.find_output_vars
import time:       138 |        138 |     elastic_notebook.core.notebook.restore_notebook
import time:       106 |        106 |     elastic_notebook.core.notebook.update_graph
import time:       430 |     555275 |   elastic_notebook.elastic_notebook
import time:       216 |     555491 | elastic_notebook
