import time: self [us] | cumulative | imported package
import time:       282 |        282 |   _io
import time:        38 |         38 |   marshal
import time:       335 |        335 |   posix
import time:       334 |        987 | _frozen_importlib_external
import time:        97 |         97 |   time
import time:       108 |        204 | zipimport
import time:        55 |         55 |     _codecs
import time:       322 |        376 |   codecs
import time:       450 |        450 |   encodings.aliases
import time:       500 |       1325 | encodings
import time:       216 |        216 | encodings.utf_8
import time:       100 |        100 | _signal
import time:        31 |         31 |     _abc
import time:       117 |        148 |   abc
import time:       167 |        314 | io
import time:        43 |         43 |       _stat
import time:        59 |        102 |     stat
import time:       875 |        875 |     _collections_abc
import time:        50 |         50 |       genericpath
import time:        78 |        127 |     posixpath
import time:       349 |       1451 |   os
import time:        71 |         71 |   _sitebuiltins
import time:       630 |        630 |   _virtualenv
import time:       259 |        259 |   _distutils_hack
import time:        59 |         59 |     apport_python_hook
import time:       134 |        192 |   sitecustomize
import time:      1270 |       3871 | site
import time:       177 |        177 |     __future__
import time:       261 |        261 |           types
import time:       175 |        175 |             _operator
import time:       348 |        523 |           operator
import time:       206 |        206 |               itertools
import time:       150 |        150 |               keyword
import time:       188 |        188 |               reprlib
import time:       104 |        104 |               _collections
import time:       865 |       1512 |             collections
import time:        64 |         64 |             _functools
import time:       633 |       2208 |           functools
import time:      1373 |       4363 |         enum
import time:        73 |         73 |           _sre
import time:       289 |        289 |             re._constants
import time:       516 |        804 |           re._parser
import time:       129 |        129 |           re._casefix
import time:       358 |       1362 |         re._compiler
import time:       181 |        181 |         copyreg
import time:       669 |       6574 |       re
import time:       150 |        150 |         collections.abc
import time:       178 |        178 |             token
import time:        43 |         43 |             _tokenize
import time:      1839 |       2059 |           tokenize
import time:       199 |       2258 |         linecache
import time:       965 |        965 |         textwrap
import time:       601 |        601 |         contextlib
import time:       608 |       4580 |       traceback
import time:       451 |        451 |       warnings
import time:       254 |        254 |         _weakrefset
import time:       488 |        742 |       weakref
import time:        44 |         44 |         _string
import time:       573 |        616 |       string
import time:       717 |        717 |       threading
import time:        63 |         63 |       atexit
import time:      2018 |      15758 |     logging
import time:       209 |        209 |       _datetime
import time:       160 |        368 |     datetime
import time:       240 |        240 |         _socket
import time:       121 |        121 |           math
import time:        65 |         65 |           select
import time:       729 |        915 |         selectors
import time:        79 |         79 |         errno
import time:       123 |        123 |         array
import time:      1709 |       3063 |       socket
import time:       187 |        187 |           _struct
import time:       149 |        336 |         struct
import time:       306 |        306 |         _compat_pickle
import time:       115 |        115 |         _pickle
import time:       910 |       1666 |       pickle
import time:        44 |         44 |           _heapq
import time:       217 |        261 |         heapq
import time:       207 |        207 |         _queue
import time:       303 |        770 |       queue
import time:       213 |        213 |       copy
import time:       905 |       6615 |     logging.handlers
import time:       160 |        160 |       fnmatch
import time:       140 |        140 |         urllib
import time:      1851 |       1851 |         ipaddress
import time:      1091 |       3082 |       urllib.parse
import time:       153 |        153 |         _winapi
import time:        60 |         60 |         nt
import time:        53 |         53 |         nt
import time:        48 |         48 |         nt
import time:        47 |         47 |         nt
import time:        46 |         46 |         nt
import time:        46 |         46 |         nt
import time:       122 |        570 |       ntpath
import time:       864 |       4674 |     pathlib
import time:       139 |        139 |             IPython.core
import time:       171 |        309 |           IPython.core.getipython
import time:       107 |        107 |           IPython.core.release
import time:        97 |         97 |               zlib
import time:       204 |        204 |                 _compression
import time:       282 |        282 |                 _bz2
import time:       384 |        870 |               bz2
import time:       331 |        331 |                 _lzma
import time:       297 |        627 |               lzma
import time:       747 |       2340 |             shutil
import time:        53 |         53 |                     _typing
import time:      3411 |       3464 |                   typing
import time:        99 |         99 |                         _ast
import time:      1371 |       1470 |                       ast
import time:        39 |         39 |                           _opcode
import time:       502 |        541 |                         opcode
import time:       931 |       1471 |                       dis
import time:       177 |        177 |                         importlib
import time:        74 |        251 |                       importlib.machinery
import time:      2784 |       5974 |                     inspect
import time:       197 |        197 |                       traitlets.utils
import time:       229 |        425 |                     traitlets.utils.bunch
import time:       145 |        145 |                     traitlets.utils.descriptions
import time:       109 |        109 |                     traitlets.utils.getargspec
import time:        97 |         97 |                     traitlets.utils.importstring
import time:       110 |        110 |                     traitlets.utils.sentinel
import time:       140 |        140 |                     traitlets.utils.warnings
import time:      3416 |      10412 |                   traitlets.traitlets
import time:       302 |        302 |                   traitlets._version
import time:       215 |        215 |                   traitlets.utils.decorators
import time:       353 |      14745 |                 traitlets
import time:       215 |        215 |                         _json
import time:       485 |        699 |                       json.scanner
import time:       418 |       1117 |                     json.decoder
import time:       470 |        470 |                     json.encoder
import time:       220 |       1806 |                   json
import time:       654 |        654 |                     dataclasses
import time:       352 |       1005 |                   pprint
import time:       652 |        652 |                     socketserver
import time:      1484 |       2136 |                   logging.config
import time:       120 |        120 |                     traitlets.utils.text
import time:       843 |        843 |                         gettext
import time:      1016 |       1858 |                       argparse
import time:      1282 |       3139 |                     traitlets.config.loader
import time:      1211 |       4469 |                   traitlets.config.configurable
import time:       161 |        161 |                   traitlets.utils.nested_update
import time:      1167 |      10743 |                 traitlets.config.application
import time:       209 |      25696 |               traitlets.config
import time:        26 |      25721 |             traitlets.config.application
import time:      1265 |       1265 |                       html.entities
import time:       477 |       1742 |                     html
import time:       246 |        246 |                         executing._utils
import time:       148 |        148 |                           executing._exceptions
import time:       517 |        664 |                         executing._position_node_finder
import time:       759 |       1668 |                       executing.executing
import time:       119 |        119 |                       executing._pytest_utils
import time:        95 |         95 |                       executing.version
import time:       331 |       2211 |                     executing
import time:        53 |         53 |                             _bisect
import time:       143 |        196 |                           bisect
import time:       218 |        414 |                         asttokens.line_numbers
import time:        79 |         79 |                               astroid
import time:        42 |        121 |                             astroid.nodes
import time:      1466 |       1587 |                           asttokens.util
import time:       294 |       1880 |                         asttokens.asttokens
import time:       196 |       2489 |                       asttokens
import time:        26 |       2514 |                     asttokens.util
import time:       478 |        478 |                                 numbers
import time:       751 |       1229 |                               _decimal
import time:       152 |       1380 |                             decimal
import time:      1946 |       1946 |                             fractions
import time:       327 |       3653 |                           pure_eval.utils
import time:       149 |       3801 |                         pure_eval.my_getattr_static
import time:       393 |       4193 |                       pure_eval.core
import time:       116 |        116 |                       pure_eval.version
import time:       189 |       4498 |                     pure_eval
import time:       455 |        455 |                     stack_data.utils
import time:      1404 |      12822 |                   stack_data.core
import time:       308 |        308 |                   stack_data.formatting
import time:       261 |        261 |                   stack_data.serializing
import time:       132 |        132 |                   stack_data.version
import time:       224 |      13744 |                 stack_data
import time:       149 |        149 |                     pygments
import time:       273 |        273 |                     pygments.formatters._mapping
import time:        78 |         78 |                           _csv
import time:       353 |        430 |                         csv
import time:       144 |        144 |                         email
import time:        89 |         89 |                           binascii
import time:       143 |        143 |                             importlib._abc
import time:       145 |        288 |                           importlib.util
import time:       201 |        201 |                             zipfile._path.glob
import time:       522 |        723 |                           zipfile._path
import time:      1059 |       2156 |                         zipfile
import time:       194 |        194 |                             quopri
import time:        48 |         48 |                                 _random
import time:        67 |         67 |                                 _sha2
import time:       387 |        501 |                               random
import time:       113 |        113 |                                     _locale
import time:      1486 |       1598 |                                   locale
import time:      1007 |       2605 |                                 calendar
import time:       273 |       2878 |                               email._parseaddr
import time:       381 |        381 |                                   base64
import time:       129 |        510 |                                 email.base64mime
import time:       242 |        242 |                                 email.quoprimime
import time:       675 |        675 |                                 email.errors
import time:       139 |        139 |                                 email.encoders
import time:       254 |       1818 |                               email.charset
import time:       533 |       5727 |                             email.utils
import time:       736 |        736 |                               email.header
import time:       317 |       1053 |                             email._policybase
import time:       353 |        353 |                             email._encoded_words
import time:       139 |        139 |                             email.iterators
import time:       738 |       8201 |                           email.message
import time:       100 |        100 |                             importlib.metadata._functools
import time:       162 |        261 |                           importlib.metadata._text
import time:       380 |       8841 |                         importlib.metadata._adapters
import time:       442 |        442 |                         importlib.metadata._meta
import time:       286 |        286 |                         importlib.metadata._collections
import time:       116 |        116 |                         importlib.metadata._itertools
import time:       561 |        561 |                               tempfile
import time:       426 |        426 |                               importlib.resources.abc
import time:       371 |        371 |                               importlib.resources._adapters
import time:       532 |       1888 |                             importlib.resources._common
import time:       269 |        269 |                             importlib.resources._legacy
import time:       174 |       2329 |                           importlib.resources
import time:       389 |       2717 |                         importlib.abc
import time:      1426 |      16555 |                       importlib.metadata
import time:       144 |      16698 |                     pygments.plugin
import time:      1054 |       1054 |                     pygments.util
import time:       267 |      18439 |                   pygments.formatters
import time:       253 |        253 |                       pygments.styles._mapping
import time:       168 |        420 |                     pygments.styles
import time:       148 |        567 |                   pygments.formatter
import time:       162 |        162 |                   pygments.console
import time:       436 |        436 |                     pygments.token
import time:       319 |        755 |                   pygments.style
import time:       278 |      20200 |                 pygments.formatters.terminal256
import time:       129 |        129 |                 IPython.utils
import time:       344 |        344 |                   glob
import time:      1443 |       1443 |                         signal
import time:        76 |         76 |                         fcntl
import time:        75 |         75 |                         msvcrt
import time:        31 |         31 |                         _posixsubprocess
import time:       657 |       2279 |                       subprocess
import time:       305 |        305 |                         shlex
import time:        75 |         75 |                             _wmi
import time:       599 |        673 |                           platform
import time:       194 |        194 |                           IPython.utils.encoding
import time:       452 |       1318 |                         IPython.utils.py3compat
import time:       248 |       1870 |                       IPython.utils._process_common
import time:       170 |       4318 |                     IPython.utils._process_posix
import time:       151 |       4468 |                   IPython.utils.process
import time:       287 |       5098 |                 IPython.utils.path
import time:       424 |        424 |                   pygments.styles.monokai
import time:       332 |        332 |                   pygments.styles.default
import time:       342 |        342 |                   pygments.styles.pastie
import time:       475 |        475 |                   pygments.styles.gruvbox
import time:     14468 |      16040 |                 IPython.utils.PyColorize
import time:       177 |        177 |                 IPython.utils.terminal
import time:       313 |        313 |                 IPython.core.display_trap
import time:       360 |        360 |                       pkgutil
import time:       489 |        489 |                       sysconfig
import time:       593 |        593 |                       _sysconfigdata__x86_64-linux-gnu
import time:      1854 |       3295 |                     pydoc
import time:       169 |        169 |                         codeop
import time:       254 |        422 |                       IPython.core.debugger_backport
import time:       227 |        227 |                         cmd
import time:       434 |        434 |                         bdb
import time:       233 |        233 |                         code
import time:       786 |       1678 |                       pdb
import time:       597 |       2696 |                     IPython.core.debugger
import time:       457 |       6447 |                   IPython.core.tbtools
import time:       297 |       6744 |                 IPython.core.doctb
import time:       634 |      63075 |               IPython.core.ultratb
import time:        89 |         89 |                 IPython.utils._sysinfo
import time:       174 |        262 |               IPython.utils.sysinfo
import time:       297 |      63632 |             IPython.core.crashhandler
import time:        91 |         91 |                 IPython.utils.importstring
import time:       165 |        256 |               IPython.paths
import time:       600 |        856 |             IPython.core.profiledir
import time:       780 |      93327 |           IPython.core.application
import time:       158 |        158 |             IPython.terminal
import time:      2139 |       2139 |                 _hashlib
import time:       699 |        699 |                 _blake2
import time:       289 |       3126 |               hashlib
import time:       198 |       3324 |             IPython.core.compilerop
import time:       218 |        218 |               IPython.core.error
import time:        94 |         94 |                 IPython.utils.docs
import time:       139 |        232 |               IPython.utils.decorators
import time:       669 |        669 |               IPython.utils.text
import time:       458 |       1575 |             IPython.core.magic_arguments
import time:       175 |        175 |               getopt
import time:       143 |        143 |                     IPython.core.display_functions
import time:        75 |         75 |                         _winapi
import time:        58 |         58 |                         winreg
import time:       353 |        485 |                       mimetypes
import time:       118 |        118 |                         IPython.testing
import time:       151 |        268 |                       IPython.testing.skipdoctest
import time:       535 |       1287 |                     IPython.core.display
import time:       133 |        133 |                       IPython.lib
import time:       572 |        704 |                     IPython.lib.display
import time:       156 |       2289 |                   IPython.display
import time:       131 |        131 |                   IPython.utils.data
import time:       427 |       2846 |                 IPython.core.page
import time:       571 |        571 |                 IPython.lib.pretty
import time:       340 |        340 |                 IPython.utils.openpy
import time:       142 |        142 |                 IPython.utils.dir2
import time:       166 |        166 |                 IPython.utils.wildcard
import time:      1365 |       1365 |                   pygments.lexers._mapping
import time:       384 |        384 |                   pygments.modeline
import time:       266 |       2014 |                 pygments.lexers
import time:       179 |        179 |                     pygments.filter
import time:       511 |        511 |                     pygments.filters
import time:       219 |        219 |                     pygments.regexopt
import time:       673 |       1580 |                   pygments.lexer
import time:       409 |        409 |                   pygments.unistring
import time:       977 |       2966 |                 pygments.lexers.python
import time:        79 |         79 |                   ctags
import time:       352 |        431 |                 pygments.formatters.html
import time:      2298 |      11770 |               IPython.core.oinspect
import time:       514 |        514 |                 IPython.utils.tokenutil
import time:      1513 |       2026 |               IPython.core.inputtransformer2
import time:       192 |        192 |               IPython.utils.ipstruct
import time:       928 |      15089 |             IPython.core.magic
import time:       114 |        114 |               runpy
import time:       125 |        125 |                 IPython.external
import time:        93 |         93 |                 cPickle
import time:       312 |        530 |               IPython.external.pickleshare
import time:       165 |        165 |               IPython.core.hooks
import time:       162 |        162 |                 IPython.core.autocall
import time:       254 |        254 |                 IPython.core.macro
import time:       430 |        430 |                 IPython.core.splitinput
import time:      2592 |       3435 |               IPython.core.prefilter
import time:       611 |        611 |               IPython.core.alias
import time:       318 |        318 |               IPython.core.builtin_trap
import time:       536 |        536 |                   decorator
import time:       794 |        794 |                       _sqlite3
import time:       289 |       1082 |                     sqlite3.dbapi2
import time:       208 |       1290 |                   sqlite3
import time:      2748 |       4572 |                 IPython.core.history
import time:       423 |       4995 |               IPython.core.displayhook
import time:       504 |        504 |               IPython.core.displaypub
import time:       189 |        189 |               IPython.core.events
import time:       296 |        296 |               IPython.core.extensions
import time:       151 |        151 |                 IPython.utils.sentinel
import time:      2773 |       2923 |               IPython.core.formatters
import time:       253 |        253 |               IPython.core.logger
import time:       279 |        279 |               IPython.core.payload
import time:       145 |        145 |               IPython.core.tips
import time:       116 |        116 |               IPython.core.usage
import time:      1162 |       1162 |                 IPython.utils.capture
import time:       158 |       1320 |               IPython.utils.io
import time:       175 |        175 |               IPython.utils.strdispatch
import time:       130 |        130 |               IPython.utils.syspathcontext
import time:        68 |         68 |                 docrepr
import time:        25 |         92 |               docrepr.sphinxify
import time:       131 |        131 |                       concurrent
import time:       671 |        671 |                       concurrent.futures._base
import time:       196 |        997 |                     concurrent.futures
import time:      1484 |       1484 |                       _ssl
import time:      2538 |       4021 |                     ssl
import time:       249 |        249 |                     asyncio.constants
import time:       166 |        166 |                     asyncio.coroutines
import time:       144 |        144 |                         _contextvars
import time:       153 |        297 |                       contextvars
import time:       139 |        139 |                       asyncio.format_helpers
import time:       208 |        208 |                         asyncio.base_futures
import time:       222 |        222 |                         asyncio.exceptions
import time:       139 |        139 |                         asyncio.base_tasks
import time:       542 |       1110 |                       _asyncio
import time:       537 |       2081 |                     asyncio.events
import time:       272 |        272 |                     asyncio.futures
import time:       214 |        214 |                     asyncio.protocols
import time:       339 |        339 |                       asyncio.transports
import time:       126 |        126 |                       asyncio.log
import time:       779 |       1243 |                     asyncio.sslproto
import time:       132 |        132 |                         asyncio.mixins
import time:       532 |        663 |                       asyncio.locks
import time:       422 |        422 |                         asyncio.timeouts
import time:       518 |        940 |                       asyncio.tasks
import time:       317 |       1918 |                     asyncio.staggered
import time:       157 |        157 |                     asyncio.trsock
import time:      1146 |      12461 |                   asyncio.base_events
import time:       351 |        351 |                   asyncio.runners
import time:       280 |        280 |                   asyncio.queues
import time:       411 |        411 |                   asyncio.streams
import time:       251 |        251 |                   asyncio.subprocess
import time:       171 |        171 |                   asyncio.taskgroups
import time:       102 |        102 |                   asyncio.threads
import time:       280 |        280 |                     asyncio.base_subprocess
import time:       642 |        642 |                     asyncio.selector_events
import time:       897 |       1819 |                   asyncio.unix_events
import time:       281 |      16122 |                 asyncio
import time:       171 |      16293 |               IPython.core.async_helpers
import time:      2922 |      35794 |             IPython.core.interactiveshell
import time:       203 |        203 |                         prompt_toolkit.application.current
import time:       117 |        117 |                               prompt_toolkit.eventloop.utils
import time:       230 |        346 |                             prompt_toolkit.eventloop.async_generator
import time:       219 |        219 |                             prompt_toolkit.eventloop.inputhook
import time:       155 |        720 |                           prompt_toolkit.eventloop
import time:       161 |        880 |                         prompt_toolkit.application.run_in_terminal
import time:       438 |        438 |                                 prompt_toolkit.selection
import time:       277 |        715 |                               prompt_toolkit.clipboard.base
import time:       159 |        159 |                               prompt_toolkit.clipboard.in_memory
import time:       148 |       1021 |                             prompt_toolkit.clipboard
import time:       290 |        290 |                                 prompt_toolkit.cache
import time:       241 |        241 |                                 prompt_toolkit.enums
import time:       315 |        315 |                                 prompt_toolkit.filters.base
import time:       297 |       1141 |                               prompt_toolkit.filters.app
import time:       157 |        157 |                               prompt_toolkit.filters.cli
import time:       113 |        113 |                               prompt_toolkit.filters.utils
import time:       183 |       1592 |                             prompt_toolkit.filters
import time:      1862 |       4474 |                           prompt_toolkit.document
import time:       276 |       4750 |                         prompt_toolkit.auto_suggest
import time:      2522 |       2522 |                                               prompt_toolkit.keys
import time:       854 |       3375 |                                             prompt_toolkit.key_binding.key_bindings
import time:       105 |        105 |                                                     wcwidth.table_vs16
import time:       151 |        151 |                                                     wcwidth.table_wide
import time:       358 |        358 |                                                     wcwidth.table_zero
import time:       100 |        100 |                                                     wcwidth.unicode_versions
import time:       273 |        985 |                                                   wcwidth.wcwidth
import time:       232 |       1216 |                                                 wcwidth
import time:       457 |       1673 |                                               prompt_toolkit.utils
import time:       338 |       2011 |                                             prompt_toolkit.key_binding.key_processor
import time:       144 |       5529 |                                           prompt_toolkit.key_binding
import time:       410 |       5938 |                                         prompt_toolkit.key_binding.vi_state
import time:       671 |       6609 |                                       prompt_toolkit.cursor_shapes
import time:       592 |        592 |                                       prompt_toolkit.data_structures
import time:       658 |        658 |                                         prompt_toolkit.styles.base
import time:       212 |        212 |                                           prompt_toolkit.styles.named_colors
import time:       595 |        595 |                                           prompt_toolkit.styles.style
import time:       334 |       1139 |                                         prompt_toolkit.styles.defaults
import time:       225 |        225 |                                         prompt_toolkit.styles.pygments
import time:       138 |        138 |                                           colorsys
import time:       441 |        579 |                                         prompt_toolkit.styles.style_transformation
import time:       366 |       2965 |                                       prompt_toolkit.styles
import time:       616 |        616 |                                       prompt_toolkit.output.color_depth
import time:       356 |      11136 |                                     prompt_toolkit.output.base
import time:       280 |        280 |                                         prompt_toolkit.output.flush_stdout
import time:       446 |        725 |                                       prompt_toolkit.output.plain_text
import time:       162 |        886 |                                     prompt_toolkit.output.defaults
import time:       110 |      12130 |                                   prompt_toolkit.output
import time:       573 |      12703 |                                 prompt_toolkit.output.vt100
import time:       415 |        415 |                                   prompt_toolkit.mouse_events
import time:       429 |        843 |                                 prompt_toolkit.formatted_text.base
import time:       537 |      14081 |                               prompt_toolkit.formatted_text.ansi
import time:       208 |        208 |                                     xml
import time:       201 |        201 |                                     xml.dom.domreg
import time:       446 |        854 |                                   xml.dom
import time:       225 |        225 |                                   xml.dom.minicompat
import time:       252 |        252 |                                     xml.dom.NodeFilter
import time:       468 |        720 |                                   xml.dom.xmlbuilder
import time:      1083 |       2881 |                                 xml.dom.minidom
import time:       233 |       3114 |                               prompt_toolkit.formatted_text.html
import time:       150 |        150 |                               prompt_toolkit.formatted_text.pygments
import time:       129 |        129 |                               prompt_toolkit.formatted_text.utils
import time:       173 |      17645 |                             prompt_toolkit.formatted_text
import time:       365 |      18009 |                           prompt_toolkit.completion.base
import time:       139 |        139 |                           prompt_toolkit.completion.deduplicate
import time:       351 |        351 |                           prompt_toolkit.completion.filesystem
import time:       156 |        156 |                             prompt_toolkit.completion.word_completer
import time:       438 |        594 |                           prompt_toolkit.completion.fuzzy_completer
import time:       376 |        376 |                           prompt_toolkit.completion.nested
import time:       222 |      19687 |                         prompt_toolkit.completion
import time:       375 |        375 |                         prompt_toolkit.history
import time:       289 |        289 |                         prompt_toolkit.search
import time:       408 |        408 |                         prompt_toolkit.validation
import time:      1394 |      27983 |                       prompt_toolkit.buffer
import time:       270 |        270 |                           prompt_toolkit.input.base
import time:       119 |        119 |                           prompt_toolkit.input.defaults
import time:       169 |        556 |                         prompt_toolkit.input
import time:        44 |        600 |                       prompt_toolkit.input.base
import time:       113 |        113 |                       prompt_toolkit.input.typeahead
import time:        96 |         96 |                         prompt_toolkit.key_binding.bindings
import time:       165 |        165 |                         prompt_toolkit.key_binding.bindings.scroll
import time:       190 |        450 |                       prompt_toolkit.key_binding.bindings.page_navigation
import time:       408 |        408 |                                       prompt_toolkit.lexers.base
import time:       633 |        633 |                                       prompt_toolkit.lexers.pygments
import time:       185 |       1225 |                                     prompt_toolkit.lexers
import time:       633 |        633 |                                       prompt_toolkit.layout.utils
import time:       667 |       1299 |                                     prompt_toolkit.layout.processors
import time:       732 |       3255 |                                   prompt_toolkit.layout.controls
import time:       258 |        258 |                                   prompt_toolkit.layout.dimension
import time:       282 |        282 |                                   prompt_toolkit.layout.margins
import time:       143 |        143 |                                   prompt_toolkit.layout.mouse_handlers
import time:       250 |        250 |                                   prompt_toolkit.layout.screen
import time:      2353 |       6538 |                                 prompt_toolkit.layout.containers
import time:       307 |        307 |                                 prompt_toolkit.layout.layout
import time:       464 |        464 |                                 prompt_toolkit.layout.menus
import time:       251 |        251 |                                 prompt_toolkit.layout.scrollable_pane
import time:       207 |       7765 |                               prompt_toolkit.layout
import time:        37 |       7801 |                             prompt_toolkit.layout.controls
import time:       172 |        172 |                             prompt_toolkit.key_binding.bindings.completion
import time:       608 |       8580 |                           prompt_toolkit.key_binding.bindings.named_commands
import time:       188 |       8767 |                         prompt_toolkit.key_binding.bindings.basic
import time:       160 |        160 |                         prompt_toolkit.key_binding.bindings.cpr
import time:       276 |        276 |                         prompt_toolkit.key_binding.bindings.emacs
import time:       221 |        221 |                         prompt_toolkit.key_binding.bindings.mouse
import time:       276 |        276 |                             prompt_toolkit.input.ansi_escape_sequences
import time:       631 |        906 |                           prompt_toolkit.input.vt100_parser
import time:       680 |        680 |                           prompt_toolkit.key_binding.digraphs
import time:      1084 |       2669 |                         prompt_toolkit.key_binding.bindings.vi
import time:       171 |      12261 |                       prompt_toolkit.key_binding.defaults
import time:       222 |        222 |                       prompt_toolkit.key_binding.emacs_state
import time:       143 |        143 |                       prompt_toolkit.layout.dummy
import time:       571 |        571 |                       prompt_toolkit.renderer
import time:       947 |      43287 |                     prompt_toolkit.application.application
import time:       296 |        296 |                     prompt_toolkit.application.dummy
import time:       247 |      43828 |                   prompt_toolkit.application
import time:       493 |        493 |                           prompt_toolkit.widgets.toolbars
import time:       657 |       1150 |                         prompt_toolkit.widgets.base
import time:        99 |         99 |                           prompt_toolkit.key_binding.bindings.focus
import time:       185 |        284 |                         prompt_toolkit.widgets.dialogs
import time:       307 |        307 |                         prompt_toolkit.widgets.menus
import time:       157 |       1897 |                       prompt_toolkit.widgets
import time:       303 |       2199 |                     prompt_toolkit.shortcuts.choice_input
import time:       242 |        242 |                     prompt_toolkit.shortcuts.dialogs
import time:       171 |        171 |                             xml.parsers
import time:       220 |        220 |                               pyexpat
import time:       200 |        419 |                             xml.parsers.expat
import time:       865 |       1455 |                           xml.dom.expatbuilder
import time:      1555 |       3009 |                         prompt_toolkit.shortcuts.progress_bar.formatters
import time:       526 |       3534 |                       prompt_toolkit.shortcuts.progress_bar.base
import time:       160 |       3694 |                     prompt_toolkit.shortcuts.progress_bar
import time:       226 |        226 |                       prompt_toolkit.key_binding.bindings.auto_suggest
import time:       180 |        180 |                       prompt_toolkit.key_binding.bindings.open_in_editor
import time:      1302 |       1708 |                     prompt_toolkit.shortcuts.prompt
import time:       228 |        228 |                     prompt_toolkit.shortcuts.utils
import time:       210 |       8278 |                   prompt_toolkit.shortcuts
import time:       547 |        547 |                     email.feedparser
import time:       222 |        768 |                   email.parser
import time:      2749 |      55622 |                 prompt_toolkit
import time:        40 |      55661 |               prompt_toolkit.auto_suggest
import time:       244 |        244 |               prompt_toolkit.patch_stdout
import time:       116 |        116 |                   unicodedata
import time:        86 |         86 |                     _uuid
import time:       516 |        601 |                   uuid
import time:      4157 |       4157 |                   IPython.core.guarded_eval
import time:       716 |        716 |                   IPython.core.latex_symbols
import time:       151 |        151 |                   IPython.utils.generics
import time:       513 |        513 |                             parso.utils
import time:       434 |        947 |                           parso.tree
import time:        98 |         98 |                                     parso.python
import time:       866 |        866 |                                     parso.python.token
import time:      2452 |       3416 |                                   parso.python.tokenize
import time:       255 |       3671 |                                 parso.pgen2.grammar_parser
import time:       422 |       4092 |                               parso.pgen2.generator
import time:       134 |       4226 |                             parso.pgen2
import time:        28 |       4254 |                           parso.pgen2.generator
import time:       509 |       5709 |                         parso.parser
import time:       100 |        100 |                           parso._compatibility
import time:      1588 |       1588 |                             difflib
import time:       649 |        649 |                                 parso.python.prefix
import time:      1521 |       2170 |                               parso.python.tree
import time:       255 |       2425 |                             parso.python.parser
import time:       523 |       4534 |                           parso.python.diff
import time:        78 |         78 |                             gc
import time:       349 |        426 |                           parso.cache
import time:       453 |        453 |                             parso.normalizer
import time:      1027 |       1480 |                           parso.python.errors
import time:       602 |        602 |                           parso.python.pep8
import time:       193 |        193 |                           parso.file_io
import time:       506 |       7838 |                         parso.grammar
import time:       172 |      13718 |                       parso
import time:       364 |        364 |                       jedi.parser_utils
import time:        70 |         70 |                         colorama
import time:       258 |        328 |                       jedi.debug
import time:       134 |        134 |                       jedi.settings
import time:       186 |        186 |                       jedi.cache
import time:       268 |        268 |                       jedi.file_io
import time:       167 |        167 |                                 jedi.inference.cache
import time:       381 |        381 |                                   jedi.inference.helpers
import time:       395 |        395 |                                   jedi.inference.utils
import time:       509 |       1285 |                                 jedi.inference.base_value
import time:       320 |       1771 |                               jedi.inference.sys_path
import time:       172 |        172 |                                       jedi.inference.recursion
import time:       316 |        487 |                                     jedi.inference.flow_analysis
import time:       209 |        209 |                                           jedi.common
import time:       268 |        477 |                                         jedi.inference.lazy_value
import time:       595 |       1071 |                                       jedi.inference.docstrings
import time:       221 |        221 |                                       jedi.plugins
import time:      1028 |       2319 |                                     jedi.inference.names
import time:       966 |       3771 |                                   jedi.inference.filters
import time:       262 |        262 |                                     jedi.inference.compiled.getattr_static
import time:       836 |       1098 |                                   jedi.inference.compiled.access
import time:       366 |        366 |                                   jedi.inference.signature
import time:       577 |        577 |                                   jedi.inference.context
import time:       837 |       6646 |                                 jedi.inference.compiled.value
import time:       265 |       6911 |                               jedi.inference.compiled
import time:       282 |        282 |                               jedi.inference.analysis
import time:       115 |        115 |                                 jedi.inference.gradual
import time:       445 |        445 |                                       jedi.inference.value.module
import time:       389 |        389 |                                             jedi.inference.value.dynamic_arrays
import time:      1017 |       1405 |                                           jedi.inference.value.iterable
import time:       407 |       1811 |                                         jedi.inference.arguments
import time:       111 |        111 |                                           jedi.inference.parser_cache
import time:       207 |        207 |                                           jedi.inference.gradual.generics
import time:       615 |        932 |                                         jedi.inference.value.function
import time:       575 |       3317 |                                       jedi.inference.value.klass
import time:       867 |        867 |                                       jedi.inference.value.instance
import time:       358 |       4985 |                                     jedi.inference.value
import time:        29 |       5014 |                                   jedi.inference.value.module
import time:       693 |        693 |                                     jedi.inference.gradual.base
import time:       453 |        453 |                                     jedi.inference.gradual.type_var
import time:       730 |       1875 |                                   jedi.inference.gradual.typing
import time:       376 |       7264 |                                 jedi.inference.gradual.stub_value
import time:       517 |       7895 |                               jedi.inference.gradual.typeshed
import time:       159 |        159 |                                   jedi._compatibility
import time:       259 |        259 |                                   jedi.inference.compiled.subprocess.functions
import time:       192 |        192 |                                   jedi.api.exceptions
import time:      1159 |       1768 |                                 jedi.inference.compiled.subprocess
import time:        49 |       1816 |                               jedi.inference.compiled.subprocess.functions
import time:       479 |      19151 |                             jedi.inference.imports
import time:       210 |        210 |                                 jedi.inference.param
import time:       263 |        472 |                               jedi.inference.gradual.annotation
import time:       159 |        159 |                               jedi.inference.value.decorator
import time:       533 |       1164 |                             jedi.inference.syntax_tree
import time:       253 |      20567 |                           jedi.inference
import time:        26 |      20593 |                         jedi.inference.utils
import time:       160 |        160 |                           jedi.inference.gradual.conversion
import time:       351 |        511 |                         jedi.inference.compiled.mixed
import time:       118 |        118 |                           pydoc_data
import time:      1255 |       1255 |                           pydoc_data.topics
import time:       222 |       1593 |                         jedi.api.keywords
import time:       315 |        315 |                         jedi.api.completion_cache
import time:       462 |        462 |                         jedi.api.helpers
import time:       610 |      24082 |                       jedi.api.classes
import time:       232 |        232 |                       jedi.api.interpreter
import time:       201 |        201 |                         jedi.api.strings
import time:       162 |        162 |                         jedi.api.file_name
import time:       162 |        162 |                         jedi.inference.docstring_utils
import time:       679 |       1202 |                       jedi.api.completion
import time:       242 |        242 |                         filecmp
import time:       532 |        773 |                       jedi.api.environment
import time:       251 |        251 |                         jedi.inference.references
import time:       327 |        577 |                       jedi.api.project
import time:       139 |        139 |                       jedi.api.errors
import time:       377 |        377 |                         jedi.inference.value.namespace
import time:       379 |        756 |                       jedi.api.refactoring
import time:       293 |        293 |                       jedi.api.refactoring.extract
import time:       112 |        112 |                       jedi.inference.gradual.utils
import time:       749 |      43905 |                     jedi.api
import time:       943 |        943 |                       jedi.plugins.stdlib
import time:       117 |        117 |                       jedi.plugins.flask
import time:       262 |        262 |                       jedi.plugins.pytest
import time:       437 |        437 |                       jedi.plugins.django
import time:       308 |       2065 |                     jedi.plugins.registry
import time:       198 |      46166 |                   jedi
import time:      4211 |      56115 |                 IPython.core.completer
import time:       303 |        303 |                 IPython.terminal.ptutils
import time:       174 |        174 |                   IPython.terminal.shortcuts.auto_match
import time:      1017 |       1017 |                     IPython.terminal.shortcuts.filters
import time:       492 |       1508 |                   IPython.terminal.shortcuts.auto_suggest
import time:      3344 |       5026 |                 IPython.terminal.shortcuts
import time:       274 |        274 |                 concurrent.futures.thread
import time:       362 |      62078 |               IPython.terminal.debugger
import time:       190 |        190 |                 IPython.lib.clipboard
import time:       384 |        573 |               IPython.terminal.magics
import time:       212 |        212 |               IPython.terminal.pt_inputhooks
import time:       381 |        381 |               IPython.terminal.prompts
import time:      1910 |     121056 |             IPython.terminal.interactiveshell
import time:       341 |        341 |                 IPython.core.magics.auto
import time:      2669 |       2669 |                 IPython.core.magics.basic
import time:       788 |        788 |                       http
import time:      1096 |       1884 |                     http.client
import time:       313 |        313 |                       urllib.response
import time:       235 |        548 |                     urllib.error
import time:      1457 |       3888 |                   urllib.request
import time:       162 |        162 |                   IPython.utils.contexts
import time:       791 |       4840 |                 IPython.core.magics.code
import time:       347 |        347 |                 IPython.core.magics.config
import time:       688 |        688 |                 IPython.core.magics.display
import time:       209 |        209 |                     _lsprof
import time:      1204 |       1204 |                     profile
import time:       265 |       1677 |                   cProfile
import time:      1628 |       1628 |                   pstats
import time:       238 |        238 |                   timeit
import time:       119 |        119 |                   IPython.utils.module_paths
import time:       230 |        230 |                     resource
import time:       127 |        356 |                   IPython.utils.timing
import time:       246 |        246 |                   IPython.core.magics.ast_mod
import time:     18503 |      22764 |                 IPython.core.magics.execution
import time:       327 |        327 |                 IPython.core.magics.extension
import time:      1658 |       1658 |                 IPython.core.magics.history
import time:       359 |        359 |                 IPython.core.magics.logging
import time:       470 |        470 |                 IPython.core.magics.namespace
import time:      1137 |       1137 |                 IPython.core.magics.osm
import time:       352 |        352 |                 IPython.core.magics.packaging
import time:      1436 |       1436 |                 IPython.core.magics.pylab
import time:      1267 |       1267 |                 IPython.core.magics.script
import time:       546 |      39195 |               IPython.core.magics
import time:       848 |        848 |               IPython.core.shellapp
import time:       119 |        119 |                 IPython.extensions
import time:       415 |        534 |               IPython.extensions.storemagic
import time:      1389 |      41963 |             IPython.terminal.ipapp
import time:      2000 |     220955 |           IPython.terminal.embed
import time:       199 |        199 |           IPython.utils.frame
import time:       286 |     315181 |         IPython
import time:        16 |     315197 |       IPython.core
import time:        19 |     315215 |     IPython.core.interactiveshell
import time:       328 |        328 |       elastic_notebook.algorithm
import time:       167 |        167 |         numpy.version
import time:       132 |        132 |         numpy._expired_attrs_2_0
import time:       127 |        127 |             numpy._utils._convertions
import time:       162 |        289 |           numpy._utils
import time:       289 |        577 |         numpy._globals
import time:        53 |         53 |           numpy._distributor_init_local
import time:       160 |        213 |         numpy._distributor_init
import time:       436 |        436 |                   numpy.exceptions
import time:       462 |        462 |                   numpy._core._exceptions
import time:       178 |        178 |                   numpy._core.printoptions
import time:       484 |        484 |                   numpy.dtypes
import time:      9981 |      11539 |                 numpy._core._multiarray_umath
import time:       206 |        206 |                   numpy._utils._inspect
import time:       448 |        654 |                 numpy._core.overrides
import time:      2900 |      15092 |               numpy._core.multiarray
import time:       302 |        302 |               numpy._core.umath
import time:       292 |        292 |                 numpy._core._dtype
import time:       183 |        183 |                 numpy._core._string_helpers
import time:       471 |        471 |                 numpy._core._type_aliases
import time:       476 |       1421 |               numpy._core.numerictypes
import time:       301 |        301 |                       numpy._core._methods
import time:      1456 |       1756 |                     numpy._core.fromnumeric
import time:       515 |       2270 |                   numpy._core.shape_base
import time:       269 |        269 |                   numpy._core._ufunc_config
import time:       202 |        202 |                   numpy._core._asarray
import time:       965 |        965 |                   numpy._core.arrayprint
import time:      1433 |       5137 |                 numpy._core.numeric
import time:       531 |       5668 |               numpy._core.einsumfunc
import time:       381 |        381 |               numpy._core.function_base
import time:       384 |        384 |               numpy._core.getlimits
import time:       273 |        273 |               numpy._core.memmap
import time:       547 |        547 |               numpy._core.records
import time:     11360 |      11360 |               numpy._core._add_newdocs
import time:      2305 |       2305 |               numpy._core._add_newdocs_scalars
import time:       198 |        198 |               numpy._core._dtype_ctypes
import time:       636 |        636 |                   _ctypes
import time:       422 |        422 |                   ctypes._endian
import time:      1419 |       2477 |                 ctypes
import time:      1073 |       3549 |               numpy._core._internal
import time:       214 |        214 |               numpy._pytesttester
import time:       791 |      42478 |             numpy._core
import time:        34 |      42512 |           numpy._core._multiarray_umath
import time:       457 |      42968 |         numpy.__config__
import time:       368 |        368 |                           numpy._typing._nbit_base
import time:       308 |        308 |                           numpy._typing._nested_sequence
import time:       146 |        146 |                           numpy._typing._shape
import time:      3375 |       4195 |                         numpy._typing._array_like
import time:      3217 |       3217 |                         numpy._typing._char_codes
import time:      3768 |       3768 |                         numpy._typing._dtype_like
import time:       201 |        201 |                         numpy._typing._nbit
import time:       169 |        169 |                         numpy._typing._scalars
import time:       136 |        136 |                         numpy._typing._ufunc
import time:       424 |      12109 |                       numpy._typing
import time:       471 |        471 |                         numpy.lib._stride_tricks_impl
import time:       477 |        948 |                       numpy.lib._twodim_base_impl
import time:       147 |        147 |                         numpy.lib._array_utils_impl
import time:       164 |        311 |                       numpy.lib.array_utils
import time:       497 |        497 |                       numpy.linalg._umath_linalg
import time:      2522 |      16385 |                     numpy.linalg._linalg
import time:       228 |      16612 |                   numpy.linalg
import time:       445 |      17057 |                 numpy.matrixlib.defmatrix
import time:       195 |      17251 |               numpy.matrixlib
import time:       424 |        424 |                 numpy.lib._histograms_impl
import time:      1832 |       2255 |               numpy.lib._function_base_impl
import time:       605 |      20111 |             numpy.lib._index_tricks_impl
import time:       415 |      20526 |           numpy.lib._arraypad_impl
import time:      1244 |       1244 |           numpy.lib._arraysetops_impl
import time:       295 |        295 |           numpy.lib._arrayterator_impl
import time:       672 |        672 |           numpy.lib._nanfunctions_impl
import time:       339 |        339 |                 numpy.lib._utils_impl
import time:       368 |        707 |               numpy.lib._format_impl
import time:       165 |        871 |             numpy.lib.format
import time:       479 |        479 |             numpy.lib._datasource
import time:       551 |        551 |             numpy.lib._iotools
import time:      1006 |       2906 |           numpy.lib._npyio_impl
import time:       272 |        272 |               numpy.lib._ufunclike_impl
import time:       434 |        706 |             numpy.lib._type_check_impl
import time:       800 |       1505 |           numpy.lib._polynomial_impl
import time:       745 |        745 |           numpy.lib._shape_base_impl
import time:       218 |        218 |           numpy.lib._version
import time:       138 |        138 |           numpy.lib.introspect
import time:       256 |        256 |           numpy.lib.mixins
import time:       140 |        140 |           numpy.lib.npyio
import time:       403 |        403 |             numpy.lib._scimath_impl
import time:       141 |        543 |           numpy.lib.scimath
import time:       148 |        148 |           numpy.lib.stride_tricks
import time:       640 |      29969 |         numpy.lib
import time:       247 |        247 |         numpy._array_api_info
import time:      1698 |      75967 |       numpy
import time:       896 |        896 |       elastic_notebook.algorithm.selector
import time:       653 |      77841 |     elastic_notebook.algorithm.baseline
import time:       261 |        261 |         networkx.lazy_imports
import time:       471 |        471 |         networkx.exception
import time:       591 |        591 |           networkx.utils.misc
import time:       611 |        611 |             gzip
import time:       718 |       1328 |           networkx.utils.decorators
import time:       334 |        334 |           networkx.utils.random_sequence
import time:       210 |        210 |           networkx.utils.union_find
import time:       193 |        193 |           networkx.utils.rcm
import time:       499 |        499 |           networkx.utils.heaps
import time:       619 |        619 |           networkx.utils.configs
import time:     18096 |      18096 |           networkx.utils.backends
import time:       316 |      22181 |         networkx.utils
import time:       283 |        283 |             networkx.convert
import time:       525 |        525 |             networkx.classes.coreviews
import time:       985 |        985 |             networkx.classes.reportviews
import time:       526 |       2318 |           networkx.classes.graph
import time:       396 |        396 |           networkx.classes.digraph
import time:       332 |        332 |           networkx.classes.multigraph
import time:       302 |        302 |           networkx.classes.multidigraph
import time:       616 |        616 |           networkx.classes.function
import time:       148 |        148 |             networkx.classes.filters
import time:       200 |        348 |           networkx.classes.graphviews
import time:       292 |       4601 |         networkx.classes
import time:       464 |        464 |         networkx.convert_matrix
import time:       221 |        221 |         networkx.relabel
import time:       123 |        123 |                 importlib.resources._itertools
import time:       303 |        426 |               importlib.resources.readers
import time:       123 |        549 |             importlib.readers
import time:       322 |        870 |           networkx.generators.atlas
import time:       628 |        628 |           networkx.generators.classic
import time:       175 |        175 |           networkx.generators.cographs
import time:       414 |        414 |           networkx.generators.community
import time:       508 |        508 |           networkx.generators.degree_seq
import time:       343 |        343 |           networkx.generators.directed
import time:       194 |        194 |           networkx.generators.duplication
import time:       142 |        142 |           networkx.generators.ego
import time:       300 |        300 |           networkx.generators.expanders
import time:       407 |        407 |           networkx.generators.geometric
import time:       170 |        170 |           networkx.generators.harary_graph
import time:       355 |        355 |           networkx.generators.internet_as_graphs
import time:       198 |        198 |           networkx.generators.intersection
import time:       139 |        139 |           networkx.generators.interval_graph
import time:       250 |        250 |           networkx.generators.joint_degree_seq
import time:       296 |        296 |           networkx.generators.lattice
import time:       241 |        241 |           networkx.generators.line
import time:       169 |        169 |           networkx.generators.mycielski
import time:       195 |        195 |           networkx.generators.nonisomorphic_trees
import time:       144 |        144 |           networkx.generators.random_clustered
import time:       691 |        691 |           networkx.generators.random_graphs
import time:       665 |        665 |           networkx.generators.small
import time:       314 |        314 |           networkx.generators.social
import time:       177 |        177 |           networkx.generators.spectral_graph_forge
import time:       174 |        174 |           networkx.generators.stochastic
import time:       152 |        152 |           networkx.generators.sudoku
import time:       142 |        142 |           networkx.generators.time_series
import time:       393 |        393 |           networkx.generators.trees
import time:       167 |        167 |           networkx.generators.triads
import time:       604 |       9602 |         networkx.generators
import time:       253 |        253 |           networkx.readwrite.adjlist
import time:       315 |        315 |           networkx.readwrite.multiline_adjlist
import time:       255 |        255 |           networkx.readwrite.edgelist
import time:       237 |        237 |           networkx.readwrite.pajek
import time:       164 |        164 |           networkx.readwrite.leda
import time:       243 |        243 |             networkx.readwrite.graph6
import time:       222 |        464 |           networkx.readwrite.sparse6
import time:       759 |        759 |           networkx.readwrite.gml
import time:       657 |        657 |           networkx.readwrite.graphml
import time:       122 |        122 |               xml.etree
import time:       554 |        554 |               xml.etree.ElementPath
import time:       127 |        127 |               _elementtree
import time:      1787 |       2589 |             xml.etree.ElementTree
import time:       481 |       3070 |           networkx.readwrite.gexf
import time:       213 |        213 |             networkx.readwrite.json_graph.node_link
import time:       167 |        167 |             networkx.readwrite.json_graph.adjacency
import time:       155 |        155 |             networkx.readwrite.json_graph.tree
import time:       147 |        147 |             networkx.readwrite.json_graph.cytoscape
import time:       196 |        876 |           networkx.readwrite.json_graph
import time:       376 |        376 |           networkx.readwrite.text
import time:       324 |       7746 |         networkx.readwrite
import time:       229 |        229 |             networkx.algorithms.assortativity.connectivity
import time:       147 |        147 |                 networkx.algorithms.assortativity.pairs
import time:       328 |        474 |               networkx.algorithms.assortativity.mixing
import time:       225 |        698 |             networkx.algorithms.assortativity.correlation
import time:       170 |        170 |             networkx.algorithms.assortativity.neighbor_degree
import time:       238 |       1334 |           networkx.algorithms.assortativity
import time:       192 |        192 |           networkx.algorithms.asteroidal
import time:       155 |        155 |           networkx.algorithms.boundary
import time:       193 |        193 |           networkx.algorithms.broadcasting
import time:       220 |        220 |           networkx.algorithms.bridges
import time:       159 |        159 |           networkx.algorithms.chains
import time:       330 |        330 |                   networkx.algorithms.shortest_paths.generic
import time:       360 |        360 |                   networkx.algorithms.shortest_paths.unweighted
import time:       658 |        658 |                   networkx.algorithms.shortest_paths.weighted
import time:       199 |        199 |                   networkx.algorithms.shortest_paths.astar
import time:       218 |        218 |                   networkx.algorithms.shortest_paths.dense
import time:       190 |       1951 |                 networkx.algorithms.shortest_paths
import time:        24 |       1975 |               networkx.algorithms.shortest_paths.weighted
import time:       278 |       2253 |             networkx.algorithms.centrality.betweenness
import time:       267 |        267 |             networkx.algorithms.centrality.betweenness_subset
import time:       201 |        201 |             networkx.algorithms.centrality.closeness
import time:       233 |        233 |               networkx.algorithms.centrality.flow_matrix
import time:       242 |        475 |             networkx.algorithms.centrality.current_flow_betweenness
import time:       196 |        196 |             networkx.algorithms.centrality.current_flow_betweenness_subset
import time:       176 |        176 |             networkx.algorithms.centrality.current_flow_closeness
import time:       168 |        168 |             networkx.algorithms.centrality.degree_alg
import time:       132 |        132 |             networkx.algorithms.centrality.dispersion
import time:       204 |        204 |             networkx.algorithms.centrality.eigenvector
import time:       300 |        300 |             networkx.algorithms.centrality.group
import time:       165 |        165 |             networkx.algorithms.centrality.harmonic
import time:       295 |        295 |             networkx.algorithms.centrality.katz
import time:       180 |        180 |             networkx.algorithms.centrality.load
import time:       150 |        150 |             networkx.algorithms.centrality.percolation
import time:       187 |        187 |             networkx.algorithms.centrality.reaching
import time:       161 |        161 |             networkx.algorithms.centrality.second_order
import time:       215 |        215 |             networkx.algorithms.centrality.subgraph_alg
import time:       210 |        210 |             networkx.algorithms.centrality.trophic
import time:       131 |        131 |             networkx.algorithms.centrality.voterank_alg
import time:       138 |        138 |             networkx.algorithms.centrality.laplacian
import time:       411 |       6606 |           networkx.algorithms.centrality
import time:       243 |        243 |               networkx.algorithms.components.connected
import time:       324 |        324 |               networkx.algorithms.components.strongly_connected
import time:       214 |        214 |               networkx.algorithms.components.weakly_connected
import time:       177 |        177 |               networkx.algorithms.components.attracting
import time:       239 |        239 |               networkx.algorithms.components.biconnected
import time:       143 |        143 |               networkx.algorithms.components.semiconnected
import time:       201 |       1539 |             networkx.algorithms.components
import time:       314 |       1853 |           networkx.algorithms.chordal
import time:       509 |        509 |           networkx.algorithms.cluster
import time:       400 |        400 |           networkx.algorithms.clique
import time:       194 |        194 |           networkx.algorithms.communicability_alg
import time:       350 |        350 |             networkx.algorithms.coloring.greedy_coloring
import time:       259 |        259 |             networkx.algorithms.coloring.equitable_coloring
import time:       169 |        777 |           networkx.algorithms.coloring
import time:       439 |        439 |           networkx.algorithms.core
import time:       199 |        199 |           networkx.algorithms.covering
import time:       472 |        472 |           networkx.algorithms.cycles
import time:       387 |        387 |           networkx.algorithms.cuts
import time:       315 |        315 |           networkx.algorithms.d_separation
import time:       654 |        654 |           networkx.algorithms.dag
import time:       393 |        393 |           networkx.algorithms.distance_measures
import time:       231 |        231 |           networkx.algorithms.distance_regular
import time:       241 |        241 |           networkx.algorithms.dominance
import time:       209 |        209 |           networkx.algorithms.dominating
import time:       177 |        177 |           networkx.algorithms.efficiency_measures
import time:       261 |        261 |           networkx.algorithms.euler
import time:       272 |        272 |           networkx.algorithms.graphical
import time:       132 |        132 |           networkx.algorithms.hierarchy
import time:       148 |        148 |           networkx.algorithms.hybrid
import time:       222 |        222 |             networkx.algorithms.link_analysis.hits_alg
import time:       235 |        235 |             networkx.algorithms.link_analysis.pagerank_alg
import time:       166 |        622 |           networkx.algorithms.link_analysis
import time:       438 |        438 |           networkx.algorithms.link_prediction
import time:       215 |        215 |           networkx.algorithms.lowest_common_ancestors
import time:       186 |        186 |           networkx.algorithms.isolate
import time:       356 |        356 |           networkx.algorithms.matching
import time:       366 |        366 |             networkx.algorithms.minors.contraction
import time:       136 |        501 |           networkx.algorithms.minors
import time:       174 |        174 |           networkx.algorithms.mis
import time:       141 |        141 |           networkx.algorithms.moral
import time:       183 |        183 |           networkx.algorithms.non_randomness
import time:       269 |        269 |             networkx.algorithms.operators.all
import time:       257 |        257 |             networkx.algorithms.operators.binary
import time:       366 |        366 |             networkx.algorithms.operators.product
import time:       162 |        162 |             networkx.algorithms.operators.unary
import time:       172 |       1224 |           networkx.algorithms.operators
import time:      1321 |       1321 |           networkx.algorithms.planarity
import time:       215 |        215 |           networkx.algorithms.planar_drawing
import time:       179 |        179 |           networkx.algorithms.polynomials
import time:       143 |        143 |           networkx.algorithms.perfect_graph
import time:       168 |        168 |           networkx.algorithms.reciprocity
import time:       224 |        224 |           networkx.algorithms.regular
import time:       170 |        170 |           networkx.algorithms.richclub
import time:       620 |        620 |           networkx.algorithms.similarity
import time:       273 |        273 |           networkx.algorithms.graph_hashing
import time:       325 |        325 |           networkx.algorithms.simple_paths
import time:       260 |        260 |           networkx.algorithms.smallworld
import time:       133 |        133 |           networkx.algorithms.smetric
import time:       280 |        280 |           networkx.algorithms.structuralholes
import time:       184 |        184 |           networkx.algorithms.sparsifiers
import time:       321 |        321 |           networkx.algorithms.summarization
import time:       259 |        259 |           networkx.algorithms.swap
import time:       172 |        172 |           networkx.algorithms.time_dependent
import time:       169 |        169 |             networkx.algorithms.traversal.beamsearch
import time:       253 |        253 |             networkx.algorithms.traversal.breadth_first_search
import time:       255 |        255 |             networkx.algorithms.traversal.depth_first_search
import time:       157 |        157 |             networkx.algorithms.traversal.edgedfs
import time:       146 |        146 |             networkx.algorithms.traversal.edgebfs
import time:       182 |       1160 |           networkx.algorithms.traversal
import time:       288 |        288 |           networkx.algorithms.triads
import time:       212 |        212 |           networkx.algorithms.vitality
import time:       158 |        158 |           networkx.algorithms.voronoi
import time:       127 |        127 |           networkx.algorithms.walks
import time:       240 |        240 |           networkx.algorithms.wiener
import time:       194 |        194 |             networkx.algorithms.approximation.clustering_coefficient
import time:       152 |        152 |               networkx.algorithms.approximation.ramsey
import time:       283 |        435 |             networkx.algorithms.approximation.clique
import time:       214 |        214 |             networkx.algorithms.approximation.connectivity
import time:       153 |        153 |             networkx.algorithms.approximation.distance_measures
import time:       165 |        165 |             networkx.algorithms.approximation.dominating_set
import time:       460 |        460 |             networkx.algorithms.approximation.kcomponents
import time:       141 |        141 |             networkx.algorithms.approximation.matching
import time:       233 |        233 |             networkx.algorithms.approximation.steinertree
import time:       201 |        201 |                     networkx.algorithms.tree.recognition
import time:      1224 |       1424 |                   networkx.algorithms.tree.branchings
import time:       291 |        291 |                   networkx.algorithms.tree.coding
import time:       202 |        202 |                   networkx.algorithms.tree.distance_measures
import time:      1346 |       1346 |                   networkx.algorithms.tree.mst
import time:       187 |        187 |                   networkx.algorithms.tree.operations
import time:       169 |        169 |                   networkx.algorithms.tree.decomposition
import time:       237 |       3853 |                 networkx.algorithms.tree
import time:        25 |       3878 |               networkx.algorithms.tree.mst
import time:       523 |       4401 |             networkx.algorithms.approximation.traveling_salesman
import time:       351 |        351 |             networkx.algorithms.approximation.treewidth
import time:       158 |        158 |             networkx.algorithms.approximation.vertex_cover
import time:       185 |        185 |             networkx.algorithms.approximation.maxcut
import time:       240 |        240 |             networkx.algorithms.approximation.density
import time:       296 |       7618 |           networkx.algorithms.approximation
import time:       272 |        272 |             networkx.algorithms.bipartite.basic
import time:       185 |        185 |             networkx.algorithms.bipartite.centrality
import time:       191 |        191 |             networkx.algorithms.bipartite.cluster
import time:       177 |        177 |                 networkx.algorithms.bipartite.matrix
import time:       247 |        423 |               networkx.algorithms.bipartite.matching
import time:       172 |        594 |             networkx.algorithms.bipartite.covering
import time:       310 |        310 |             networkx.algorithms.bipartite.edgelist
import time:       313 |        313 |             networkx.algorithms.bipartite.projection
import time:       145 |        145 |             networkx.algorithms.bipartite.redundancy
import time:       130 |        130 |             networkx.algorithms.bipartite.spectral
import time:       331 |        331 |             networkx.algorithms.bipartite.generators
import time:       179 |        179 |             networkx.algorithms.bipartite.extendability
import time:       197 |        197 |             networkx.algorithms.bipartite.link_analysis
import time:       269 |       3110 |           networkx.algorithms.bipartite
import time:       182 |        182 |           networkx.algorithms.node_classification
import time:       205 |        205 |             networkx.algorithms.community.asyn_fluid
import time:       365 |        365 |             networkx.algorithms.community.bipartitions
import time:       167 |        167 |             networkx.algorithms.community.centrality
import time:       158 |        158 |             networkx.algorithms.community.divisive
import time:       138 |        138 |             networkx.algorithms.community.kclique
import time:       263 |        263 |             networkx.algorithms.community.label_propagation
import time:       261 |        261 |             networkx.algorithms.community.lukes
import time:       128 |        128 |                 networkx.algorithms.community.community_utils
import time:       311 |        438 |               networkx.algorithms.community.quality
import time:       237 |        237 |               networkx.utils.mapped_queue
import time:       260 |        934 |             networkx.algorithms.community.modularity_max
import time:       286 |        286 |             networkx.algorithms.community.louvain
import time:       323 |        323 |             networkx.algorithms.community.leiden
import time:       184 |        184 |             networkx.algorithms.community.local
import time:       275 |       3553 |           networkx.algorithms.community
import time:       249 |        249 |                 networkx.algorithms.flow.utils
import time:       202 |        450 |               networkx.algorithms.flow.boykovkolmogorov
import time:       217 |        217 |               networkx.algorithms.flow.dinitz_alg
import time:       178 |        178 |               networkx.algorithms.flow.edmondskarp
import time:       206 |        206 |               networkx.algorithms.flow.preflowpush
import time:       181 |        181 |               networkx.algorithms.flow.shortestaugmentingpath
import time:       319 |       1549 |             networkx.algorithms.flow.maxflow
import time:       196 |        196 |             networkx.algorithms.flow.mincost
import time:       195 |        195 |             networkx.algorithms.flow.gomory_hu
import time:       226 |        226 |             networkx.algorithms.flow.capacityscaling
import time:       373 |        373 |             networkx.algorithms.flow.networksimplex
import time:       216 |       2752 |           networkx.algorithms.flow
import time:       283 |        283 |             networkx.algorithms.isomorphism.isomorph
import time:       280 |        280 |               networkx.algorithms.isomorphism.isomorphvf2
import time:       226 |        506 |             networkx.algorithms.isomorphism.vf2userfunc
import time:       216 |        216 |             networkx.algorithms.isomorphism.matchhelpers
import time:       217 |        217 |             networkx.algorithms.isomorphism.temporalisomorphvf2
import time:       409 |        409 |             networkx.algorithms.isomorphism.ismags
import time:       353 |        353 |             networkx.algorithms.isomorphism.tree_isomorphism
import time:       580 |        580 |             networkx.algorithms.isomorphism.vf2pp
import time:       263 |       2822 |           networkx.algorithms.isomorphism
import time:       336 |        336 |           networkx.algorithms.tournament
import time:       142 |        142 |               networkx.algorithms.connectivity.utils
import time:       328 |        470 |             networkx.algorithms.connectivity.connectivity
import time:       989 |        989 |             networkx.algorithms.connectivity.cuts
import time:       634 |        634 |             networkx.algorithms.connectivity.edge_augmentation
import time:       300 |        300 |             networkx.algorithms.connectivity.edge_kcomponents
import time:       317 |        317 |             networkx.algorithms.connectivity.disjoint_paths
import time:       208 |        208 |             networkx.algorithms.connectivity.kcomponents
import time:       183 |        183 |             networkx.algorithms.connectivity.kcutsets
import time:       167 |        167 |             networkx.algorithms.connectivity.stoerwagner
import time:       262 |       3527 |           networkx.algorithms.connectivity
import time:      1463 |      53925 |         networkx.algorithms
import time:       252 |        252 |           networkx.linalg.attrmatrix
import time:       197 |        197 |           networkx.linalg.spectrum
import time:       154 |        154 |           networkx.linalg.graphmatrix
import time:       238 |        238 |           networkx.linalg.laplacianmatrix
import time:       393 |        393 |           networkx.linalg.algebraicconnectivity
import time:       276 |        276 |           networkx.linalg.modularitymatrix
import time:       153 |        153 |           networkx.linalg.bethehessianmatrix
import time:       332 |       1991 |         networkx.linalg
import time:       530 |        530 |           networkx.drawing.layout
import time:       204 |        204 |           networkx.drawing.nx_latex
import time:       598 |        598 |           networkx.drawing.nx_pylab
import time:       249 |        249 |           networkx.drawing.nx_agraph
import time:       353 |        353 |           networkx.drawing.nx_pydot
import time:       293 |       2225 |         networkx.drawing
import time:     11695 |     115377 |       networkx
import time:       301 |        301 |           elastic_notebook.core
import time:       276 |        576 |         elastic_notebook.core.graph
import time:       486 |       1061 |       elastic_notebook.core.graph.cell_execution
import time:       339 |        339 |       elastic_notebook.core.graph.variable_snapshot
import time:      1882 |     118657 |     elastic_notebook.algorithm.optimizer_exact
import time:       245 |        245 |       elastic_notebook.core.common
import time:       798 |       1042 |     elastic_notebook.core.common.profile_migration_speed
import time:       590 |        590 |     elastic_notebook.core.graph.graph
import time:       267 |        267 |       elastic_notebook.core.io
import time:       139 |        139 |         dill.__info__
import time:       508 |        508 |           dill.logger
import time:      1135 |       1135 |           _pyio
import time:       353 |        353 |                 multiprocessing.process
import time:       422 |        422 |                 multiprocessing.reduction
import time:       532 |       1306 |               multiprocessing.context
import time:       217 |       1523 |             multiprocessing
import time:        24 |       1547 |           multiprocessing.reduction
import time:       215 |        215 |           dill._shims
import time:       113 |        113 |           dill.settings
import time:        76 |         76 |           winreg
import time:      1735 |       5326 |         dill._dill
import time:       863 |        863 |         dill.session
import time:       148 |        148 |           dill.pointers
import time:       344 |        492 |         dill.detect
import time:       317 |        317 |         dill.source
import time:       172 |        172 |         dill.temp
import time:       104 |        104 |         dill.objtypes
import time:       404 |       7812 |       dill
import time:       416 |        416 |       elastic_notebook.core.io.adapter
import time:       595 |       9089 |     elastic_notebook.core.io.filesystem_adapter
import time:       683 |        683 |     elastic_notebook.core.io.recover
import time:       247 |        247 |       elastic_notebook.core.mutation
import time:      1138 |       1138 |       elastic_notebook.core.mutation.id_graph
import time:       279 |        279 |           xxhash._xxhash
import time:       106 |        106 |           xxhash.version
import time:       203 |        588 |         xxhash
import time:      1992 |       2579 |       elastic_notebook.core.mutation.object_hash
import time:      1340 |       5303 |     elastic_notebook.core.mutation.fingerprint
import time:       234 |        234 |       elastic_notebook.core.notebook
import time:       159 |        159 |           ipykernel._version
import time:       161 |        161 |               jupyter_client._version
import time:       124 |        124 |                         zmq.backend.select
import time:      3805 |       3805 |                           zmq.constants
import time:       388 |        388 |                           zmq.error
import time:      1111 |       5303 |                         zmq.backend.cython._zmq
import time:       312 |       5738 |                       zmq.backend
import time:        96 |         96 |                           zmq._typing
import time:        93 |         93 |                             zmq.utils
import time:       170 |        262 |                           zmq.utils.interop
import time:       323 |        323 |                           zmq.sugar.attrsettr
import time:       110 |        110 |                             zmq.utils.jsonapi
import time:       201 |        201 |                             zmq.sugar.poll
import time:       598 |        908 |                           zmq.sugar.socket
import time:       472 |       2059 |                         zmq.sugar.context
import time:       182 |        182 |                         zmq.sugar.frame
import time:       138 |        138 |                         zmq.sugar.tracker
import time:       292 |        292 |                         zmq.sugar.version
import time:       128 |        128 |                         zmq.sugar.stopwatch
import time:       277 |       3073 |                       zmq.sugar
import time:       317 |       9127 |                     zmq
import time:       849 |        849 |                     zmq._future
import time:       374 |      10350 |                   zmq.asyncio
import time:       168 |        168 |                         jupyter_core.version
import time:       203 |        371 |                       jupyter_core
import time:       234 |        605 |                     jupyter_core.utils
import time:       166 |        166 |                     jupyter_client.channelsabc
import time:       252 |        252 |                       hmac
import time:      1088 |       1088 |                         tornado
import time:       145 |        145 |                                 tornado.speedups
import time:       612 |        757 |                               tornado.util
import time:       918 |       1675 |                             tornado.escape
import time:        81 |         81 |                             colorama
import time:       696 |        696 |                               _curses
import time:       227 |        923 |                             curses
import time:       309 |       2986 |                           tornado.log
import time:       441 |       3427 |                         tornado.concurrent
import time:       707 |       5220 |                       tornado.ioloop
import time:       132 |        132 |                       traitlets.log
import time:        95 |         95 |                         zmq.eventloop
import time:       325 |        419 |                       zmq.eventloop.zmqstream
import time:       913 |        913 |                       jupyter_client.adapter
import time:       123 |        123 |                             dateutil._version
import time:       156 |        278 |                           dateutil
import time:      1073 |       1073 |                             six
import time:       123 |        123 |                             dateutil._common
import time:        52 |         52 |                               six.moves
import time:       329 |        329 |                               dateutil.tz._common
import time:       204 |        204 |                               dateutil.tz._factories
import time:       120 |        120 |                                 six.moves.winreg
import time:       229 |        349 |                               dateutil.tz.win
import time:       831 |       1764 |                             dateutil.tz.tz
import time:      1159 |       4117 |                           dateutil.parser._parser
import time:       357 |        357 |                           dateutil.parser.isoparser
import time:       240 |       4991 |                         dateutil.parser
import time:       840 |        840 |                         _strptime
import time:       670 |       6499 |                       jupyter_client.jsonutil
import time:      1125 |      14558 |                     jupyter_client.session
import time:       419 |      15747 |                   jupyter_client.channels
import time:       326 |        326 |                       termios
import time:       219 |        545 |                     getpass
import time:       199 |        199 |                     jupyter_client.clientabc
import time:       269 |        269 |                           platformdirs.api
import time:       110 |        110 |                           platformdirs.version
import time:      1712 |       1712 |                             configparser
import time:       278 |       1989 |                           platformdirs.unix
import time:       293 |       2660 |                         platformdirs
import time:       613 |       3273 |                       jupyter_core.paths
import time:       447 |        447 |                       jupyter_client.localinterfaces
import time:       131 |        131 |                       jupyter_client.utils
import time:       847 |       4696 |                     jupyter_client.connect
import time:       858 |       6296 |                   jupyter_client.client
import time:       556 |      32948 |                 jupyter_client.asynchronous.client
import time:       120 |      33067 |               jupyter_client.asynchronous
import time:       533 |        533 |                 jupyter_client.blocking.client
import time:       153 |        686 |               jupyter_client.blocking
import time:       166 |        166 |               jupyter_client.launcher
import time:       591 |        591 |                       jupyter_client.provisioning.provisioner_base
import time:       370 |        960 |                     jupyter_client.provisioning.factory
import time:       467 |        467 |                     jupyter_client.provisioning.local_provisioner
import time:       135 |       1561 |                   jupyter_client.provisioning
import time:       935 |       2495 |                 jupyter_client.kernelspec
import time:       216 |        216 |                 jupyter_client.managerabc
import time:      1795 |       4504 |               jupyter_client.manager
import time:       902 |        902 |               jupyter_client.multikernelmanager
import time:       275 |      39759 |             jupyter_client
import time:       132 |      39890 |           ipykernel.connect
import time:       172 |      40220 |         ipykernel
import time:       394 |        394 |           ipykernel.jsonutil
import time:       376 |        769 |         ipykernel.displayhook
import time:      1432 |      42420 |       ipykernel.zmqshell
import time:      1065 |       1065 |       elastic_notebook.core.common.profile_variable_size
import time:       912 |        912 |         elastic_notebook.core.common.checkpoint_file
import time:      1489 |       2400 |       elastic_notebook.core.io.migrate
import time:      1679 |      47796 |     elastic_notebook.core.notebook.checkpoint
import time:      1051 |       1051 |     elastic_notebook.core.notebook.find_input_vars
import time:       357 |        357 |     elastic_notebook.core.notebook.find_output_vars
import time:       517 |        517 |     elastic_notebook.core.notebook.restore_notebook
import time:       451 |        451 |     elastic_notebook.core.notebook.update_graph
import time:      3246 |     609421 |   elastic_notebook.elastic_notebook
import time:      1742 |     611162 | elastic_notebook
