import time: self [us] | cumulative | imported package
import time:       262 |        262 |   _io
import time:        38 |         38 |   marshal
import time:       340 |        340 |   posix
import time:       332 |        970 | _frozen_importlib_external
import time:        94 |         94 |   time
import time:       105 |        199 | zipimport
import time:        57 |         57 |     _codecs
import time:       338 |        394 |   codecs
import time:       473 |        473 |   encodings.aliases
import time:       501 |       1367 | encodings
import time:       236 |        236 | encodings.utf_8
import time:       111 |        111 | _signal
import time:        32 |         32 |     _abc
import time:       116 |        148 |   abc
import time:       167 |        314 | io
import time:        43 |         43 |       _stat
import time:        60 |        103 |     stat
import time:       841 |        841 |     _collections_abc
import time:        48 |         48 |       genericpath
import time:        76 |        123 |     posixpath
import time:       370 |       1434 |   os
import time:        72 |         72 |   _sitebuiltins
import time:       621 |        621 |   _virtualenv
import time:       244 |        244 |   _distutils_hack
import time:        58 |         58 |     apport_python_hook
import time:       132 |        189 |   sitecustomize
import time:      1280 |       3837 | site
import time:       186 |        186 |     __future__
import time:       271 |        271 |           types
import time:        96 |         96 |             _operator
import time:       409 |        504 |           operator
import time:       219 |        219 |               itertools
import time:       144 |        144 |               keyword
import time:       206 |        206 |               reprlib
import time:        72 |         72 |               _collections
import time:       855 |       1494 |             collections
import time:        62 |         62 |             _functools
import time:       638 |       2194 |           functools
import time:      1426 |       4394 |         enum
import time:        93 |         93 |           _sre
import time:       255 |        255 |             re._constants
import time:       526 |        781 |           re._parser
import time:       124 |        124 |           re._casefix
import time:       460 |       1457 |         re._compiler
import time:       183 |        183 |         copyreg
import time:       600 |       6632 |       re
import time:       159 |        159 |         collections.abc
import time:       166 |        166 |             token
import time:        42 |         42 |             _tokenize
import time:      1004 |       1211 |           tokenize
import time:       183 |       1394 |         linecache
import time:       978 |        978 |         textwrap
import time:       626 |        626 |         contextlib
import time:       668 |       3822 |       traceback
import time:      1141 |       1141 |       warnings
import time:       213 |        213 |         _weakrefset
import time:       493 |        706 |       weakref
import time:        42 |         42 |         _string
import time:       579 |        621 |       string
import time:       812 |        812 |       threading
import time:        62 |         62 |       atexit
import time:      2212 |      16003 |     logging
import time:       179 |        179 |       _datetime
import time:       139 |        317 |     datetime
import time:       202 |        202 |         _socket
import time:        80 |         80 |           math
import time:        57 |         57 |           select
import time:       681 |        817 |         selectors
import time:        76 |         76 |         errno
import time:       100 |        100 |         array
import time:      1595 |       2788 |       socket
import time:       197 |        197 |           _struct
import time:       193 |        390 |         struct
import time:       292 |        292 |         _compat_pickle
import time:       158 |        158 |         _pickle
import time:       969 |       1808 |       pickle
import time:        45 |         45 |           _heapq
import time:       196 |        241 |         heapq
import time:       224 |        224 |         _queue
import time:       308 |        772 |       queue
import time:       207 |        207 |       copy
import time:       764 |       6336 |     logging.handlers
import time:       158 |        158 |       fnmatch
import time:       120 |        120 |         urllib
import time:      1509 |       1509 |         ipaddress
import time:      1029 |       2657 |       urllib.parse
import time:       152 |        152 |         _winapi
import time:        57 |         57 |         nt
import time:        51 |         51 |         nt
import time:        50 |         50 |         nt
import time:        46 |         46 |         nt
import time:        45 |         45 |         nt
import time:        45 |         45 |         nt
import time:       112 |        553 |       ntpath
import time:       822 |       4189 |     pathlib
import time:       147 |        147 |             IPython.core
import time:       172 |        318 |           IPython.core.getipython
import time:       111 |        111 |           IPython.core.release
import time:        93 |         93 |               zlib
import time:       208 |        208 |                 _compression
import time:       305 |        305 |                 _bz2
import time:       363 |        876 |               bz2
import time:       302 |        302 |                 _lzma
import time:       310 |        611 |               lzma
import time:       717 |       2296 |             shutil
import time:        53 |         53 |                     _typing
import time:      2676 |       2729 |                   typing
import time:      1286 |       1286 |                         _ast
import time:      1377 |       2662 |                       ast
import time:        43 |         43 |                           _opcode
import time:       488 |        530 |                         opcode
import time:       901 |       1431 |                       dis
import time:       180 |        180 |                         importlib
import time:        80 |        259 |                       importlib.machinery
import time:      2265 |       6616 |                     inspect
import time:       156 |        156 |                       traitlets.utils
import time:       250 |        405 |                     traitlets.utils.bunch
import time:       133 |        133 |                     traitlets.utils.descriptions
import time:       110 |        110 |                     traitlets.utils.getargspec
import time:        92 |         92 |                     traitlets.utils.importstring
import time:       110 |        110 |                     traitlets.utils.sentinel
import time:       106 |        106 |                     traitlets.utils.warnings
import time:      4107 |      11676 |                   traitlets.traitlets
import time:       273 |        273 |                   traitlets._version
import time:       142 |        142 |                   traitlets.utils.decorators
import time:       327 |      15145 |                 traitlets
import time:       186 |        186 |                         _json
import time:       516 |        702 |                       json.scanner
import time:       433 |       1134 |                     json.decoder
import time:       428 |        428 |                     json.encoder
import time:       216 |       1777 |                   json
import time:       622 |        622 |                     dataclasses
import time:       376 |        997 |                   pprint
import time:       613 |        613 |                     socketserver
import time:      1392 |       2005 |                   logging.config
import time:       121 |        121 |                     traitlets.utils.text
import time:       868 |        868 |                         gettext
import time:       988 |       1856 |                       argparse
import time:      1228 |       3083 |                     traitlets.config.loader
import time:      1015 |       4218 |                   traitlets.config.configurable
import time:       137 |        137 |                   traitlets.utils.nested_update
import time:      1134 |      10266 |                 traitlets.config.application
import time:       174 |      25584 |               traitlets.config
import time:        24 |      25607 |             traitlets.config.application
import time:      1204 |       1204 |                       html.entities
import time:       421 |       1624 |                     html
import time:       232 |        232 |                         executing._utils
import time:       145 |        145 |                           executing._exceptions
import time:       507 |        652 |                         executing._position_node_finder
import time:       717 |       1600 |                       executing.executing
import time:       112 |        112 |                       executing._pytest_utils
import time:        88 |         88 |                       executing.version
import time:       308 |       2105 |                     executing
import time:        52 |         52 |                             _bisect
import time:       149 |        200 |                           bisect
import time:       233 |        433 |                         asttokens.line_numbers
import time:        81 |         81 |                               astroid
import time:        51 |        132 |                             astroid.nodes
import time:      1392 |       1524 |                           asttokens.util
import time:       303 |       1826 |                         asttokens.asttokens
import time:       139 |       2397 |                       asttokens
import time:        19 |       2416 |                     asttokens.util
import time:       486 |        486 |                                 numbers
import time:       861 |       1347 |                               _decimal
import time:       142 |       1489 |                             decimal
import time:      1740 |       1740 |                             fractions
import time:       313 |       3541 |                           pure_eval.utils
import time:       163 |       3703 |                         pure_eval.my_getattr_static
import time:       416 |       4119 |                       pure_eval.core
import time:       116 |        116 |                       pure_eval.version
import time:       195 |       4429 |                     pure_eval
import time:       466 |        466 |                     stack_data.utils
import time:      1400 |      12437 |                   stack_data.core
import time:       307 |        307 |                   stack_data.formatting
import time:       258 |        258 |                   stack_data.serializing
import time:        97 |         97 |                   stack_data.version
import time:       215 |      13313 |                 stack_data
import time:       148 |        148 |                     pygments
import time:       274 |        274 |                     pygments.formatters._mapping
import time:        77 |         77 |                           _csv
import time:       375 |        452 |                         csv
import time:       146 |        146 |                         email
import time:       102 |        102 |                           binascii
import time:       149 |        149 |                             importlib._abc
import time:       139 |        287 |                           importlib.util
import time:       144 |        144 |                             zipfile._path.glob
import time:       420 |        564 |                           zipfile._path
import time:      1117 |       2068 |                         zipfile
import time:       198 |        198 |                             quopri
import time:        60 |         60 |                                 _random
import time:       113 |        113 |                                 _sha2
import time:       439 |        611 |                               random
import time:       109 |        109 |                                     _locale
import time:      1461 |       1569 |                                   locale
import time:      1056 |       2625 |                                 calendar
import time:       294 |       2919 |                               email._parseaddr
import time:       388 |        388 |                                   base64
import time:       132 |        520 |                                 email.base64mime
import time:       250 |        250 |                                 email.quoprimime
import time:       748 |        748 |                                 email.errors
import time:       148 |        148 |                                 email.encoders
import time:       261 |       1925 |                               email.charset
import time:       548 |       6001 |                             email.utils
import time:       733 |        733 |                               email.header
import time:       326 |       1059 |                             email._policybase
import time:       309 |        309 |                             email._encoded_words
import time:       134 |        134 |                             email.iterators
import time:       737 |       8436 |                           email.message
import time:        97 |         97 |                             importlib.metadata._functools
import time:       163 |        259 |                           importlib.metadata._text
import time:       342 |       9035 |                         importlib.metadata._adapters
import time:       440 |        440 |                         importlib.metadata._meta
import time:       285 |        285 |                         importlib.metadata._collections
import time:       115 |        115 |                         importlib.metadata._itertools
import time:       577 |        577 |                               tempfile
import time:       409 |        409 |                               importlib.resources.abc
import time:       316 |        316 |                               importlib.resources._adapters
import time:       479 |       1779 |                             importlib.resources._common
import time:       209 |        209 |                             importlib.resources._legacy
import time:       132 |       2120 |                           importlib.resources
import time:       424 |       2543 |                         importlib.abc
import time:      1378 |      16459 |                       importlib.metadata
import time:       139 |      16597 |                     pygments.plugin
import time:       730 |        730 |                     pygments.util
import time:       300 |      18046 |                   pygments.formatters
import time:       181 |        181 |                       pygments.styles._mapping
import time:       162 |        342 |                     pygments.styles
import time:       151 |        493 |                   pygments.formatter
import time:       134 |        134 |                   pygments.console
import time:       416 |        416 |                     pygments.token
import time:       324 |        739 |                   pygments.style
import time:       291 |      19701 |                 pygments.formatters.terminal256
import time:       130 |        130 |                 IPython.utils
import time:       378 |        378 |                   glob
import time:      1456 |       1456 |                         signal
import time:        73 |         73 |                         fcntl
import time:        76 |         76 |                         msvcrt
import time:        32 |         32 |                         _posixsubprocess
import time:       672 |       2307 |                       subprocess
import time:       297 |        297 |                         shlex
import time:        72 |         72 |                             _wmi
import time:       630 |        702 |                           platform
import time:       139 |        139 |                           IPython.utils.encoding
import time:       437 |       1277 |                         IPython.utils.py3compat
import time:       273 |       1846 |                       IPython.utils._process_common
import time:       172 |       4325 |                     IPython.utils._process_posix
import time:       161 |       4485 |                   IPython.utils.process
import time:       290 |       5153 |                 IPython.utils.path
import time:       463 |        463 |                   pygments.styles.monokai
import time:       329 |        329 |                   pygments.styles.default
import time:       341 |        341 |                   pygments.styles.pastie
import time:       471 |        471 |                   pygments.styles.gruvbox
import time:     14317 |      15920 |                 IPython.utils.PyColorize
import time:       167 |        167 |                 IPython.utils.terminal
import time:       319 |        319 |                 IPython.core.display_trap
import time:       399 |        399 |                       pkgutil
import time:       438 |        438 |                       sysconfig
import time:       593 |        593 |                       _sysconfigdata__x86_64-linux-gnu
import time:      1912 |       3341 |                     pydoc
import time:       183 |        183 |                         codeop
import time:       257 |        440 |                       IPython.core.debugger_backport
import time:       226 |        226 |                         cmd
import time:       469 |        469 |                         bdb
import time:       217 |        217 |                         code
import time:       799 |       1710 |                       pdb
import time:       613 |       2761 |                     IPython.core.debugger
import time:       496 |       6597 |                   IPython.core.tbtools
import time:       288 |       6885 |                 IPython.core.doctb
import time:       574 |      62158 |               IPython.core.ultratb
import time:        92 |         92 |                 IPython.utils._sysinfo
import time:       170 |        262 |               IPython.utils.sysinfo
import time:       315 |      62734 |             IPython.core.crashhandler
import time:        98 |         98 |                 IPython.utils.importstring
import time:       186 |        284 |               IPython.paths
import time:       604 |        887 |             IPython.core.profiledir
import time:       861 |      92383 |           IPython.core.application
import time:       128 |        128 |             IPython.terminal
import time:      2068 |       2068 |                 _hashlib
import time:       677 |        677 |                 _blake2
import time:       299 |       3043 |               hashlib
import time:       184 |       3227 |             IPython.core.compilerop
import time:       203 |        203 |               IPython.core.error
import time:        91 |         91 |                 IPython.utils.docs
import time:       131 |        222 |               IPython.utils.decorators
import time:       725 |        725 |               IPython.utils.text
import time:       502 |       1651 |             IPython.core.magic_arguments
import time:       172 |        172 |               getopt
import time:       142 |        142 |                     IPython.core.display_functions
import time:        69 |         69 |                         _winapi
import time:        56 |         56 |                         winreg
import time:       300 |        424 |                       mimetypes
import time:       116 |        116 |                         IPython.testing
import time:       160 |        275 |                       IPython.testing.skipdoctest
import time:       615 |       1313 |                     IPython.core.display
import time:       114 |        114 |                       IPython.lib
import time:       568 |        681 |                     IPython.lib.display
import time:       164 |       2299 |                   IPython.display
import time:       163 |        163 |                   IPython.utils.data
import time:       423 |       2884 |                 IPython.core.page
import time:       541 |        541 |                 IPython.lib.pretty
import time:       378 |        378 |                 IPython.utils.openpy
import time:       120 |        120 |                 IPython.utils.dir2
import time:       164 |        164 |                 IPython.utils.wildcard
import time:      1412 |       1412 |                   pygments.lexers._mapping
import time:       338 |        338 |                   pygments.modeline
import time:       258 |       2008 |                 pygments.lexers
import time:       154 |        154 |                     pygments.filter
import time:       548 |        548 |                     pygments.filters
import time:       218 |        218 |                     pygments.regexopt
import time:       670 |       1588 |                   pygments.lexer
import time:       463 |        463 |                   pygments.unistring
import time:       966 |       3016 |                 pygments.lexers.python
import time:        77 |         77 |                   ctags
import time:       382 |        458 |                 pygments.formatters.html
import time:      2237 |      11802 |               IPython.core.oinspect
import time:       394 |        394 |                 IPython.utils.tokenutil
import time:      1385 |       1779 |               IPython.core.inputtransformer2
import time:       186 |        186 |               IPython.utils.ipstruct
import time:       926 |      14863 |             IPython.core.magic
import time:       109 |        109 |               runpy
import time:       124 |        124 |                 IPython.external
import time:       106 |        106 |                 cPickle
import time:       316 |        545 |               IPython.external.pickleshare
import time:       161 |        161 |               IPython.core.hooks
import time:       176 |        176 |                 IPython.core.autocall
import time:       280 |        280 |                 IPython.core.macro
import time:       416 |        416 |                 IPython.core.splitinput
import time:      2634 |       3504 |               IPython.core.prefilter
import time:       586 |        586 |               IPython.core.alias
import time:       308 |        308 |               IPython.core.builtin_trap
import time:       586 |        586 |                   decorator
import time:       753 |        753 |                       _sqlite3
import time:       279 |       1032 |                     sqlite3.dbapi2
import time:       186 |       1217 |                   sqlite3
import time:      2750 |       4552 |                 IPython.core.history
import time:       447 |       4999 |               IPython.core.displayhook
import time:       471 |        471 |               IPython.core.displaypub
import time:       170 |        170 |               IPython.core.events
import time:       279 |        279 |               IPython.core.extensions
import time:       162 |        162 |                 IPython.utils.sentinel
import time:      3007 |       3168 |               IPython.core.formatters
import time:       244 |        244 |               IPython.core.logger
import time:       261 |        261 |               IPython.core.payload
import time:       145 |        145 |               IPython.core.tips
import time:       117 |        117 |               IPython.core.usage
import time:      1211 |       1211 |                 IPython.utils.capture
import time:       160 |       1371 |               IPython.utils.io
import time:       142 |        142 |               IPython.utils.strdispatch
import time:       125 |        125 |               IPython.utils.syspathcontext
import time:        68 |         68 |                 docrepr
import time:        24 |         92 |               docrepr.sphinxify
import time:       134 |        134 |                       concurrent
import time:       709 |        709 |                       concurrent.futures._base
import time:       193 |       1034 |                     concurrent.futures
import time:      1459 |       1459 |                       _ssl
import time:      2478 |       3937 |                     ssl
import time:       273 |        273 |                     asyncio.constants
import time:       175 |        175 |                     asyncio.coroutines
import time:       154 |        154 |                         _contextvars
import time:       143 |        297 |                       contextvars
import time:       140 |        140 |                       asyncio.format_helpers
import time:       148 |        148 |                         asyncio.base_futures
import time:       209 |        209 |                         asyncio.exceptions
import time:       172 |        172 |                         asyncio.base_tasks
import time:       444 |        972 |                       _asyncio
import time:       575 |       1981 |                     asyncio.events
import time:       245 |        245 |                     asyncio.futures
import time:       193 |        193 |                     asyncio.protocols
import time:       301 |        301 |                       asyncio.transports
import time:       103 |        103 |                       asyncio.log
import time:       770 |       1174 |                     asyncio.sslproto
import time:       114 |        114 |                         asyncio.mixins
import time:       531 |        645 |                       asyncio.locks
import time:       413 |        413 |                         asyncio.timeouts
import time:       495 |        907 |                       asyncio.tasks
import time:       331 |       1882 |                     asyncio.staggered
import time:       163 |        163 |                     asyncio.trsock
import time:      1193 |      12245 |                   asyncio.base_events
import time:       324 |        324 |                   asyncio.runners
import time:       290 |        290 |                   asyncio.queues
import time:       417 |        417 |                   asyncio.streams
import time:       248 |        248 |                   asyncio.subprocess
import time:       175 |        175 |                   asyncio.taskgroups
import time:       105 |        105 |                   asyncio.threads
import time:       293 |        293 |                     asyncio.base_subprocess
import time:       633 |        633 |                     asyncio.selector_events
import time:       932 |       1856 |                   asyncio.unix_events
import time:       282 |      15937 |                 asyncio
import time:       184 |      16120 |               IPython.core.async_helpers
import time:      2959 |      35867 |             IPython.core.interactiveshell
import time:       194 |        194 |                         prompt_toolkit.application.current
import time:       109 |        109 |                               prompt_toolkit.eventloop.utils
import time:       235 |        343 |                             prompt_toolkit.eventloop.async_generator
import time:       228 |        228 |                             prompt_toolkit.eventloop.inputhook
import time:       165 |        735 |                           prompt_toolkit.eventloop
import time:       139 |        874 |                         prompt_toolkit.application.run_in_terminal
import time:       406 |        406 |                                 prompt_toolkit.selection
import time:       247 |        652 |                               prompt_toolkit.clipboard.base
import time:       187 |        187 |                               prompt_toolkit.clipboard.in_memory
import time:       157 |        996 |                             prompt_toolkit.clipboard
import time:       292 |        292 |                                 prompt_toolkit.cache
import time:       253 |        253 |                                 prompt_toolkit.enums
import time:       339 |        339 |                                 prompt_toolkit.filters.base
import time:       310 |       1192 |                               prompt_toolkit.filters.app
import time:       165 |        165 |                               prompt_toolkit.filters.cli
import time:       110 |        110 |                               prompt_toolkit.filters.utils
import time:       181 |       1647 |                             prompt_toolkit.filters
import time:      1836 |       4478 |                           prompt_toolkit.document
import time:       277 |       4754 |                         prompt_toolkit.auto_suggest
import time:      2478 |       2478 |                                               prompt_toolkit.keys
import time:       835 |       3313 |                                             prompt_toolkit.key_binding.key_bindings
import time:       109 |        109 |                                                     wcwidth.table_vs16
import time:       166 |        166 |                                                     wcwidth.table_wide
import time:       356 |        356 |                                                     wcwidth.table_zero
import time:       110 |        110 |                                                     wcwidth.unicode_versions
import time:       296 |       1034 |                                                   wcwidth.wcwidth
import time:       244 |       1278 |                                                 wcwidth
import time:       467 |       1744 |                                               prompt_toolkit.utils
import time:       360 |       2104 |                                             prompt_toolkit.key_binding.key_processor
import time:       132 |       5548 |                                           prompt_toolkit.key_binding
import time:       417 |       5965 |                                         prompt_toolkit.key_binding.vi_state
import time:       693 |       6658 |                                       prompt_toolkit.cursor_shapes
import time:       637 |        637 |                                       prompt_toolkit.data_structures
import time:       653 |        653 |                                         prompt_toolkit.styles.base
import time:       232 |        232 |                                           prompt_toolkit.styles.named_colors
import time:       593 |        593 |                                           prompt_toolkit.styles.style
import time:       338 |       1162 |                                         prompt_toolkit.styles.defaults
import time:       272 |        272 |                                         prompt_toolkit.styles.pygments
import time:       142 |        142 |                                           colorsys
import time:       446 |        587 |                                         prompt_toolkit.styles.style_transformation
import time:       367 |       3040 |                                       prompt_toolkit.styles
import time:       622 |        622 |                                       prompt_toolkit.output.color_depth
import time:       342 |      11297 |                                     prompt_toolkit.output.base
import time:       198 |        198 |                                         prompt_toolkit.output.flush_stdout
import time:       441 |        639 |                                       prompt_toolkit.output.plain_text
import time:       160 |        799 |                                     prompt_toolkit.output.defaults
import time:       111 |      12205 |                                   prompt_toolkit.output
import time:       576 |      12781 |                                 prompt_toolkit.output.vt100
import time:       407 |        407 |                                   prompt_toolkit.mouse_events
import time:       410 |        817 |                                 prompt_toolkit.formatted_text.base
import time:       598 |      14195 |                               prompt_toolkit.formatted_text.ansi
import time:       208 |        208 |                                     xml
import time:       178 |        178 |                                     xml.dom.domreg
import time:       469 |        854 |                                   xml.dom
import time:       214 |        214 |                                   xml.dom.minicompat
import time:       249 |        249 |                                     xml.dom.NodeFilter
import time:       346 |        594 |                                   xml.dom.xmlbuilder
import time:      1110 |       2770 |                                 xml.dom.minidom
import time:       237 |       3006 |                               prompt_toolkit.formatted_text.html
import time:       149 |        149 |                               prompt_toolkit.formatted_text.pygments
import time:       123 |        123 |                               prompt_toolkit.formatted_text.utils
import time:       173 |      17644 |                             prompt_toolkit.formatted_text
import time:       406 |      18049 |                           prompt_toolkit.completion.base
import time:       139 |        139 |                           prompt_toolkit.completion.deduplicate
import time:       359 |        359 |                           prompt_toolkit.completion.filesystem
import time:       155 |        155 |                             prompt_toolkit.completion.word_completer
import time:       428 |        582 |                           prompt_toolkit.completion.fuzzy_completer
import time:       273 |        273 |                           prompt_toolkit.completion.nested
import time:       239 |      19639 |                         prompt_toolkit.completion
import time:       371 |        371 |                         prompt_toolkit.history
import time:       299 |        299 |                         prompt_toolkit.search
import time:       325 |        325 |                         prompt_toolkit.validation
import time:      1376 |      27829 |                       prompt_toolkit.buffer
import time:       371 |        371 |                           prompt_toolkit.input.base
import time:       135 |        135 |                           prompt_toolkit.input.defaults
import time:       162 |        667 |                         prompt_toolkit.input
import time:        33 |        700 |                       prompt_toolkit.input.base
import time:       113 |        113 |                       prompt_toolkit.input.typeahead
import time:        95 |         95 |                         prompt_toolkit.key_binding.bindings
import time:       155 |        155 |                         prompt_toolkit.key_binding.bindings.scroll
import time:       189 |        438 |                       prompt_toolkit.key_binding.bindings.page_navigation
import time:       484 |        484 |                                       prompt_toolkit.lexers.base
import time:       703 |        703 |                                       prompt_toolkit.lexers.pygments
import time:       167 |       1353 |                                     prompt_toolkit.lexers
import time:       663 |        663 |                                       prompt_toolkit.layout.utils
import time:       702 |       1364 |                                     prompt_toolkit.layout.processors
import time:       734 |       3450 |                                   prompt_toolkit.layout.controls
import time:       268 |        268 |                                   prompt_toolkit.layout.dimension
import time:       279 |        279 |                                   prompt_toolkit.layout.margins
import time:       151 |        151 |                                   prompt_toolkit.layout.mouse_handlers
import time:       294 |        294 |                                   prompt_toolkit.layout.screen
import time:      2484 |       6924 |                                 prompt_toolkit.layout.containers
import time:       365 |        365 |                                 prompt_toolkit.layout.layout
import time:       461 |        461 |                                 prompt_toolkit.layout.menus
import time:       266 |        266 |                                 prompt_toolkit.layout.scrollable_pane
import time:       206 |       8220 |                               prompt_toolkit.layout
import time:        38 |       8257 |                             prompt_toolkit.layout.controls
import time:       248 |        248 |                             prompt_toolkit.key_binding.bindings.completion
import time:       627 |       9131 |                           prompt_toolkit.key_binding.bindings.named_commands
import time:       189 |       9320 |                         prompt_toolkit.key_binding.bindings.basic
import time:       152 |        152 |                         prompt_toolkit.key_binding.bindings.cpr
import time:       279 |        279 |                         prompt_toolkit.key_binding.bindings.emacs
import time:       267 |        267 |                         prompt_toolkit.key_binding.bindings.mouse
import time:       273 |        273 |                             prompt_toolkit.input.ansi_escape_sequences
import time:       649 |        921 |                           prompt_toolkit.input.vt100_parser
import time:       609 |        609 |                           prompt_toolkit.key_binding.digraphs
import time:       983 |       2512 |                         prompt_toolkit.key_binding.bindings.vi
import time:       168 |      12695 |                       prompt_toolkit.key_binding.defaults
import time:       147 |        147 |                       prompt_toolkit.key_binding.emacs_state
import time:       198 |        198 |                       prompt_toolkit.layout.dummy
import time:       520 |        520 |                       prompt_toolkit.renderer
import time:       804 |      43440 |                     prompt_toolkit.application.application
import time:       251 |        251 |                     prompt_toolkit.application.dummy
import time:       215 |      43905 |                   prompt_toolkit.application
import time:       483 |        483 |                           prompt_toolkit.widgets.toolbars
import time:       700 |       1182 |                         prompt_toolkit.widgets.base
import time:       161 |        161 |                           prompt_toolkit.key_binding.bindings.focus
import time:       192 |        353 |                         prompt_toolkit.widgets.dialogs
import time:       270 |        270 |                         prompt_toolkit.widgets.menus
import time:       152 |       1957 |                       prompt_toolkit.widgets
import time:       275 |       2232 |                     prompt_toolkit.shortcuts.choice_input
import time:       230 |        230 |                     prompt_toolkit.shortcuts.dialogs
import time:       138 |        138 |                             xml.parsers
import time:       180 |        180 |                               pyexpat
import time:       162 |        342 |                             xml.parsers.expat
import time:       695 |       1174 |                           xml.dom.expatbuilder
import time:      1143 |       2316 |                         prompt_toolkit.shortcuts.progress_bar.formatters
import time:       444 |       2760 |                       prompt_toolkit.shortcuts.progress_bar.base
import time:       135 |       2894 |                     prompt_toolkit.shortcuts.progress_bar
import time:       149 |        149 |                       prompt_toolkit.key_binding.bindings.auto_suggest
import time:       112 |        112 |                       prompt_toolkit.key_binding.bindings.open_in_editor
import time:       930 |       1190 |                     prompt_toolkit.shortcuts.prompt
import time:       240 |        240 |                     prompt_toolkit.shortcuts.utils
import time:       195 |       6979 |                   prompt_toolkit.shortcuts
import time:       549 |        549 |                     email.feedparser
import time:       253 |        802 |                   email.parser
import time:      2676 |      54360 |                 prompt_toolkit
import time:        38 |      54398 |               prompt_toolkit.auto_suggest
import time:       255 |        255 |               prompt_toolkit.patch_stdout
import time:        83 |         83 |                   unicodedata
import time:        82 |         82 |                     _uuid
import time:       515 |        596 |                   uuid
import time:      4178 |       4178 |                   IPython.core.guarded_eval
import time:       737 |        737 |                   IPython.core.latex_symbols
import time:       150 |        150 |                   IPython.utils.generics
import time:       545 |        545 |                             parso.utils
import time:       440 |        985 |                           parso.tree
import time:        93 |         93 |                                     parso.python
import time:       881 |        881 |                                     parso.python.token
import time:      2514 |       3488 |                                   parso.python.tokenize
import time:       280 |       3767 |                                 parso.pgen2.grammar_parser
import time:       418 |       4185 |                               parso.pgen2.generator
import time:       132 |       4317 |                             parso.pgen2
import time:        54 |       4370 |                           parso.pgen2.generator
import time:       533 |       5886 |                         parso.parser
import time:       102 |        102 |                           parso._compatibility
import time:      1749 |       1749 |                             difflib
import time:       560 |        560 |                                 parso.python.prefix
import time:      1494 |       2053 |                               parso.python.tree
import time:       256 |       2309 |                             parso.python.parser
import time:       537 |       4594 |                           parso.python.diff
import time:        64 |         64 |                             gc
import time:       361 |        425 |                           parso.cache
import time:       454 |        454 |                             parso.normalizer
import time:      1121 |       1575 |                           parso.python.errors
import time:       459 |        459 |                           parso.python.pep8
import time:       191 |        191 |                           parso.file_io
import time:       522 |       7865 |                         parso.grammar
import time:       200 |      13950 |                       parso
import time:       343 |        343 |                       jedi.parser_utils
import time:        73 |         73 |                         colorama
import time:       261 |        333 |                       jedi.debug
import time:       130 |        130 |                       jedi.settings
import time:       210 |        210 |                       jedi.cache
import time:       238 |        238 |                       jedi.file_io
import time:       177 |        177 |                                 jedi.inference.cache
import time:       241 |        241 |                                   jedi.inference.helpers
import time:       398 |        398 |                                   jedi.inference.utils
import time:       651 |       1288 |                                 jedi.inference.base_value
import time:       370 |       1835 |                               jedi.inference.sys_path
import time:       175 |        175 |                                       jedi.inference.recursion
import time:       306 |        481 |                                     jedi.inference.flow_analysis
import time:       184 |        184 |                                           jedi.common
import time:       213 |        397 |                                         jedi.inference.lazy_value
import time:       502 |        898 |                                       jedi.inference.docstrings
import time:       173 |        173 |                                       jedi.plugins
import time:       912 |       1983 |                                     jedi.inference.names
import time:       979 |       3443 |                                   jedi.inference.filters
import time:       255 |        255 |                                     jedi.inference.compiled.getattr_static
import time:       919 |       1173 |                                   jedi.inference.compiled.access
import time:       375 |        375 |                                   jedi.inference.signature
import time:       622 |        622 |                                   jedi.inference.context
import time:       737 |       6348 |                                 jedi.inference.compiled.value
import time:       213 |       6561 |                               jedi.inference.compiled
import time:       299 |        299 |                               jedi.inference.analysis
import time:       126 |        126 |                                 jedi.inference.gradual
import time:       421 |        421 |                                       jedi.inference.value.module
import time:       389 |        389 |                                             jedi.inference.value.dynamic_arrays
import time:       968 |       1357 |                                           jedi.inference.value.iterable
import time:       510 |       1866 |                                         jedi.inference.arguments
import time:       131 |        131 |                                           jedi.inference.parser_cache
import time:       218 |        218 |                                           jedi.inference.gradual.generics
import time:       661 |       1009 |                                         jedi.inference.value.function
import time:       603 |       3477 |                                       jedi.inference.value.klass
import time:       838 |        838 |                                       jedi.inference.value.instance
import time:       426 |       5161 |                                     jedi.inference.value
import time:        74 |       5235 |                                   jedi.inference.value.module
import time:       753 |        753 |                                     jedi.inference.gradual.base
import time:       416 |        416 |                                     jedi.inference.gradual.type_var
import time:       680 |       1848 |                                   jedi.inference.gradual.typing
import time:       451 |       7533 |                                 jedi.inference.gradual.stub_value
import time:       522 |       8179 |                               jedi.inference.gradual.typeshed
import time:       137 |        137 |                                   jedi._compatibility
import time:       282 |        282 |                                   jedi.inference.compiled.subprocess.functions
import time:       178 |        178 |                                   jedi.api.exceptions
import time:      1378 |       1975 |                                 jedi.inference.compiled.subprocess
import time:        55 |       2029 |                               jedi.inference.compiled.subprocess.functions
import time:       477 |      19377 |                             jedi.inference.imports
import time:       244 |        244 |                                 jedi.inference.param
import time:       329 |        573 |                               jedi.inference.gradual.annotation
import time:       139 |        139 |                               jedi.inference.value.decorator
import time:       608 |       1318 |                             jedi.inference.syntax_tree
import time:       322 |      21016 |                           jedi.inference
import time:        28 |      21043 |                         jedi.inference.utils
import time:       186 |        186 |                           jedi.inference.gradual.conversion
import time:       417 |        603 |                         jedi.inference.compiled.mixed
import time:       133 |        133 |                           pydoc_data
import time:      1305 |       1305 |                           pydoc_data.topics
import time:       254 |       1691 |                         jedi.api.keywords
import time:       351 |        351 |                         jedi.api.completion_cache
import time:       513 |        513 |                         jedi.api.helpers
import time:       672 |      24871 |                       jedi.api.classes
import time:       233 |        233 |                       jedi.api.interpreter
import time:       210 |        210 |                         jedi.api.strings
import time:       184 |        184 |                         jedi.api.file_name
import time:       159 |        159 |                         jedi.inference.docstring_utils
import time:       706 |       1259 |                       jedi.api.completion
import time:       253 |        253 |                         filecmp
import time:       548 |        801 |                       jedi.api.environment
import time:       229 |        229 |                         jedi.inference.references
import time:       317 |        545 |                       jedi.api.project
import time:       140 |        140 |                       jedi.api.errors
import time:       274 |        274 |                         jedi.inference.value.namespace
import time:       305 |        579 |                       jedi.api.refactoring
import time:       298 |        298 |                       jedi.api.refactoring.extract
import time:       115 |        115 |                       jedi.inference.gradual.utils
import time:       826 |      44863 |                     jedi.api
import time:       942 |        942 |                       jedi.plugins.stdlib
import time:       117 |        117 |                       jedi.plugins.flask
import time:       270 |        270 |                       jedi.plugins.pytest
import time:       473 |        473 |                       jedi.plugins.django
import time:       297 |       2097 |                     jedi.plugins.registry
import time:       197 |      47157 |                   jedi
import time:      4418 |      57316 |                 IPython.core.completer
import time:       318 |        318 |                 IPython.terminal.ptutils
import time:       170 |        170 |                   IPython.terminal.shortcuts.auto_match
import time:      1082 |       1082 |                     IPython.terminal.shortcuts.filters
import time:       506 |       1587 |                   IPython.terminal.shortcuts.auto_suggest
import time:      3240 |       4995 |                 IPython.terminal.shortcuts
import time:       308 |        308 |                 concurrent.futures.thread
import time:       420 |      63356 |               IPython.terminal.debugger
import time:       232 |        232 |                 IPython.lib.clipboard
import time:       418 |        650 |               IPython.terminal.magics
import time:       227 |        227 |               IPython.terminal.pt_inputhooks
import time:       438 |        438 |               IPython.terminal.prompts
import time:      1987 |     121307 |             IPython.terminal.interactiveshell
import time:       344 |        344 |                 IPython.core.magics.auto
import time:      2534 |       2534 |                 IPython.core.magics.basic
import time:       845 |        845 |                       http
import time:      1100 |       1945 |                     http.client
import time:       292 |        292 |                       urllib.response
import time:       249 |        541 |                     urllib.error
import time:      1557 |       4042 |                   urllib.request
import time:       146 |        146 |                   IPython.utils.contexts
import time:       804 |       4991 |                 IPython.core.magics.code
import time:       382 |        382 |                 IPython.core.magics.config
import time:       722 |        722 |                 IPython.core.magics.display
import time:       211 |        211 |                     _lsprof
import time:      1305 |       1305 |                     profile
import time:       261 |       1776 |                   cProfile
import time:      1671 |       1671 |                   pstats
import time:       229 |        229 |                   timeit
import time:       122 |        122 |                   IPython.utils.module_paths
import time:       193 |        193 |                     resource
import time:       125 |        318 |                   IPython.utils.timing
import time:       302 |        302 |                   IPython.core.magics.ast_mod
import time:     18862 |      23277 |                 IPython.core.magics.execution
import time:       336 |        336 |                 IPython.core.magics.extension
import time:      1716 |       1716 |                 IPython.core.magics.history
import time:       333 |        333 |                 IPython.core.magics.logging
import time:       492 |        492 |                 IPython.core.magics.namespace
import time:      1130 |       1130 |                 IPython.core.magics.osm
import time:       397 |        397 |                 IPython.core.magics.packaging
import time:      1508 |       1508 |                 IPython.core.magics.pylab
import time:      1329 |       1329 |                 IPython.core.magics.script
import time:       638 |      40122 |               IPython.core.magics
import time:       842 |        842 |               IPython.core.shellapp
import time:       154 |        154 |                 IPython.extensions
import time:       406 |        560 |               IPython.extensions.storemagic
import time:      1354 |      42877 |             IPython.terminal.ipapp
import time:      2048 |     221965 |           IPython.terminal.embed
import time:       158 |        158 |           IPython.utils.frame
import time:       405 |     315338 |         IPython
import time:        16 |     315353 |       IPython.core
import time:        21 |     315373 |     IPython.core.interactiveshell
import time:       106 |        106 |       elastic_notebook.algorithm
import time:       187 |        187 |         numpy.version
import time:       131 |        131 |         numpy._expired_attrs_2_0
import time:       122 |        122 |             numpy._utils._convertions
import time:       130 |        252 |           numpy._utils
import time:       318 |        569 |         numpy._globals
import time:        41 |         41 |           numpy._distributor_init_local
import time:       133 |        174 |         numpy._distributor_init
import time:       307 |        307 |                   numpy.exceptions
import time:       324 |        324 |                   numpy._core._exceptions
import time:       129 |        129 |                   numpy._core.printoptions
import time:       408 |        408 |                   numpy.dtypes
import time:      8908 |      10075 |                 numpy._core._multiarray_umath
import time:       161 |        161 |                   numpy._utils._inspect
import time:       354 |        515 |                 numpy._core.overrides
import time:      2166 |      12754 |               numpy._core.multiarray
import time:       314 |        314 |               numpy._core.umath
import time:       193 |        193 |                 numpy._core._dtype
import time:       132 |        132 |                 numpy._core._string_helpers
import time:       335 |        335 |                 numpy._core._type_aliases
import time:       417 |       1076 |               numpy._core.numerictypes
import time:       233 |        233 |                       numpy._core._methods
import time:      1046 |       1279 |                     numpy._core.fromnumeric
import time:       420 |       1698 |                   numpy._core.shape_base
import time:       222 |        222 |                   numpy._core._ufunc_config
import time:       158 |        158 |                   numpy._core._asarray
import time:       749 |        749 |                   numpy._core.arrayprint
import time:      1082 |       3907 |                 numpy._core.numeric
import time:       446 |       4352 |               numpy._core.einsumfunc
import time:       270 |        270 |               numpy._core.function_base
import time:       278 |        278 |               numpy._core.getlimits
import time:       261 |        261 |               numpy._core.memmap
import time:       384 |        384 |               numpy._core.records
import time:      6869 |       6869 |               numpy._core._add_newdocs
import time:      1724 |       1724 |               numpy._core._add_newdocs_scalars
import time:       153 |        153 |               numpy._core._dtype_ctypes
import time:       544 |        544 |                   _ctypes
import time:       330 |        330 |                   ctypes._endian
import time:      1093 |       1966 |                 ctypes
import time:       841 |       2806 |               numpy._core._internal
import time:       173 |        173 |               numpy._pytesttester
import time:       671 |      32078 |             numpy._core
import time:        30 |      32107 |           numpy._core._multiarray_umath
import time:       348 |      32455 |         numpy.__config__
import time:       229 |        229 |                           numpy._typing._nbit_base
import time:       234 |        234 |                           numpy._typing._nested_sequence
import time:       110 |        110 |                           numpy._typing._shape
import time:      2155 |       2727 |                         numpy._typing._array_like
import time:      1834 |       1834 |                         numpy._typing._char_codes
import time:      2516 |       2516 |                         numpy._typing._dtype_like
import time:       136 |        136 |                         numpy._typing._nbit
import time:       119 |        119 |                         numpy._typing._scalars
import time:       105 |        105 |                         numpy._typing._ufunc
import time:       349 |       7784 |                       numpy._typing
import time:       362 |        362 |                         numpy.lib._stride_tricks_impl
import time:       343 |        704 |                       numpy.lib._twodim_base_impl
import time:       111 |        111 |                         numpy.lib._array_utils_impl
import time:       123 |        233 |                       numpy.lib.array_utils
import time:       343 |        343 |                       numpy.linalg._umath_linalg
import time:      1786 |      10849 |                     numpy.linalg._linalg
import time:       178 |      11026 |                   numpy.linalg
import time:       347 |      11372 |                 numpy.matrixlib.defmatrix
import time:       138 |      11510 |               numpy.matrixlib
import time:       313 |        313 |                 numpy.lib._histograms_impl
import time:      1285 |       1598 |               numpy.lib._function_base_impl
import time:       476 |      13583 |             numpy.lib._index_tricks_impl
import time:       339 |      13921 |           numpy.lib._arraypad_impl
import time:       871 |        871 |           numpy.lib._arraysetops_impl
import time:       200 |        200 |           numpy.lib._arrayterator_impl
import time:       436 |        436 |           numpy.lib._nanfunctions_impl
import time:       247 |        247 |                 numpy.lib._utils_impl
import time:       257 |        504 |               numpy.lib._format_impl
import time:       131 |        635 |             numpy.lib.format
import time:       427 |        427 |             numpy.lib._datasource
import time:       470 |        470 |             numpy.lib._iotools
import time:       719 |       2249 |           numpy.lib._npyio_impl
import time:       218 |        218 |               numpy.lib._ufunclike_impl
import time:       324 |        541 |             numpy.lib._type_check_impl
import time:       672 |       1213 |           numpy.lib._polynomial_impl
import time:       572 |        572 |           numpy.lib._shape_base_impl
import time:       172 |        172 |           numpy.lib._version
import time:       142 |        142 |           numpy.lib.introspect
import time:       200 |        200 |           numpy.lib.mixins
import time:       103 |        103 |           numpy.lib.npyio
import time:       291 |        291 |             numpy.lib._scimath_impl
import time:       108 |        399 |           numpy.lib.scimath
import time:       147 |        147 |           numpy.lib.stride_tricks
import time:       559 |      21177 |         numpy.lib
import time:       205 |        205 |         numpy._array_api_info
import time:      1493 |      56388 |       numpy
import time:       328 |        328 |       elastic_notebook.algorithm.selector
import time:       238 |      57058 |     elastic_notebook.algorithm.baseline
import time:       234 |        234 |         networkx.lazy_imports
import time:       350 |        350 |         networkx.exception
import time:       466 |        466 |           networkx.utils.misc
import time:       450 |        450 |             gzip
import time:       606 |       1055 |           networkx.utils.decorators
import time:       207 |        207 |           networkx.utils.random_sequence
import time:       146 |        146 |           networkx.utils.union_find
import time:       137 |        137 |           networkx.utils.rcm
import time:       235 |        235 |           networkx.utils.heaps
import time:       587 |        587 |           networkx.utils.configs
import time:     13692 |      13692 |           networkx.utils.backends
import time:       243 |      16765 |         networkx.utils
import time:       288 |        288 |             networkx.convert
import time:       538 |        538 |             networkx.classes.coreviews
import time:      1004 |       1004 |             networkx.classes.reportviews
import time:       515 |       2342 |           networkx.classes.graph
import time:       415 |        415 |           networkx.classes.digraph
import time:       347 |        347 |           networkx.classes.multigraph
import time:       297 |        297 |           networkx.classes.multidigraph
import time:       669 |        669 |           networkx.classes.function
import time:       154 |        154 |             networkx.classes.filters
import time:       197 |        350 |           networkx.classes.graphviews
import time:       284 |       4701 |         networkx.classes
import time:       480 |        480 |         networkx.convert_matrix
import time:       222 |        222 |         networkx.relabel
import time:        96 |         96 |                 importlib.resources._itertools
import time:       348 |        443 |               importlib.resources.readers
import time:       107 |        550 |             importlib.readers
import time:       326 |        876 |           networkx.generators.atlas
import time:       693 |        693 |           networkx.generators.classic
import time:       179 |        179 |           networkx.generators.cographs
import time:       408 |        408 |           networkx.generators.community
import time:       584 |        584 |           networkx.generators.degree_seq
import time:       340 |        340 |           networkx.generators.directed
import time:       227 |        227 |           networkx.generators.duplication
import time:       160 |        160 |           networkx.generators.ego
import time:       292 |        292 |           networkx.generators.expanders
import time:       427 |        427 |           networkx.generators.geometric
import time:       301 |        301 |           networkx.generators.harary_graph
import time:       282 |        282 |           networkx.generators.internet_as_graphs
import time:       204 |        204 |           networkx.generators.intersection
import time:       152 |        152 |           networkx.generators.interval_graph
import time:       283 |        283 |           networkx.generators.joint_degree_seq
import time:       296 |        296 |           networkx.generators.lattice
import time:       253 |        253 |           networkx.generators.line
import time:       207 |        207 |           networkx.generators.mycielski
import time:       207 |        207 |           networkx.generators.nonisomorphic_trees
import time:       155 |        155 |           networkx.generators.random_clustered
import time:       780 |        780 |           networkx.generators.random_graphs
import time:       668 |        668 |           networkx.generators.small
import time:       331 |        331 |           networkx.generators.social
import time:       201 |        201 |           networkx.generators.spectral_graph_forge
import time:       160 |        160 |           networkx.generators.stochastic
import time:       139 |        139 |           networkx.generators.sudoku
import time:       167 |        167 |           networkx.generators.time_series
import time:       387 |        387 |           networkx.generators.trees
import time:       171 |        171 |           networkx.generators.triads
import time:       633 |      10152 |         networkx.generators
import time:       261 |        261 |           networkx.readwrite.adjlist
import time:       305 |        305 |           networkx.readwrite.multiline_adjlist
import time:       226 |        226 |           networkx.readwrite.edgelist
import time:       217 |        217 |           networkx.readwrite.pajek
import time:       200 |        200 |           networkx.readwrite.leda
import time:       229 |        229 |             networkx.readwrite.graph6
import time:       210 |        439 |           networkx.readwrite.sparse6
import time:       711 |        711 |           networkx.readwrite.gml
import time:       599 |        599 |           networkx.readwrite.graphml
import time:       122 |        122 |               xml.etree
import time:       487 |        487 |               xml.etree.ElementPath
import time:       169 |        169 |               _elementtree
import time:      1000 |       1776 |             xml.etree.ElementTree
import time:       521 |       2297 |           networkx.readwrite.gexf
import time:       213 |        213 |             networkx.readwrite.json_graph.node_link
import time:       152 |        152 |             networkx.readwrite.json_graph.adjacency
import time:       148 |        148 |             networkx.readwrite.json_graph.tree
import time:       183 |        183 |             networkx.readwrite.json_graph.cytoscape
import time:       196 |        890 |           networkx.readwrite.json_graph
import time:       374 |        374 |           networkx.readwrite.text
import time:       277 |       6791 |         networkx.readwrite
import time:       229 |        229 |             networkx.algorithms.assortativity.connectivity
import time:       184 |        184 |                 networkx.algorithms.assortativity.pairs
import time:      1039 |       1222 |               networkx.algorithms.assortativity.mixing
import time:       233 |       1455 |             networkx.algorithms.assortativity.correlation
import time:       201 |        201 |             networkx.algorithms.assortativity.neighbor_degree
import time:       226 |       2109 |           networkx.algorithms.assortativity
import time:       222 |        222 |           networkx.algorithms.asteroidal
import time:       171 |        171 |           networkx.algorithms.boundary
import time:       190 |        190 |           networkx.algorithms.broadcasting
import time:       192 |        192 |           networkx.algorithms.bridges
import time:       156 |        156 |           networkx.algorithms.chains
import time:       309 |        309 |                   networkx.algorithms.shortest_paths.generic
import time:       350 |        350 |                   networkx.algorithms.shortest_paths.unweighted
import time:       677 |        677 |                   networkx.algorithms.shortest_paths.weighted
import time:       188 |        188 |                   networkx.algorithms.shortest_paths.astar
import time:       217 |        217 |                   networkx.algorithms.shortest_paths.dense
import time:       196 |       1933 |                 networkx.algorithms.shortest_paths
import time:        24 |       1957 |               networkx.algorithms.shortest_paths.weighted
import time:       319 |       2276 |             networkx.algorithms.centrality.betweenness
import time:       255 |        255 |             networkx.algorithms.centrality.betweenness_subset
import time:       191 |        191 |             networkx.algorithms.centrality.closeness
import time:       257 |        257 |               networkx.algorithms.centrality.flow_matrix
import time:       246 |        502 |             networkx.algorithms.centrality.current_flow_betweenness
import time:       212 |        212 |             networkx.algorithms.centrality.current_flow_betweenness_subset
import time:       158 |        158 |             networkx.algorithms.centrality.current_flow_closeness
import time:       166 |        166 |             networkx.algorithms.centrality.degree_alg
import time:       135 |        135 |             networkx.algorithms.centrality.dispersion
import time:       237 |        237 |             networkx.algorithms.centrality.eigenvector
import time:       304 |        304 |             networkx.algorithms.centrality.group
import time:       141 |        141 |             networkx.algorithms.centrality.harmonic
import time:       286 |        286 |             networkx.algorithms.centrality.katz
import time:       202 |        202 |             networkx.algorithms.centrality.load
import time:       157 |        157 |             networkx.algorithms.centrality.percolation
import time:       173 |        173 |             networkx.algorithms.centrality.reaching
import time:       155 |        155 |             networkx.algorithms.centrality.second_order
import time:       216 |        216 |             networkx.algorithms.centrality.subgraph_alg
import time:       248 |        248 |             networkx.algorithms.centrality.trophic
import time:       140 |        140 |             networkx.algorithms.centrality.voterank_alg
import time:       141 |        141 |             networkx.algorithms.centrality.laplacian
import time:       396 |       6682 |           networkx.algorithms.centrality
import time:       280 |        280 |               networkx.algorithms.components.connected
import time:       336 |        336 |               networkx.algorithms.components.strongly_connected
import time:       207 |        207 |               networkx.algorithms.components.weakly_connected
import time:       201 |        201 |               networkx.algorithms.components.attracting
import time:       275 |        275 |               networkx.algorithms.components.biconnected
import time:       144 |        144 |               networkx.algorithms.components.semiconnected
import time:       208 |       1648 |             networkx.algorithms.components
import time:       295 |       1942 |           networkx.algorithms.chordal
import time:       457 |        457 |           networkx.algorithms.cluster
import time:       434 |        434 |           networkx.algorithms.clique
import time:       186 |        186 |           networkx.algorithms.communicability_alg
import time:       354 |        354 |             networkx.algorithms.coloring.greedy_coloring
import time:       267 |        267 |             networkx.algorithms.coloring.equitable_coloring
import time:       153 |        773 |           networkx.algorithms.coloring
import time:       362 |        362 |           networkx.algorithms.core
import time:       183 |        183 |           networkx.algorithms.covering
import time:       577 |        577 |           networkx.algorithms.cycles
import time:       353 |        353 |           networkx.algorithms.cuts
import time:       303 |        303 |           networkx.algorithms.d_separation
import time:       634 |        634 |           networkx.algorithms.dag
import time:       425 |        425 |           networkx.algorithms.distance_measures
import time:       223 |        223 |           networkx.algorithms.distance_regular
import time:       244 |        244 |           networkx.algorithms.dominance
import time:       263 |        263 |           networkx.algorithms.dominating
import time:       187 |        187 |           networkx.algorithms.efficiency_measures
import time:       277 |        277 |           networkx.algorithms.euler
import time:       249 |        249 |           networkx.algorithms.graphical
import time:       161 |        161 |           networkx.algorithms.hierarchy
import time:       157 |        157 |           networkx.algorithms.hybrid
import time:       211 |        211 |             networkx.algorithms.link_analysis.hits_alg
import time:       200 |        200 |             networkx.algorithms.link_analysis.pagerank_alg
import time:       133 |        544 |           networkx.algorithms.link_analysis
import time:       420 |        420 |           networkx.algorithms.link_prediction
import time:       205 |        205 |           networkx.algorithms.lowest_common_ancestors
import time:       145 |        145 |           networkx.algorithms.isolate
import time:       351 |        351 |           networkx.algorithms.matching
import time:       378 |        378 |             networkx.algorithms.minors.contraction
import time:       178 |        555 |           networkx.algorithms.minors
import time:       183 |        183 |           networkx.algorithms.mis
import time:       142 |        142 |           networkx.algorithms.moral
import time:       202 |        202 |           networkx.algorithms.non_randomness
import time:       258 |        258 |             networkx.algorithms.operators.all
import time:       239 |        239 |             networkx.algorithms.operators.binary
import time:       355 |        355 |             networkx.algorithms.operators.product
import time:       173 |        173 |             networkx.algorithms.operators.unary
import time:       196 |       1219 |           networkx.algorithms.operators
import time:       599 |        599 |           networkx.algorithms.planarity
import time:       218 |        218 |           networkx.algorithms.planar_drawing
import time:       177 |        177 |           networkx.algorithms.polynomials
import time:       138 |        138 |           networkx.algorithms.perfect_graph
import time:       166 |        166 |           networkx.algorithms.reciprocity
import time:       200 |        200 |           networkx.algorithms.regular
import time:       232 |        232 |           networkx.algorithms.richclub
import time:      1279 |       1279 |           networkx.algorithms.similarity
import time:       257 |        257 |           networkx.algorithms.graph_hashing
import time:       347 |        347 |           networkx.algorithms.simple_paths
import time:       274 |        274 |           networkx.algorithms.smallworld
import time:       130 |        130 |           networkx.algorithms.smetric
import time:       237 |        237 |           networkx.algorithms.structuralholes
import time:       208 |        208 |           networkx.algorithms.sparsifiers
import time:       327 |        327 |           networkx.algorithms.summarization
import time:       245 |        245 |           networkx.algorithms.swap
import time:       163 |        163 |           networkx.algorithms.time_dependent
import time:       211 |        211 |             networkx.algorithms.traversal.beamsearch
import time:       262 |        262 |             networkx.algorithms.traversal.breadth_first_search
import time:       236 |        236 |             networkx.algorithms.traversal.depth_first_search
import time:       150 |        150 |             networkx.algorithms.traversal.edgedfs
import time:       156 |        156 |             networkx.algorithms.traversal.edgebfs
import time:       204 |       1216 |           networkx.algorithms.traversal
import time:       303 |        303 |           networkx.algorithms.triads
import time:       216 |        216 |           networkx.algorithms.vitality
import time:       140 |        140 |           networkx.algorithms.voronoi
import time:       116 |        116 |           networkx.algorithms.walks
import time:       264 |        264 |           networkx.algorithms.wiener
import time:       210 |        210 |             networkx.algorithms.approximation.clustering_coefficient
import time:       168 |        168 |               networkx.algorithms.approximation.ramsey
import time:       260 |        428 |             networkx.algorithms.approximation.clique
import time:       240 |        240 |             networkx.algorithms.approximation.connectivity
import time:       164 |        164 |             networkx.algorithms.approximation.distance_measures
import time:       186 |        186 |             networkx.algorithms.approximation.dominating_set
import time:       487 |        487 |             networkx.algorithms.approximation.kcomponents
import time:       148 |        148 |             networkx.algorithms.approximation.matching
import time:       240 |        240 |             networkx.algorithms.approximation.steinertree
import time:       200 |        200 |                     networkx.algorithms.tree.recognition
import time:      1286 |       1486 |                   networkx.algorithms.tree.branchings
import time:       302 |        302 |                   networkx.algorithms.tree.coding
import time:       177 |        177 |                   networkx.algorithms.tree.distance_measures
import time:      1306 |       1306 |                   networkx.algorithms.tree.mst
import time:       183 |        183 |                   networkx.algorithms.tree.operations
import time:       167 |        167 |                   networkx.algorithms.tree.decomposition
import time:       229 |       3849 |                 networkx.algorithms.tree
import time:        24 |       3872 |               networkx.algorithms.tree.mst
import time:       463 |       4335 |             networkx.algorithms.approximation.traveling_salesman
import time:       380 |        380 |             networkx.algorithms.approximation.treewidth
import time:       157 |        157 |             networkx.algorithms.approximation.vertex_cover
import time:       188 |        188 |             networkx.algorithms.approximation.maxcut
import time:       203 |        203 |             networkx.algorithms.approximation.density
import time:       332 |       7692 |           networkx.algorithms.approximation
import time:       328 |        328 |             networkx.algorithms.bipartite.basic
import time:       246 |        246 |             networkx.algorithms.bipartite.centrality
import time:       303 |        303 |             networkx.algorithms.bipartite.cluster
import time:       194 |        194 |                 networkx.algorithms.bipartite.matrix
import time:       282 |        476 |               networkx.algorithms.bipartite.matching
import time:       232 |        707 |             networkx.algorithms.bipartite.covering
import time:       332 |        332 |             networkx.algorithms.bipartite.edgelist
import time:       309 |        309 |             networkx.algorithms.bipartite.projection
import time:       152 |        152 |             networkx.algorithms.bipartite.redundancy
import time:       136 |        136 |             networkx.algorithms.bipartite.spectral
import time:       358 |        358 |             networkx.algorithms.bipartite.generators
import time:       169 |        169 |             networkx.algorithms.bipartite.extendability
import time:       182 |        182 |             networkx.algorithms.bipartite.link_analysis
import time:       338 |       3555 |           networkx.algorithms.bipartite
import time:       191 |        191 |           networkx.algorithms.node_classification
import time:       251 |        251 |             networkx.algorithms.community.asyn_fluid
import time:       332 |        332 |             networkx.algorithms.community.bipartitions
import time:       152 |        152 |             networkx.algorithms.community.centrality
import time:       154 |        154 |             networkx.algorithms.community.divisive
import time:       124 |        124 |             networkx.algorithms.community.kclique
import time:       240 |        240 |             networkx.algorithms.community.label_propagation
import time:       197 |        197 |             networkx.algorithms.community.lukes
import time:       112 |        112 |                 networkx.algorithms.community.community_utils
import time:       263 |        375 |               networkx.algorithms.community.quality
import time:       234 |        234 |               networkx.utils.mapped_queue
import time:       242 |        850 |             networkx.algorithms.community.modularity_max
import time:       291 |        291 |             networkx.algorithms.community.louvain
import time:       303 |        303 |             networkx.algorithms.community.leiden
import time:       144 |        144 |             networkx.algorithms.community.local
import time:       288 |       3320 |           networkx.algorithms.community
import time:       256 |        256 |                 networkx.algorithms.flow.utils
import time:       185 |        440 |               networkx.algorithms.flow.boykovkolmogorov
import time:       210 |        210 |               networkx.algorithms.flow.dinitz_alg
import time:       171 |        171 |               networkx.algorithms.flow.edmondskarp
import time:       209 |        209 |               networkx.algorithms.flow.preflowpush
import time:       164 |        164 |               networkx.algorithms.flow.shortestaugmentingpath
import time:       341 |       1533 |             networkx.algorithms.flow.maxflow
import time:       195 |        195 |             networkx.algorithms.flow.mincost
import time:       189 |        189 |             networkx.algorithms.flow.gomory_hu
import time:       227 |        227 |             networkx.algorithms.flow.capacityscaling
import time:       385 |        385 |             networkx.algorithms.flow.networksimplex
import time:       218 |       2744 |           networkx.algorithms.flow
import time:       322 |        322 |             networkx.algorithms.isomorphism.isomorph
import time:       282 |        282 |               networkx.algorithms.isomorphism.isomorphvf2
import time:       223 |        505 |             networkx.algorithms.isomorphism.vf2userfunc
import time:       225 |        225 |             networkx.algorithms.isomorphism.matchhelpers
import time:       225 |        225 |             networkx.algorithms.isomorphism.temporalisomorphvf2
import time:       409 |        409 |             networkx.algorithms.isomorphism.ismags
import time:       349 |        349 |             networkx.algorithms.isomorphism.tree_isomorphism
import time:       594 |        594 |             networkx.algorithms.isomorphism.vf2pp
import time:       247 |       2874 |           networkx.algorithms.isomorphism
import time:       354 |        354 |           networkx.algorithms.tournament
import time:       145 |        145 |               networkx.algorithms.connectivity.utils
import time:       319 |        464 |             networkx.algorithms.connectivity.connectivity
import time:       371 |        371 |             networkx.algorithms.connectivity.cuts
import time:       593 |        593 |             networkx.algorithms.connectivity.edge_augmentation
import time:       344 |        344 |             networkx.algorithms.connectivity.edge_kcomponents
import time:       961 |        961 |             networkx.algorithms.connectivity.disjoint_paths
import time:       233 |        233 |             networkx.algorithms.connectivity.kcomponents
import time:       179 |        179 |             networkx.algorithms.connectivity.kcutsets
import time:       167 |        167 |             networkx.algorithms.connectivity.stoerwagner
import time:       285 |       3594 |           networkx.algorithms.connectivity
import time:      1401 |      55220 |         networkx.algorithms
import time:       240 |        240 |           networkx.linalg.attrmatrix
import time:       198 |        198 |           networkx.linalg.spectrum
import time:       169 |        169 |           networkx.linalg.graphmatrix
import time:       273 |        273 |           networkx.linalg.laplacianmatrix
import time:       373 |        373 |           networkx.linalg.algebraicconnectivity
import time:       281 |        281 |           networkx.linalg.modularitymatrix
import time:       161 |        161 |           networkx.linalg.bethehessianmatrix
import time:       339 |       2029 |         networkx.linalg
import time:       498 |        498 |           networkx.drawing.layout
import time:       197 |        197 |           networkx.drawing.nx_latex
import time:       571 |        571 |           networkx.drawing.nx_pylab
import time:       263 |        263 |           networkx.drawing.nx_agraph
import time:       362 |        362 |           networkx.drawing.nx_pydot
import time:       306 |       2194 |         networkx.drawing
import time:     14405 |     113538 |       networkx
import time:       137 |        137 |           elastic_notebook.core
import time:       158 |        295 |         elastic_notebook.core.graph
import time:       175 |        469 |       elastic_notebook.core.graph.cell_execution
import time:       129 |        129 |       elastic_notebook.core.graph.variable_snapshot
import time:       233 |     114368 |     elastic_notebook.algorithm.optimizer_exact
import time:       101 |        101 |       elastic_notebook.core.common
import time:       221 |        322 |     elastic_notebook.core.common.profile_migration_speed
import time:       148 |        148 |     elastic_notebook.core.graph.graph
import time:       104 |        104 |       elastic_notebook.core.io
import time:       140 |        140 |         dill.__info__
import time:       553 |        553 |           dill.logger
import time:      1156 |       1156 |           _pyio
import time:       321 |        321 |                 multiprocessing.process
import time:       430 |        430 |                 multiprocessing.reduction
import time:       529 |       1279 |               multiprocessing.context
import time:       250 |       1529 |             multiprocessing
import time:        26 |       1554 |           multiprocessing.reduction
import time:       184 |        184 |           dill._shims
import time:       105 |        105 |           dill.settings
import time:        79 |         79 |           winreg
import time:      1812 |       5441 |         dill._dill
import time:       916 |        916 |         dill.session
import time:       151 |        151 |           dill.pointers
import time:       355 |        506 |         dill.detect
import time:       345 |        345 |         dill.source
import time:       156 |        156 |         dill.temp
import time:       116 |        116 |         dill.objtypes
import time:       384 |       8000 |       dill
import time:       115 |        115 |       elastic_notebook.core.io.adapter
import time:       202 |       8420 |     elastic_notebook.core.io.filesystem_adapter
import time:       113 |        113 |     elastic_notebook.core.io.recover
import time:       128 |        128 |       elastic_notebook.core.mutation
import time:       131 |        131 |       elastic_notebook.core.mutation.id_graph
import time:       255 |        255 |           xxhash._xxhash
import time:       142 |        142 |           xxhash.version
import time:       169 |        565 |         xxhash
import time:       254 |        818 |       elastic_notebook.core.mutation.object_hash
import time:       231 |       1307 |     elastic_notebook.core.mutation.fingerprint
import time:       107 |        107 |       elastic_notebook.core.notebook
import time:       155 |        155 |           ipykernel._version
import time:       158 |        158 |               jupyter_client._version
import time:       142 |        142 |                         zmq.backend.select
import time:      3940 |       3940 |                           zmq.constants
import time:       379 |        379 |                           zmq.error
import time:      1087 |       5405 |                         zmq.backend.cython._zmq
import time:       348 |       5894 |                       zmq.backend
import time:        97 |         97 |                           zmq._typing
import time:        99 |         99 |                             zmq.utils
import time:       148 |        247 |                           zmq.utils.interop
import time:       283 |        283 |                           zmq.sugar.attrsettr
import time:       113 |        113 |                             zmq.utils.jsonapi
import time:       162 |        162 |                             zmq.sugar.poll
import time:       646 |        920 |                           zmq.sugar.socket
import time:       483 |       2027 |                         zmq.sugar.context
import time:       179 |        179 |                         zmq.sugar.frame
import time:       159 |        159 |                         zmq.sugar.tracker
import time:       265 |        265 |                         zmq.sugar.version
import time:       128 |        128 |                         zmq.sugar.stopwatch
import time:       279 |       3034 |                       zmq.sugar
import time:       313 |       9240 |                     zmq
import time:       800 |        800 |                     zmq._future
import time:       461 |      10499 |                   zmq.asyncio
import time:       149 |        149 |                         jupyter_core.version
import time:       152 |        300 |                       jupyter_core
import time:       223 |        522 |                     jupyter_core.utils
import time:       217 |        217 |                     jupyter_client.channelsabc
import time:       236 |        236 |                       hmac
import time:       295 |        295 |                         tornado
import time:       164 |        164 |                                 tornado.speedups
import time:       749 |        913 |                               tornado.util
import time:      1733 |       2645 |                             tornado.escape
import time:        79 |         79 |                             colorama
import time:       724 |        724 |                               _curses
import time:       230 |        953 |                             curses
import time:       313 |       3989 |                           tornado.log
import time:       417 |       4405 |                         tornado.concurrent
import time:       732 |       5431 |                       tornado.ioloop
import time:       133 |        133 |                       traitlets.log
import time:       130 |        130 |                         zmq.eventloop
import time:       375 |        504 |                       zmq.eventloop.zmqstream
import time:       966 |        966 |                       jupyter_client.adapter
import time:       135 |        135 |                             dateutil._version
import time:       162 |        296 |                           dateutil
import time:      1029 |       1029 |                             six
import time:       126 |        126 |                             dateutil._common
import time:        62 |         62 |                               six.moves
import time:       335 |        335 |                               dateutil.tz._common
import time:       198 |        198 |                               dateutil.tz._factories
import time:        89 |         89 |                                 six.moves.winreg
import time:       226 |        315 |                               dateutil.tz.win
import time:       837 |       1745 |                             dateutil.tz.tz
import time:      1196 |       4095 |                           dateutil.parser._parser
import time:       337 |        337 |                           dateutil.parser.isoparser
import time:       256 |       4982 |                         dateutil.parser
import time:       990 |        990 |                         _strptime
import time:       772 |       6743 |                       jupyter_client.jsonutil
import time:      1135 |      15145 |                     jupyter_client.session
import time:       453 |      16336 |                   jupyter_client.channels
import time:       319 |        319 |                       termios
import time:       236 |        555 |                     getpass
import time:       187 |        187 |                     jupyter_client.clientabc
import time:       272 |        272 |                           platformdirs.api
import time:       153 |        153 |                           platformdirs.version
import time:      1646 |       1646 |                             configparser
import time:       292 |       1938 |                           platformdirs.unix
import time:       303 |       2665 |                         platformdirs
import time:       584 |       3249 |                       jupyter_core.paths
import time:       457 |        457 |                       jupyter_client.localinterfaces
import time:       132 |        132 |                       jupyter_client.utils
import time:       841 |       4678 |                     jupyter_client.connect
import time:       930 |       6348 |                   jupyter_client.client
import time:       613 |      33795 |                 jupyter_client.asynchronous.client
import time:       237 |      34032 |               jupyter_client.asynchronous
import time:       623 |        623 |                 jupyter_client.blocking.client
import time:       161 |        784 |               jupyter_client.blocking
import time:       183 |        183 |               jupyter_client.launcher
import time:       583 |        583 |                       jupyter_client.provisioning.provisioner_base
import time:       462 |       1045 |                     jupyter_client.provisioning.factory
import time:       468 |        468 |                     jupyter_client.provisioning.local_provisioner
import time:       193 |       1704 |                   jupyter_client.provisioning
import time:      1038 |       2742 |                 jupyter_client.kernelspec
import time:       173 |        173 |                 jupyter_client.managerabc
import time:      1808 |       4722 |               jupyter_client.manager
import time:       862 |        862 |               jupyter_client.multikernelmanager
import time:       283 |      41021 |             jupyter_client
import time:       125 |      41145 |           ipykernel.connect
import time:       158 |      41457 |         ipykernel
import time:       366 |        366 |           ipykernel.jsonutil
import time:       437 |        802 |         ipykernel.displayhook
import time:      1498 |      43756 |       ipykernel.zmqshell
import time:       166 |        166 |       elastic_notebook.core.common.profile_variable_size
import time:       153 |        153 |         elastic_notebook.core.common.checkpoint_file
import time:       172 |        324 |       elastic_notebook.core.io.migrate
import time:       253 |      44605 |     elastic_notebook.core.notebook.checkpoint
import time:       228 |        228 |     elastic_notebook.core.notebook.find_input_vars
import time:       109 |        109 |     elastic_notebook.core.notebook.find_output_vars
import time:       106 |        106 |     elastic_notebook.core.notebook.restore_notebook
import time:        95 |         95 |     elastic_notebook.core.notebook.update_graph
import time:       423 |     569697 |   elastic_notebook.elastic_notebook
import time:       189 |     569885 | elastic_notebook
