import time: self [us] | cumulative | imported package
import time:       274 |        274 |   _io
import time:        40 |         40 |   marshal
import time:       388 |        388 |   posix
import time:       350 |       1051 | _frozen_importlib_external
import time:        92 |         92 |   time
import time:       144 |        236 | zipimport
import time:        56 |         56 |     _codecs
import time:       307 |        363 |   codecs
import time:       514 |        514 |   encodings.aliases
import time:       568 |       1444 | encodings
import time:       195 |        195 | encodings.utf_8
import time:        96 |         96 | _signal
import time:        31 |         31 |     _abc
import time:       116 |        146 |   abc
import time:       142 |        288 | io
import time:        59 |         59 |       _stat
import time:        60 |        119 |     stat
import time:       824 |        824 |     _collections_abc
import time:        50 |         50 |       genericpath
import time:       113 |        162 |     posixpath
import time:       361 |       1464 |   os
import time:       106 |        106 |   _sitebuiltins
import time:       647 |        647 |   _virtualenv
import time:       336 |        336 |   _distutils_hack
import time:        99 |         99 |     apport_python_hook
import time:       158 |        256 |   sitecustomize
import time:      1414 |       4220 | site
import time:       161 |        161 |     __future__
import time:       304 |        304 |           types
import time:       105 |        105 |             _operator
import time:       451 |        556 |           operator
import time:       258 |        258 |               itertools
import time:       153 |        153 |               keyword
import time:       206 |        206 |               reprlib
import time:        83 |         83 |               _collections
import time:       883 |       1581 |             collections
import time:        68 |         68 |             _functools
import time:       688 |       2336 |           functools
import time:      1586 |       4780 |         enum
import time:        80 |         80 |           _sre
import time:       283 |        283 |             re._constants
import time:       533 |        816 |           re._parser
import time:       132 |        132 |           re._casefix
import time:       481 |       1507 |         re._compiler
import time:       207 |        207 |         copyreg
import time:       589 |       7081 |       re
import time:       268 |        268 |         collections.abc
import time:       379 |        379 |             token
import time:        50 |         50 |             _tokenize
import time:      1233 |       1660 |           tokenize
import time:       225 |       1885 |         linecache
import time:      1044 |       1044 |         textwrap
import time:       670 |        670 |         contextlib
import time:       793 |       4658 |       traceback
import time:      1335 |       1335 |       warnings
import time:       318 |        318 |         _weakrefset
import time:       579 |        897 |       weakref
import time:        45 |         45 |         _string
import time:       667 |        711 |       string
import time:       783 |        783 |       threading
import time:        57 |         57 |       atexit
import time:      2193 |      17710 |     logging
import time:       225 |        225 |       _datetime
import time:       151 |        375 |     datetime
import time:       336 |        336 |         _socket
import time:        91 |         91 |           math
import time:        64 |         64 |           select
import time:       714 |        868 |         selectors
import time:        98 |         98 |         errno
import time:       137 |        137 |         array
import time:      2169 |       3606 |       socket
import time:       193 |        193 |           _struct
import time:       155 |        348 |         struct
import time:       313 |        313 |         _compat_pickle
import time:       119 |        119 |         _pickle
import time:       960 |       1739 |       pickle
import time:        50 |         50 |           _heapq
import time:       224 |        273 |         heapq
import time:       213 |        213 |         _queue
import time:       317 |        802 |       queue
import time:       212 |        212 |       copy
import time:       906 |       7263 |     logging.handlers
import time:       164 |        164 |       fnmatch
import time:       123 |        123 |         urllib
import time:      1619 |       1619 |         ipaddress
import time:      1222 |       2963 |       urllib.parse
import time:       170 |        170 |         _winapi
import time:        63 |         63 |         nt
import time:        55 |         55 |         nt
import time:        55 |         55 |         nt
import time:        50 |         50 |         nt
import time:        49 |         49 |         nt
import time:        49 |         49 |         nt
import time:       132 |        620 |       ntpath
import time:       904 |       4649 |     pathlib
import time:       163 |        163 |             IPython.core
import time:       192 |        355 |           IPython.core.getipython
import time:       103 |        103 |           IPython.core.release
import time:       104 |        104 |               zlib
import time:       226 |        226 |                 _compression
import time:       345 |        345 |                 _bz2
import time:       400 |        970 |               bz2
import time:       331 |        331 |                 _lzma
import time:       317 |        647 |               lzma
import time:       763 |       2482 |             shutil
import time:        56 |         56 |                     _typing
import time:      2877 |       2932 |                   typing
import time:      1270 |       1270 |                         _ast
import time:      1394 |       2664 |                       ast
import time:        44 |         44 |                           _opcode
import time:       482 |        526 |                         opcode
import time:       968 |       1494 |                       dis
import time:       168 |        168 |                         importlib
import time:        71 |        239 |                       importlib.machinery
import time:      2333 |       6729 |                     inspect
import time:       156 |        156 |                       traitlets.utils
import time:       203 |        358 |                     traitlets.utils.bunch
import time:       128 |        128 |                     traitlets.utils.descriptions
import time:       108 |        108 |                     traitlets.utils.getargspec
import time:       137 |        137 |                     traitlets.utils.importstring
import time:       116 |        116 |                     traitlets.utils.sentinel
import time:       110 |        110 |                     traitlets.utils.warnings
import time:      4272 |      11955 |                   traitlets.traitlets
import time:       291 |        291 |                   traitlets._version
import time:       205 |        205 |                   traitlets.utils.decorators
import time:       313 |      15694 |                 traitlets
import time:       194 |        194 |                         _json
import time:       494 |        687 |                       json.scanner
import time:       415 |       1102 |                     json.decoder
import time:       463 |        463 |                     json.encoder
import time:       204 |       1767 |                   json
import time:       646 |        646 |                     dataclasses
import time:       344 |        990 |                   pprint
import time:       655 |        655 |                     socketserver
import time:      1362 |       2016 |                   logging.config
import time:       131 |        131 |                     traitlets.utils.text
import time:       877 |        877 |                         gettext
import time:       997 |       1873 |                       argparse
import time:      1251 |       3123 |                     traitlets.config.loader
import time:      1028 |       4281 |                   traitlets.config.configurable
import time:       136 |        136 |                   traitlets.utils.nested_update
import time:      1130 |      10318 |                 traitlets.config.application
import time:       166 |      26177 |               traitlets.config
import time:        25 |      26201 |             traitlets.config.application
import time:      1195 |       1195 |                       html.entities
import time:       390 |       1584 |                     html
import time:       232 |        232 |                         executing._utils
import time:       140 |        140 |                           executing._exceptions
import time:       469 |        608 |                         executing._position_node_finder
import time:       729 |       1568 |                       executing.executing
import time:       115 |        115 |                       executing._pytest_utils
import time:        88 |         88 |                       executing.version
import time:       311 |       2081 |                     executing
import time:        49 |         49 |                             _bisect
import time:       136 |        185 |                           bisect
import time:       201 |        385 |                         asttokens.line_numbers
import time:        84 |         84 |                               astroid
import time:        41 |        124 |                             astroid.nodes
import time:      1448 |       1572 |                           asttokens.util
import time:       310 |       1882 |                         asttokens.asttokens
import time:       143 |       2409 |                       asttokens
import time:        19 |       2427 |                     asttokens.util
import time:       500 |        500 |                                 numbers
import time:       733 |       1233 |                               _decimal
import time:       129 |       1362 |                             decimal
import time:      1720 |       1720 |                             fractions
import time:       317 |       3398 |                           pure_eval.utils
import time:       161 |       3559 |                         pure_eval.my_getattr_static
import time:       427 |       3985 |                       pure_eval.core
import time:       138 |        138 |                       pure_eval.version
import time:       182 |       4304 |                     pure_eval
import time:       449 |        449 |                     stack_data.utils
import time:      1396 |      12238 |                   stack_data.core
import time:       307 |        307 |                   stack_data.formatting
import time:       280 |        280 |                   stack_data.serializing
import time:       101 |        101 |                   stack_data.version
import time:       226 |      13150 |                 stack_data
import time:       149 |        149 |                     pygments
import time:       273 |        273 |                     pygments.formatters._mapping
import time:        75 |         75 |                           _csv
import time:       346 |        421 |                         csv
import time:       163 |        163 |                         email
import time:        89 |         89 |                           binascii
import time:       166 |        166 |                             importlib._abc
import time:       136 |        302 |                           importlib.util
import time:       128 |        128 |                             zipfile._path.glob
import time:       376 |        503 |                           zipfile._path
import time:       991 |       1883 |                         zipfile
import time:       178 |        178 |                             quopri
import time:        54 |         54 |                                 _random
import time:        62 |         62 |                                 _sha2
import time:       426 |        541 |                               random
import time:       103 |        103 |                                     _locale
import time:      1484 |       1586 |                                   locale
import time:      1043 |       2629 |                                 calendar
import time:       270 |       2899 |                               email._parseaddr
import time:       380 |        380 |                                   base64
import time:       125 |        504 |                                 email.base64mime
import time:       247 |        247 |                                 email.quoprimime
import time:       661 |        661 |                                 email.errors
import time:       140 |        140 |                                 email.encoders
import time:       261 |       1812 |                               email.charset
import time:       535 |       5786 |                             email.utils
import time:       706 |        706 |                               email.header
import time:       311 |       1017 |                             email._policybase
import time:       294 |        294 |                             email._encoded_words
import time:       134 |        134 |                             email.iterators
import time:       690 |       8097 |                           email.message
import time:        95 |         95 |                             importlib.metadata._functools
import time:       166 |        261 |                           importlib.metadata._text
import time:       374 |       8731 |                         importlib.metadata._adapters
import time:       416 |        416 |                         importlib.metadata._meta
import time:       289 |        289 |                         importlib.metadata._collections
import time:       129 |        129 |                         importlib.metadata._itertools
import time:       587 |        587 |                               tempfile
import time:       400 |        400 |                               importlib.resources.abc
import time:       364 |        364 |                               importlib.resources._adapters
import time:       442 |       1791 |                             importlib.resources._common
import time:       207 |        207 |                             importlib.resources._legacy
import time:       132 |       2130 |                           importlib.resources
import time:       413 |       2542 |                         importlib.abc
import time:      1308 |      15880 |                       importlib.metadata
import time:       147 |      16026 |                     pygments.plugin
import time:       758 |        758 |                     pygments.util
import time:       258 |      17463 |                   pygments.formatters
import time:       188 |        188 |                       pygments.styles._mapping
import time:       171 |        359 |                     pygments.styles
import time:       166 |        525 |                   pygments.formatter
import time:       134 |        134 |                   pygments.console
import time:       453 |        453 |                     pygments.token
import time:       410 |        862 |                   pygments.style
import time:       278 |      19259 |                 pygments.formatters.terminal256
import time:       166 |        166 |                 IPython.utils
import time:       329 |        329 |                   glob
import time:      1436 |       1436 |                         signal
import time:        71 |         71 |                         fcntl
import time:        76 |         76 |                         msvcrt
import time:        30 |         30 |                         _posixsubprocess
import time:       731 |       2342 |                       subprocess
import time:       262 |        262 |                         shlex
import time:        70 |         70 |                             _wmi
import time:       618 |        688 |                           platform
import time:       150 |        150 |                           IPython.utils.encoding
import time:       429 |       1266 |                         IPython.utils.py3compat
import time:       231 |       1758 |                       IPython.utils._process_common
import time:       176 |       4275 |                     IPython.utils._process_posix
import time:       160 |       4434 |                   IPython.utils.process
import time:       382 |       5145 |                 IPython.utils.path
import time:       437 |        437 |                   pygments.styles.monokai
import time:       316 |        316 |                   pygments.styles.default
import time:       335 |        335 |                   pygments.styles.pastie
import time:       483 |        483 |                   pygments.styles.gruvbox
import time:     14446 |      16014 |                 IPython.utils.PyColorize
import time:       187 |        187 |                 IPython.utils.terminal
import time:       299 |        299 |                 IPython.core.display_trap
import time:       408 |        408 |                       pkgutil
import time:       447 |        447 |                       sysconfig
import time:       587 |        587 |                       _sysconfigdata__x86_64-linux-gnu
import time:      1866 |       3306 |                     pydoc
import time:       249 |        249 |                         codeop
import time:       256 |        504 |                       IPython.core.debugger_backport
import time:       214 |        214 |                         cmd
import time:       438 |        438 |                         bdb
import time:       226 |        226 |                         code
import time:       761 |       1638 |                       pdb
import time:       589 |       2730 |                     IPython.core.debugger
import time:       476 |       6510 |                   IPython.core.tbtools
import time:       287 |       6797 |                 IPython.core.doctb
import time:       623 |      61637 |               IPython.core.ultratb
import time:        89 |         89 |                 IPython.utils._sysinfo
import time:       170 |        259 |               IPython.utils.sysinfo
import time:       268 |      62162 |             IPython.core.crashhandler
import time:        93 |         93 |                 IPython.utils.importstring
import time:       177 |        270 |               IPython.paths
import time:       606 |        876 |             IPython.core.profiledir
import time:       845 |      92564 |           IPython.core.application
import time:       140 |        140 |             IPython.terminal
import time:      2126 |       2126 |                 _hashlib
import time:       648 |        648 |                 _blake2
import time:       282 |       3055 |               hashlib
import time:       181 |       3235 |             IPython.core.compilerop
import time:       195 |        195 |               IPython.core.error
import time:        90 |         90 |                 IPython.utils.docs
import time:       128 |        217 |               IPython.utils.decorators
import time:       791 |        791 |               IPython.utils.text
import time:       478 |       1680 |             IPython.core.magic_arguments
import time:       221 |        221 |               getopt
import time:       160 |        160 |                     IPython.core.display_functions
import time:        70 |         70 |                         _winapi
import time:        56 |         56 |                         winreg
import time:       303 |        428 |                       mimetypes
import time:       117 |        117 |                         IPython.testing
import time:       178 |        294 |                       IPython.testing.skipdoctest
import time:       544 |       1265 |                     IPython.core.display
import time:       108 |        108 |                       IPython.lib
import time:       557 |        664 |                     IPython.lib.display
import time:       174 |       2262 |                   IPython.display
import time:       132 |        132 |                   IPython.utils.data
import time:       417 |       2810 |                 IPython.core.page
import time:       534 |        534 |                 IPython.lib.pretty
import time:       359 |        359 |                 IPython.utils.openpy
import time:       120 |        120 |                 IPython.utils.dir2
import time:       159 |        159 |                 IPython.utils.wildcard
import time:      1396 |       1396 |                   pygments.lexers._mapping
import time:       346 |        346 |                   pygments.modeline
import time:       254 |       1995 |                 pygments.lexers
import time:       155 |        155 |                     pygments.filter
import time:       523 |        523 |                     pygments.filters
import time:       235 |        235 |                     pygments.regexopt
import time:       631 |       1542 |                   pygments.lexer
import time:       449 |        449 |                   pygments.unistring
import time:      1019 |       3009 |                 pygments.lexers.python
import time:        77 |         77 |                   ctags
import time:       391 |        468 |                 pygments.formatters.html
import time:      2229 |      11679 |               IPython.core.oinspect
import time:       391 |        391 |                 IPython.utils.tokenutil
import time:      1417 |       1808 |               IPython.core.inputtransformer2
import time:       180 |        180 |               IPython.utils.ipstruct
import time:       902 |      14787 |             IPython.core.magic
import time:       110 |        110 |               runpy
import time:       123 |        123 |                 IPython.external
import time:        94 |         94 |                 cPickle
import time:       310 |        526 |               IPython.external.pickleshare
import time:       160 |        160 |               IPython.core.hooks
import time:       160 |        160 |                 IPython.core.autocall
import time:       265 |        265 |                 IPython.core.macro
import time:       445 |        445 |                 IPython.core.splitinput
import time:      2671 |       3541 |               IPython.core.prefilter
import time:       641 |        641 |               IPython.core.alias
import time:       330 |        330 |               IPython.core.builtin_trap
import time:       685 |        685 |                   decorator
import time:       768 |        768 |                       _sqlite3
import time:       298 |       1066 |                     sqlite3.dbapi2
import time:       207 |       1272 |                   sqlite3
import time:      2740 |       4696 |                 IPython.core.history
import time:       495 |       5191 |               IPython.core.displayhook
import time:       444 |        444 |               IPython.core.displaypub
import time:       166 |        166 |               IPython.core.events
import time:       304 |        304 |               IPython.core.extensions
import time:       146 |        146 |                 IPython.utils.sentinel
import time:      2783 |       2928 |               IPython.core.formatters
import time:       231 |        231 |               IPython.core.logger
import time:       248 |        248 |               IPython.core.payload
import time:       140 |        140 |               IPython.core.tips
import time:       112 |        112 |               IPython.core.usage
import time:      1193 |       1193 |                 IPython.utils.capture
import time:       155 |       1348 |               IPython.utils.io
import time:       147 |        147 |               IPython.utils.strdispatch
import time:       126 |        126 |               IPython.utils.syspathcontext
import time:        66 |         66 |                 docrepr
import time:        24 |         90 |               docrepr.sphinxify
import time:       140 |        140 |                       concurrent
import time:       672 |        672 |                       concurrent.futures._base
import time:       189 |       1001 |                     concurrent.futures
import time:      1446 |       1446 |                       _ssl
import time:      2489 |       3934 |                     ssl
import time:       246 |        246 |                     asyncio.constants
import time:       158 |        158 |                     asyncio.coroutines
import time:       157 |        157 |                         _contextvars
import time:       152 |        308 |                       contextvars
import time:       158 |        158 |                       asyncio.format_helpers
import time:       160 |        160 |                         asyncio.base_futures
import time:       238 |        238 |                         asyncio.exceptions
import time:       192 |        192 |                         asyncio.base_tasks
import time:       497 |       1086 |                       _asyncio
import time:       601 |       2151 |                     asyncio.events
import time:       263 |        263 |                     asyncio.futures
import time:       202 |        202 |                     asyncio.protocols
import time:       301 |        301 |                       asyncio.transports
import time:       114 |        114 |                       asyncio.log
import time:       812 |       1225 |                     asyncio.sslproto
import time:       117 |        117 |                         asyncio.mixins
import time:       483 |        600 |                       asyncio.locks
import time:       415 |        415 |                         asyncio.timeouts
import time:       520 |        934 |                       asyncio.tasks
import time:       352 |       1885 |                     asyncio.staggered
import time:       186 |        186 |                     asyncio.trsock
import time:      1182 |      12429 |                   asyncio.base_events
import time:       327 |        327 |                   asyncio.runners
import time:       274 |        274 |                   asyncio.queues
import time:       391 |        391 |                   asyncio.streams
import time:       243 |        243 |                   asyncio.subprocess
import time:       167 |        167 |                   asyncio.taskgroups
import time:       109 |        109 |                   asyncio.threads
import time:       265 |        265 |                     asyncio.base_subprocess
import time:       611 |        611 |                     asyncio.selector_events
import time:       898 |       1772 |                   asyncio.unix_events
import time:       307 |      16015 |                 asyncio
import time:       175 |      16189 |               IPython.core.async_helpers
import time:      2996 |      35959 |             IPython.core.interactiveshell
import time:       222 |        222 |                         prompt_toolkit.application.current
import time:       111 |        111 |                               prompt_toolkit.eventloop.utils
import time:       228 |        339 |                             prompt_toolkit.eventloop.async_generator
import time:       220 |        220 |                             prompt_toolkit.eventloop.inputhook
import time:       133 |        690 |                           prompt_toolkit.eventloop
import time:       148 |        838 |                         prompt_toolkit.application.run_in_terminal
import time:       426 |        426 |                                 prompt_toolkit.selection
import time:       243 |        668 |                               prompt_toolkit.clipboard.base
import time:       150 |        150 |                               prompt_toolkit.clipboard.in_memory
import time:       134 |        951 |                             prompt_toolkit.clipboard
import time:       289 |        289 |                                 prompt_toolkit.cache
import time:       227 |        227 |                                 prompt_toolkit.enums
import time:       308 |        308 |                                 prompt_toolkit.filters.base
import time:       330 |       1153 |                               prompt_toolkit.filters.app
import time:       151 |        151 |                               prompt_toolkit.filters.cli
import time:       109 |        109 |                               prompt_toolkit.filters.utils
import time:       180 |       1591 |                             prompt_toolkit.filters
import time:      1884 |       4425 |                           prompt_toolkit.document
import time:       294 |       4718 |                         prompt_toolkit.auto_suggest
import time:      2396 |       2396 |                                               prompt_toolkit.keys
import time:       789 |       3185 |                                             prompt_toolkit.key_binding.key_bindings
import time:       108 |        108 |                                                     wcwidth.table_vs16
import time:       144 |        144 |                                                     wcwidth.table_wide
import time:       346 |        346 |                                                     wcwidth.table_zero
import time:       101 |        101 |                                                     wcwidth.unicode_versions
import time:       260 |        958 |                                                   wcwidth.wcwidth
import time:       226 |       1183 |                                                 wcwidth
import time:       415 |       1598 |                                               prompt_toolkit.utils
import time:       327 |       1924 |                                             prompt_toolkit.key_binding.key_processor
import time:       157 |       5265 |                                           prompt_toolkit.key_binding
import time:       386 |       5651 |                                         prompt_toolkit.key_binding.vi_state
import time:       629 |       6280 |                                       prompt_toolkit.cursor_shapes
import time:       619 |        619 |                                       prompt_toolkit.data_structures
import time:       668 |        668 |                                         prompt_toolkit.styles.base
import time:       182 |        182 |                                           prompt_toolkit.styles.named_colors
import time:       623 |        623 |                                           prompt_toolkit.styles.style
import time:       343 |       1148 |                                         prompt_toolkit.styles.defaults
import time:       194 |        194 |                                         prompt_toolkit.styles.pygments
import time:       146 |        146 |                                           colorsys
import time:       481 |        627 |                                         prompt_toolkit.styles.style_transformation
import time:       311 |       2944 |                                       prompt_toolkit.styles
import time:       642 |        642 |                                       prompt_toolkit.output.color_depth
import time:       373 |      10856 |                                     prompt_toolkit.output.base
import time:       172 |        172 |                                         prompt_toolkit.output.flush_stdout
import time:       429 |        601 |                                       prompt_toolkit.output.plain_text
import time:       164 |        765 |                                     prompt_toolkit.output.defaults
import time:       143 |      11763 |                                   prompt_toolkit.output
import time:       568 |      12331 |                                 prompt_toolkit.output.vt100
import time:       430 |        430 |                                   prompt_toolkit.mouse_events
import time:       400 |        830 |                                 prompt_toolkit.formatted_text.base
import time:       516 |      13676 |                               prompt_toolkit.formatted_text.ansi
import time:       209 |        209 |                                     xml
import time:       162 |        162 |                                     xml.dom.domreg
import time:       432 |        802 |                                   xml.dom
import time:       173 |        173 |                                   xml.dom.minicompat
import time:       281 |        281 |                                     xml.dom.NodeFilter
import time:       337 |        617 |                                   xml.dom.xmlbuilder
import time:      1098 |       2689 |                                 xml.dom.minidom
import time:       210 |       2899 |                               prompt_toolkit.formatted_text.html
import time:       157 |        157 |                               prompt_toolkit.formatted_text.pygments
import time:       213 |        213 |                               prompt_toolkit.formatted_text.utils
import time:       168 |      17111 |                             prompt_toolkit.formatted_text
import time:       405 |      17515 |                           prompt_toolkit.completion.base
import time:       144 |        144 |                           prompt_toolkit.completion.deduplicate
import time:       319 |        319 |                           prompt_toolkit.completion.filesystem
import time:       178 |        178 |                             prompt_toolkit.completion.word_completer
import time:       423 |        601 |                           prompt_toolkit.completion.fuzzy_completer
import time:       247 |        247 |                           prompt_toolkit.completion.nested
import time:       206 |      19029 |                         prompt_toolkit.completion
import time:       376 |        376 |                         prompt_toolkit.history
import time:       308 |        308 |                         prompt_toolkit.search
import time:       275 |        275 |                         prompt_toolkit.validation
import time:      1355 |      27118 |                       prompt_toolkit.buffer
import time:       288 |        288 |                           prompt_toolkit.input.base
import time:       152 |        152 |                           prompt_toolkit.input.defaults
import time:       154 |        593 |                         prompt_toolkit.input
import time:        34 |        627 |                       prompt_toolkit.input.base
import time:       142 |        142 |                       prompt_toolkit.input.typeahead
import time:        99 |         99 |                         prompt_toolkit.key_binding.bindings
import time:       125 |        125 |                         prompt_toolkit.key_binding.bindings.scroll
import time:       187 |        411 |                       prompt_toolkit.key_binding.bindings.page_navigation
import time:       398 |        398 |                                       prompt_toolkit.lexers.base
import time:       623 |        623 |                                       prompt_toolkit.lexers.pygments
import time:       167 |       1187 |                                     prompt_toolkit.lexers
import time:       642 |        642 |                                       prompt_toolkit.layout.utils
import time:       662 |       1304 |                                     prompt_toolkit.layout.processors
import time:       797 |       3287 |                                   prompt_toolkit.layout.controls
import time:       249 |        249 |                                   prompt_toolkit.layout.dimension
import time:       272 |        272 |                                   prompt_toolkit.layout.margins
import time:       149 |        149 |                                   prompt_toolkit.layout.mouse_handlers
import time:       294 |        294 |                                   prompt_toolkit.layout.screen
import time:      2475 |       6724 |                                 prompt_toolkit.layout.containers
import time:       336 |        336 |                                 prompt_toolkit.layout.layout
import time:       442 |        442 |                                 prompt_toolkit.layout.menus
import time:       332 |        332 |                                 prompt_toolkit.layout.scrollable_pane
import time:       215 |       8046 |                               prompt_toolkit.layout
import time:        46 |       8091 |                             prompt_toolkit.layout.controls
import time:       206 |        206 |                             prompt_toolkit.key_binding.bindings.completion
import time:       689 |       8986 |                           prompt_toolkit.key_binding.bindings.named_commands
import time:       185 |       9171 |                         prompt_toolkit.key_binding.bindings.basic
import time:       153 |        153 |                         prompt_toolkit.key_binding.bindings.cpr
import time:       380 |        380 |                         prompt_toolkit.key_binding.bindings.emacs
import time:       243 |        243 |                         prompt_toolkit.key_binding.bindings.mouse
import time:       301 |        301 |                             prompt_toolkit.input.ansi_escape_sequences
import time:       673 |        974 |                           prompt_toolkit.input.vt100_parser
import time:       577 |        577 |                           prompt_toolkit.key_binding.digraphs
import time:      1190 |       2740 |                         prompt_toolkit.key_binding.bindings.vi
import time:       165 |      12849 |                       prompt_toolkit.key_binding.defaults
import time:       149 |        149 |                       prompt_toolkit.key_binding.emacs_state
import time:       127 |        127 |                       prompt_toolkit.layout.dummy
import time:       540 |        540 |                       prompt_toolkit.renderer
import time:       855 |      42814 |                     prompt_toolkit.application.application
import time:       212 |        212 |                     prompt_toolkit.application.dummy
import time:       218 |      43244 |                   prompt_toolkit.application
import time:       503 |        503 |                           prompt_toolkit.widgets.toolbars
import time:       711 |       1213 |                         prompt_toolkit.widgets.base
import time:       102 |        102 |                           prompt_toolkit.key_binding.bindings.focus
import time:       189 |        291 |                         prompt_toolkit.widgets.dialogs
import time:       286 |        286 |                         prompt_toolkit.widgets.menus
import time:       173 |       1962 |                       prompt_toolkit.widgets
import time:       335 |       2296 |                     prompt_toolkit.shortcuts.choice_input
import time:       233 |        233 |                     prompt_toolkit.shortcuts.dialogs
import time:       116 |        116 |                             xml.parsers
import time:       191 |        191 |                               pyexpat
import time:       143 |        333 |                             xml.parsers.expat
import time:       651 |       1099 |                           xml.dom.expatbuilder
import time:      1171 |       2269 |                         prompt_toolkit.shortcuts.progress_bar.formatters
import time:       416 |       2685 |                       prompt_toolkit.shortcuts.progress_bar.base
import time:       130 |       2814 |                     prompt_toolkit.shortcuts.progress_bar
import time:       146 |        146 |                       prompt_toolkit.key_binding.bindings.auto_suggest
import time:       111 |        111 |                       prompt_toolkit.key_binding.bindings.open_in_editor
import time:       968 |       1224 |                     prompt_toolkit.shortcuts.prompt
import time:       197 |        197 |                     prompt_toolkit.shortcuts.utils
import time:       211 |       6972 |                   prompt_toolkit.shortcuts
import time:       583 |        583 |                     email.feedparser
import time:       223 |        805 |                   email.parser
import time:      2553 |      53572 |                 prompt_toolkit
import time:        32 |      53604 |               prompt_toolkit.auto_suggest
import time:       270 |        270 |               prompt_toolkit.patch_stdout
import time:       129 |        129 |                   unicodedata
import time:        80 |         80 |                     _uuid
import time:       490 |        570 |                   uuid
import time:      4464 |       4464 |                   IPython.core.guarded_eval
import time:       689 |        689 |                   IPython.core.latex_symbols
import time:       171 |        171 |                   IPython.utils.generics
import time:       488 |        488 |                             parso.utils
import time:       451 |        939 |                           parso.tree
import time:        94 |         94 |                                     parso.python
import time:       850 |        850 |                                     parso.python.token
import time:      2579 |       3521 |                                   parso.python.tokenize
import time:       240 |       3761 |                                 parso.pgen2.grammar_parser
import time:       447 |       4208 |                               parso.pgen2.generator
import time:       131 |       4338 |                             parso.pgen2
import time:        29 |       4367 |                           parso.pgen2.generator
import time:       549 |       5853 |                         parso.parser
import time:       130 |        130 |                           parso._compatibility
import time:      1773 |       1773 |                             difflib
import time:       589 |        589 |                                 parso.python.prefix
import time:      1480 |       2069 |                               parso.python.tree
import time:       255 |       2323 |                             parso.python.parser
import time:       552 |       4648 |                           parso.python.diff
import time:        60 |         60 |                             gc
import time:       343 |        403 |                           parso.cache
import time:       443 |        443 |                             parso.normalizer
import time:       950 |       1393 |                           parso.python.errors
import time:       478 |        478 |                           parso.python.pep8
import time:       185 |        185 |                           parso.file_io
import time:       484 |       7718 |                         parso.grammar
import time:       167 |      13737 |                       parso
import time:       333 |        333 |                       jedi.parser_utils
import time:       108 |        108 |                         colorama
import time:       263 |        371 |                       jedi.debug
import time:       134 |        134 |                       jedi.settings
import time:       184 |        184 |                       jedi.cache
import time:       220 |        220 |                       jedi.file_io
import time:       215 |        215 |                                 jedi.inference.cache
import time:       221 |        221 |                                   jedi.inference.helpers
import time:       403 |        403 |                                   jedi.inference.utils
import time:       532 |       1155 |                                 jedi.inference.base_value
import time:       452 |       1820 |                               jedi.inference.sys_path
import time:       167 |        167 |                                       jedi.inference.recursion
import time:       297 |        463 |                                     jedi.inference.flow_analysis
import time:       182 |        182 |                                           jedi.common
import time:       224 |        405 |                                         jedi.inference.lazy_value
import time:       436 |        841 |                                       jedi.inference.docstrings
import time:       164 |        164 |                                       jedi.plugins
import time:       858 |       1862 |                                     jedi.inference.names
import time:       930 |       3254 |                                   jedi.inference.filters
import time:       250 |        250 |                                     jedi.inference.compiled.getattr_static
import time:       824 |       1073 |                                   jedi.inference.compiled.access
import time:       395 |        395 |                                   jedi.inference.signature
import time:       594 |        594 |                                   jedi.inference.context
import time:       739 |       6052 |                                 jedi.inference.compiled.value
import time:       187 |       6239 |                               jedi.inference.compiled
import time:       275 |        275 |                               jedi.inference.analysis
import time:       110 |        110 |                                 jedi.inference.gradual
import time:       445 |        445 |                                       jedi.inference.value.module
import time:       371 |        371 |                                             jedi.inference.value.dynamic_arrays
import time:      1064 |       1435 |                                           jedi.inference.value.iterable
import time:       352 |       1786 |                                         jedi.inference.arguments
import time:       140 |        140 |                                           jedi.inference.parser_cache
import time:       211 |        211 |                                           jedi.inference.gradual.generics
import time:       566 |        916 |                                         jedi.inference.value.function
import time:       542 |       3244 |                                       jedi.inference.value.klass
import time:       849 |        849 |                                       jedi.inference.value.instance
import time:       303 |       4839 |                                     jedi.inference.value
import time:        32 |       4871 |                                   jedi.inference.value.module
import time:       744 |        744 |                                     jedi.inference.gradual.base
import time:       424 |        424 |                                     jedi.inference.gradual.type_var
import time:       662 |       1829 |                                   jedi.inference.gradual.typing
import time:       354 |       7052 |                                 jedi.inference.gradual.stub_value
import time:       479 |       7640 |                               jedi.inference.gradual.typeshed
import time:       147 |        147 |                                   jedi._compatibility
import time:       253 |        253 |                                   jedi.inference.compiled.subprocess.functions
import time:       174 |        174 |                                   jedi.api.exceptions
import time:      1215 |       1787 |                                 jedi.inference.compiled.subprocess
import time:        51 |       1837 |                               jedi.inference.compiled.subprocess.functions
import time:       449 |      18258 |                             jedi.inference.imports
import time:       213 |        213 |                                 jedi.inference.param
import time:       257 |        470 |                               jedi.inference.gradual.annotation
import time:       150 |        150 |                               jedi.inference.value.decorator
import time:       533 |       1152 |                             jedi.inference.syntax_tree
import time:       289 |      19698 |                           jedi.inference
import time:        26 |      19724 |                         jedi.inference.utils
import time:       209 |        209 |                           jedi.inference.gradual.conversion
import time:       387 |        595 |                         jedi.inference.compiled.mixed
import time:       122 |        122 |                           pydoc_data
import time:      1249 |       1249 |                           pydoc_data.topics
import time:       239 |       1610 |                         jedi.api.keywords
import time:       321 |        321 |                         jedi.api.completion_cache
import time:       433 |        433 |                         jedi.api.helpers
import time:       691 |      23371 |                       jedi.api.classes
import time:       223 |        223 |                       jedi.api.interpreter
import time:       157 |        157 |                         jedi.api.strings
import time:       200 |        200 |                         jedi.api.file_name
import time:       156 |        156 |                         jedi.inference.docstring_utils
import time:       667 |       1179 |                       jedi.api.completion
import time:       255 |        255 |                         filecmp
import time:       476 |        731 |                       jedi.api.environment
import time:       199 |        199 |                         jedi.inference.references
import time:       309 |        507 |                       jedi.api.project
import time:       151 |        151 |                       jedi.api.errors
import time:       272 |        272 |                         jedi.inference.value.namespace
import time:       298 |        570 |                       jedi.api.refactoring
import time:       279 |        279 |                       jedi.api.refactoring.extract
import time:       145 |        145 |                       jedi.inference.gradual.utils
import time:       711 |      42838 |                     jedi.api
import time:       937 |        937 |                       jedi.plugins.stdlib
import time:       116 |        116 |                       jedi.plugins.flask
import time:       227 |        227 |                       jedi.plugins.pytest
import time:       468 |        468 |                       jedi.plugins.django
import time:       287 |       2032 |                     jedi.plugins.registry
import time:       196 |      45065 |                   jedi
import time:      4399 |      55483 |                 IPython.core.completer
import time:       270 |        270 |                 IPython.terminal.ptutils
import time:       183 |        183 |                   IPython.terminal.shortcuts.auto_match
import time:      1011 |       1011 |                     IPython.terminal.shortcuts.filters
import time:       461 |       1472 |                   IPython.terminal.shortcuts.auto_suggest
import time:      3093 |       4746 |                 IPython.terminal.shortcuts
import time:       276 |        276 |                 concurrent.futures.thread
import time:       376 |      61150 |               IPython.terminal.debugger
import time:       167 |        167 |                 IPython.lib.clipboard
import time:       393 |        560 |               IPython.terminal.magics
import time:       208 |        208 |               IPython.terminal.pt_inputhooks
import time:       457 |        457 |               IPython.terminal.prompts
import time:      1951 |     118196 |             IPython.terminal.interactiveshell
import time:       351 |        351 |                 IPython.core.magics.auto
import time:      2431 |       2431 |                 IPython.core.magics.basic
import time:       831 |        831 |                       http
import time:      1033 |       1863 |                     http.client
import time:       304 |        304 |                       urllib.response
import time:       228 |        531 |                     urllib.error
import time:      1456 |       3849 |                   urllib.request
import time:       149 |        149 |                   IPython.utils.contexts
import time:       773 |       4770 |                 IPython.core.magics.code
import time:       370 |        370 |                 IPython.core.magics.config
import time:       682 |        682 |                 IPython.core.magics.display
import time:       221 |        221 |                     _lsprof
import time:      1302 |       1302 |                     profile
import time:       301 |       1822 |                   cProfile
import time:      1642 |       1642 |                   pstats
import time:       232 |        232 |                   timeit
import time:       129 |        129 |                   IPython.utils.module_paths
import time:       206 |        206 |                     resource
import time:       127 |        332 |                   IPython.utils.timing
import time:       268 |        268 |                   IPython.core.magics.ast_mod
import time:     18103 |      22526 |                 IPython.core.magics.execution
import time:       301 |        301 |                 IPython.core.magics.extension
import time:      1636 |       1636 |                 IPython.core.magics.history
import time:       322 |        322 |                 IPython.core.magics.logging
import time:       492 |        492 |                 IPython.core.magics.namespace
import time:      1085 |       1085 |                 IPython.core.magics.osm
import time:       364 |        364 |                 IPython.core.magics.packaging
import time:      1528 |       1528 |                 IPython.core.magics.pylab
import time:      1363 |       1363 |                 IPython.core.magics.script
import time:       582 |      38794 |               IPython.core.magics
import time:       934 |        934 |               IPython.core.shellapp
import time:       139 |        139 |                 IPython.extensions
import time:       467 |        606 |               IPython.extensions.storemagic
import time:      1429 |      41761 |             IPython.terminal.ipapp
import time:      2083 |     217839 |           IPython.terminal.embed
import time:       158 |        158 |           IPython.utils.frame
import time:       496 |     311512 |         IPython
import time:        17 |     311528 |       IPython.core
import time:        20 |     311548 |     IPython.core.interactiveshell
import time:       105 |        105 |       elastic_notebook.algorithm
import time:       185 |        185 |         numpy.version
import time:       125 |        125 |         numpy._expired_attrs_2_0
import time:       134 |        134 |             numpy._utils._convertions
import time:       125 |        259 |           numpy._utils
import time:       285 |        543 |         numpy._globals
import time:        51 |         51 |           numpy._distributor_init_local
import time:       134 |        184 |         numpy._distributor_init
import time:       289 |        289 |                   numpy.exceptions
import time:       363 |        363 |                   numpy._core._exceptions
import time:       120 |        120 |                   numpy._core.printoptions
import time:       321 |        321 |                   numpy.dtypes
import time:      7879 |       8970 |                 numpy._core._multiarray_umath
import time:       153 |        153 |                   numpy._utils._inspect
import time:       351 |        503 |                 numpy._core.overrides
import time:      1931 |      11402 |               numpy._core.multiarray
import time:       268 |        268 |               numpy._core.umath
import time:       247 |        247 |                 numpy._core._dtype
import time:       157 |        157 |                 numpy._core._string_helpers
import time:       505 |        505 |                 numpy._core._type_aliases
import time:       463 |       1371 |               numpy._core.numerictypes
import time:       244 |        244 |                       numpy._core._methods
import time:      1084 |       1327 |                     numpy._core.fromnumeric
import time:       462 |       1788 |                   numpy._core.shape_base
import time:       217 |        217 |                   numpy._core._ufunc_config
import time:       153 |        153 |                   numpy._core._asarray
import time:       709 |        709 |                   numpy._core.arrayprint
import time:      1168 |       4032 |                 numpy._core.numeric
import time:       527 |       4559 |               numpy._core.einsumfunc
import time:       252 |        252 |               numpy._core.function_base
import time:       265 |        265 |               numpy._core.getlimits
import time:       217 |        217 |               numpy._core.memmap
import time:       360 |        360 |               numpy._core.records
import time:      6458 |       6458 |               numpy._core._add_newdocs
import time:      1543 |       1543 |               numpy._core._add_newdocs_scalars
import time:       150 |        150 |               numpy._core._dtype_ctypes
import time:       497 |        497 |                   _ctypes
import time:       307 |        307 |                   ctypes._endian
import time:       957 |       1760 |                 ctypes
import time:       773 |       2533 |               numpy._core._internal
import time:       164 |        164 |               numpy._pytesttester
import time:       630 |      30165 |             numpy._core
import time:        44 |      30208 |           numpy._core._multiarray_umath
import time:       342 |      30550 |         numpy.__config__
import time:       232 |        232 |                           numpy._typing._nbit_base
import time:       233 |        233 |                           numpy._typing._nested_sequence
import time:       108 |        108 |                           numpy._typing._shape
import time:      2331 |       2902 |                         numpy._typing._array_like
import time:      1781 |       1781 |                         numpy._typing._char_codes
import time:      2257 |       2257 |                         numpy._typing._dtype_like
import time:       149 |        149 |                         numpy._typing._nbit
import time:       120 |        120 |                         numpy._typing._scalars
import time:       103 |        103 |                         numpy._typing._ufunc
import time:       317 |       7626 |                       numpy._typing
import time:       354 |        354 |                         numpy.lib._stride_tricks_impl
import time:       388 |        742 |                       numpy.lib._twodim_base_impl
import time:       113 |        113 |                         numpy.lib._array_utils_impl
import time:       128 |        241 |                       numpy.lib.array_utils
import time:       367 |        367 |                       numpy.linalg._umath_linalg
import time:      1724 |      10696 |                     numpy.linalg._linalg
import time:       168 |      10864 |                   numpy.linalg
import time:       331 |      11194 |                 numpy.matrixlib.defmatrix
import time:       139 |      11333 |               numpy.matrixlib
import time:       369 |        369 |                 numpy.lib._histograms_impl
import time:      1285 |       1654 |               numpy.lib._function_base_impl
import time:       444 |      13430 |             numpy.lib._index_tricks_impl
import time:       318 |      13748 |           numpy.lib._arraypad_impl
import time:      1071 |       1071 |           numpy.lib._arraysetops_impl
import time:       234 |        234 |           numpy.lib._arrayterator_impl
import time:       468 |        468 |           numpy.lib._nanfunctions_impl
import time:       258 |        258 |                 numpy.lib._utils_impl
import time:       267 |        525 |               numpy.lib._format_impl
import time:       126 |        650 |             numpy.lib.format
import time:       388 |        388 |             numpy.lib._datasource
import time:       402 |        402 |             numpy.lib._iotools
import time:       732 |       2170 |           numpy.lib._npyio_impl
import time:       221 |        221 |               numpy.lib._ufunclike_impl
import time:       326 |        546 |             numpy.lib._type_check_impl
import time:       655 |       1201 |           numpy.lib._polynomial_impl
import time:       568 |        568 |           numpy.lib._shape_base_impl
import time:       184 |        184 |           numpy.lib._version
import time:       133 |        133 |           numpy.lib.introspect
import time:       206 |        206 |           numpy.lib.mixins
import time:        98 |         98 |           numpy.lib.npyio
import time:       283 |        283 |             numpy.lib._scimath_impl
import time:        97 |        380 |           numpy.lib.scimath
import time:       115 |        115 |           numpy.lib.stride_tricks
import time:       551 |      21121 |         numpy.lib
import time:       190 |        190 |         numpy._array_api_info
import time:      1499 |      54393 |       numpy
import time:       328 |        328 |       elastic_notebook.algorithm.selector
import time:       259 |      55084 |     elastic_notebook.algorithm.baseline
import time:       202 |        202 |         networkx.lazy_imports
import time:       345 |        345 |         networkx.exception
import time:       464 |        464 |           networkx.utils.misc
import time:       450 |        450 |             gzip
import time:       738 |       1188 |           networkx.utils.decorators
import time:       208 |        208 |           networkx.utils.random_sequence
import time:       149 |        149 |           networkx.utils.union_find
import time:       139 |        139 |           networkx.utils.rcm
import time:       254 |        254 |           networkx.utils.heaps
import time:       593 |        593 |           networkx.utils.configs
import time:     16926 |      16926 |           networkx.utils.backends
import time:       244 |      20160 |         networkx.utils
import time:       303 |        303 |             networkx.convert
import time:       527 |        527 |             networkx.classes.coreviews
import time:      1051 |       1051 |             networkx.classes.reportviews
import time:       564 |       2443 |           networkx.classes.graph
import time:       402 |        402 |           networkx.classes.digraph
import time:       364 |        364 |           networkx.classes.multigraph
import time:       316 |        316 |           networkx.classes.multidigraph
import time:       645 |        645 |           networkx.classes.function
import time:       152 |        152 |             networkx.classes.filters
import time:       196 |        348 |           networkx.classes.graphviews
import time:       322 |       4836 |         networkx.classes
import time:       447 |        447 |         networkx.convert_matrix
import time:       222 |        222 |         networkx.relabel
import time:        90 |         90 |                 importlib.resources._itertools
import time:       344 |        434 |               importlib.resources.readers
import time:        99 |        532 |             importlib.readers
import time:       326 |        857 |           networkx.generators.atlas
import time:       648 |        648 |           networkx.generators.classic
import time:       165 |        165 |           networkx.generators.cographs
import time:       424 |        424 |           networkx.generators.community
import time:       532 |        532 |           networkx.generators.degree_seq
import time:       333 |        333 |           networkx.generators.directed
import time:       214 |        214 |           networkx.generators.duplication
import time:       165 |        165 |           networkx.generators.ego
import time:       277 |        277 |           networkx.generators.expanders
import time:       457 |        457 |           networkx.generators.geometric
import time:       294 |        294 |           networkx.generators.harary_graph
import time:       267 |        267 |           networkx.generators.internet_as_graphs
import time:       188 |        188 |           networkx.generators.intersection
import time:       142 |        142 |           networkx.generators.interval_graph
import time:       275 |        275 |           networkx.generators.joint_degree_seq
import time:       284 |        284 |           networkx.generators.lattice
import time:       233 |        233 |           networkx.generators.line
import time:       169 |        169 |           networkx.generators.mycielski
import time:       209 |        209 |           networkx.generators.nonisomorphic_trees
import time:       145 |        145 |           networkx.generators.random_clustered
import time:       697 |        697 |           networkx.generators.random_graphs
import time:       655 |        655 |           networkx.generators.small
import time:       316 |        316 |           networkx.generators.social
import time:       220 |        220 |           networkx.generators.spectral_graph_forge
import time:       155 |        155 |           networkx.generators.stochastic
import time:       136 |        136 |           networkx.generators.sudoku
import time:       144 |        144 |           networkx.generators.time_series
import time:       400 |        400 |           networkx.generators.trees
import time:       170 |        170 |           networkx.generators.triads
import time:       577 |       9733 |         networkx.generators
import time:       256 |        256 |           networkx.readwrite.adjlist
import time:       373 |        373 |           networkx.readwrite.multiline_adjlist
import time:       246 |        246 |           networkx.readwrite.edgelist
import time:       263 |        263 |           networkx.readwrite.pajek
import time:       214 |        214 |           networkx.readwrite.leda
import time:       240 |        240 |             networkx.readwrite.graph6
import time:       226 |        465 |           networkx.readwrite.sparse6
import time:       865 |        865 |           networkx.readwrite.gml
import time:       732 |        732 |           networkx.readwrite.graphml
import time:       124 |        124 |               xml.etree
import time:       540 |        540 |               xml.etree.ElementPath
import time:       120 |        120 |               _elementtree
import time:      1099 |       1881 |             xml.etree.ElementTree
import time:       513 |       2394 |           networkx.readwrite.gexf
import time:       232 |        232 |             networkx.readwrite.json_graph.node_link
import time:       147 |        147 |             networkx.readwrite.json_graph.adjacency
import time:       143 |        143 |             networkx.readwrite.json_graph.tree
import time:       135 |        135 |             networkx.readwrite.json_graph.cytoscape
import time:       172 |        826 |           networkx.readwrite.json_graph
import time:      1947 |       1947 |           networkx.readwrite.text
import time:       748 |       9325 |         networkx.readwrite
import time:       210 |        210 |             networkx.algorithms.assortativity.connectivity
import time:       157 |        157 |                 networkx.algorithms.assortativity.pairs
import time:      1216 |       1373 |               networkx.algorithms.assortativity.mixing
import time:       243 |       1615 |             networkx.algorithms.assortativity.correlation
import time:       212 |        212 |             networkx.algorithms.assortativity.neighbor_degree
import time:       265 |       2300 |           networkx.algorithms.assortativity
import time:       207 |        207 |           networkx.algorithms.asteroidal
import time:       174 |        174 |           networkx.algorithms.boundary
import time:       204 |        204 |           networkx.algorithms.broadcasting
import time:       225 |        225 |           networkx.algorithms.bridges
import time:       178 |        178 |           networkx.algorithms.chains
import time:       339 |        339 |                   networkx.algorithms.shortest_paths.generic
import time:       391 |        391 |                   networkx.algorithms.shortest_paths.unweighted
import time:       719 |        719 |                   networkx.algorithms.shortest_paths.weighted
import time:       227 |        227 |                   networkx.algorithms.shortest_paths.astar
import time:       211 |        211 |                   networkx.algorithms.shortest_paths.dense
import time:       225 |       2109 |                 networkx.algorithms.shortest_paths
import time:        25 |       2134 |               networkx.algorithms.shortest_paths.weighted
import time:       328 |       2462 |             networkx.algorithms.centrality.betweenness
import time:       370 |        370 |             networkx.algorithms.centrality.betweenness_subset
import time:       209 |        209 |             networkx.algorithms.centrality.closeness
import time:       263 |        263 |               networkx.algorithms.centrality.flow_matrix
import time:       302 |        564 |             networkx.algorithms.centrality.current_flow_betweenness
import time:       235 |        235 |             networkx.algorithms.centrality.current_flow_betweenness_subset
import time:       166 |        166 |             networkx.algorithms.centrality.current_flow_closeness
import time:       183 |        183 |             networkx.algorithms.centrality.degree_alg
import time:       172 |        172 |             networkx.algorithms.centrality.dispersion
import time:       293 |        293 |             networkx.algorithms.centrality.eigenvector
import time:       342 |        342 |             networkx.algorithms.centrality.group
import time:       149 |        149 |             networkx.algorithms.centrality.harmonic
import time:       325 |        325 |             networkx.algorithms.centrality.katz
import time:       191 |        191 |             networkx.algorithms.centrality.load
import time:       169 |        169 |             networkx.algorithms.centrality.percolation
import time:       183 |        183 |             networkx.algorithms.centrality.reaching
import time:       170 |        170 |             networkx.algorithms.centrality.second_order
import time:       236 |        236 |             networkx.algorithms.centrality.subgraph_alg
import time:       220 |        220 |             networkx.algorithms.centrality.trophic
import time:       131 |        131 |             networkx.algorithms.centrality.voterank_alg
import time:       142 |        142 |             networkx.algorithms.centrality.laplacian
import time:       490 |       7392 |           networkx.algorithms.centrality
import time:       275 |        275 |               networkx.algorithms.components.connected
import time:       353 |        353 |               networkx.algorithms.components.strongly_connected
import time:       200 |        200 |               networkx.algorithms.components.weakly_connected
import time:       175 |        175 |               networkx.algorithms.components.attracting
import time:       246 |        246 |               networkx.algorithms.components.biconnected
import time:       171 |        171 |               networkx.algorithms.components.semiconnected
import time:       204 |       1619 |             networkx.algorithms.components
import time:       291 |       1910 |           networkx.algorithms.chordal
import time:       497 |        497 |           networkx.algorithms.cluster
import time:       430 |        430 |           networkx.algorithms.clique
import time:       246 |        246 |           networkx.algorithms.communicability_alg
import time:       415 |        415 |             networkx.algorithms.coloring.greedy_coloring
import time:       307 |        307 |             networkx.algorithms.coloring.equitable_coloring
import time:       168 |        889 |           networkx.algorithms.coloring
import time:       442 |        442 |           networkx.algorithms.core
import time:       200 |        200 |           networkx.algorithms.covering
import time:       476 |        476 |           networkx.algorithms.cycles
import time:       391 |        391 |           networkx.algorithms.cuts
import time:       249 |        249 |           networkx.algorithms.d_separation
import time:       647 |        647 |           networkx.algorithms.dag
import time:       384 |        384 |           networkx.algorithms.distance_measures
import time:       212 |        212 |           networkx.algorithms.distance_regular
import time:       281 |        281 |           networkx.algorithms.dominance
import time:       219 |        219 |           networkx.algorithms.dominating
import time:       182 |        182 |           networkx.algorithms.efficiency_measures
import time:       258 |        258 |           networkx.algorithms.euler
import time:       269 |        269 |           networkx.algorithms.graphical
import time:       142 |        142 |           networkx.algorithms.hierarchy
import time:       151 |        151 |           networkx.algorithms.hybrid
import time:       214 |        214 |             networkx.algorithms.link_analysis.hits_alg
import time:       208 |        208 |             networkx.algorithms.link_analysis.pagerank_alg
import time:       161 |        582 |           networkx.algorithms.link_analysis
import time:       429 |        429 |           networkx.algorithms.link_prediction
import time:       222 |        222 |           networkx.algorithms.lowest_common_ancestors
import time:       149 |        149 |           networkx.algorithms.isolate
import time:       392 |        392 |           networkx.algorithms.matching
import time:       363 |        363 |             networkx.algorithms.minors.contraction
import time:       141 |        503 |           networkx.algorithms.minors
import time:       153 |        153 |           networkx.algorithms.mis
import time:       161 |        161 |           networkx.algorithms.moral
import time:       169 |        169 |           networkx.algorithms.non_randomness
import time:       243 |        243 |             networkx.algorithms.operators.all
import time:       250 |        250 |             networkx.algorithms.operators.binary
import time:       356 |        356 |             networkx.algorithms.operators.product
import time:       158 |        158 |             networkx.algorithms.operators.unary
import time:       165 |       1170 |           networkx.algorithms.operators
import time:       671 |        671 |           networkx.algorithms.planarity
import time:       200 |        200 |           networkx.algorithms.planar_drawing
import time:       179 |        179 |           networkx.algorithms.polynomials
import time:       143 |        143 |           networkx.algorithms.perfect_graph
import time:       168 |        168 |           networkx.algorithms.reciprocity
import time:       230 |        230 |           networkx.algorithms.regular
import time:       166 |        166 |           networkx.algorithms.richclub
import time:      1255 |       1255 |           networkx.algorithms.similarity
import time:       254 |        254 |           networkx.algorithms.graph_hashing
import time:       365 |        365 |           networkx.algorithms.simple_paths
import time:       297 |        297 |           networkx.algorithms.smallworld
import time:       137 |        137 |           networkx.algorithms.smetric
import time:       272 |        272 |           networkx.algorithms.structuralholes
import time:       202 |        202 |           networkx.algorithms.sparsifiers
import time:       354 |        354 |           networkx.algorithms.summarization
import time:       244 |        244 |           networkx.algorithms.swap
import time:       189 |        189 |           networkx.algorithms.time_dependent
import time:       163 |        163 |             networkx.algorithms.traversal.beamsearch
import time:       253 |        253 |             networkx.algorithms.traversal.breadth_first_search
import time:       237 |        237 |             networkx.algorithms.traversal.depth_first_search
import time:       174 |        174 |             networkx.algorithms.traversal.edgedfs
import time:       158 |        158 |             networkx.algorithms.traversal.edgebfs
import time:       192 |       1173 |           networkx.algorithms.traversal
import time:       274 |        274 |           networkx.algorithms.triads
import time:       217 |        217 |           networkx.algorithms.vitality
import time:       132 |        132 |           networkx.algorithms.voronoi
import time:       148 |        148 |           networkx.algorithms.walks
import time:       230 |        230 |           networkx.algorithms.wiener
import time:       189 |        189 |             networkx.algorithms.approximation.clustering_coefficient
import time:       139 |        139 |               networkx.algorithms.approximation.ramsey
import time:       278 |        416 |             networkx.algorithms.approximation.clique
import time:       216 |        216 |             networkx.algorithms.approximation.connectivity
import time:       150 |        150 |             networkx.algorithms.approximation.distance_measures
import time:       156 |        156 |             networkx.algorithms.approximation.dominating_set
import time:       483 |        483 |             networkx.algorithms.approximation.kcomponents
import time:       149 |        149 |             networkx.algorithms.approximation.matching
import time:       260 |        260 |             networkx.algorithms.approximation.steinertree
import time:       195 |        195 |                     networkx.algorithms.tree.recognition
import time:      1266 |       1461 |                   networkx.algorithms.tree.branchings
import time:       296 |        296 |                   networkx.algorithms.tree.coding
import time:       197 |        197 |                   networkx.algorithms.tree.distance_measures
import time:      1274 |       1274 |                   networkx.algorithms.tree.mst
import time:       198 |        198 |                   networkx.algorithms.tree.operations
import time:       168 |        168 |                   networkx.algorithms.tree.decomposition
import time:       260 |       3850 |                 networkx.algorithms.tree
import time:        24 |       3874 |               networkx.algorithms.tree.mst
import time:       477 |       4351 |             networkx.algorithms.approximation.traveling_salesman
import time:       378 |        378 |             networkx.algorithms.approximation.treewidth
import time:       148 |        148 |             networkx.algorithms.approximation.vertex_cover
import time:       190 |        190 |             networkx.algorithms.approximation.maxcut
import time:       202 |        202 |             networkx.algorithms.approximation.density
import time:       322 |       7602 |           networkx.algorithms.approximation
import time:       274 |        274 |             networkx.algorithms.bipartite.basic
import time:       184 |        184 |             networkx.algorithms.bipartite.centrality
import time:       194 |        194 |             networkx.algorithms.bipartite.cluster
import time:       185 |        185 |                 networkx.algorithms.bipartite.matrix
import time:       279 |        463 |               networkx.algorithms.bipartite.matching
import time:       148 |        611 |             networkx.algorithms.bipartite.covering
import time:       309 |        309 |             networkx.algorithms.bipartite.edgelist
import time:       294 |        294 |             networkx.algorithms.bipartite.projection
import time:       154 |        154 |             networkx.algorithms.bipartite.redundancy
import time:       134 |        134 |             networkx.algorithms.bipartite.spectral
import time:       322 |        322 |             networkx.algorithms.bipartite.generators
import time:       167 |        167 |             networkx.algorithms.bipartite.extendability
import time:       208 |        208 |             networkx.algorithms.bipartite.link_analysis
import time:       294 |       3140 |           networkx.algorithms.bipartite
import time:       189 |        189 |           networkx.algorithms.node_classification
import time:       207 |        207 |             networkx.algorithms.community.asyn_fluid
import time:       359 |        359 |             networkx.algorithms.community.bipartitions
import time:       183 |        183 |             networkx.algorithms.community.centrality
import time:       198 |        198 |             networkx.algorithms.community.divisive
import time:       150 |        150 |             networkx.algorithms.community.kclique
import time:       248 |        248 |             networkx.algorithms.community.label_propagation
import time:       238 |        238 |             networkx.algorithms.community.lukes
import time:       123 |        123 |                 networkx.algorithms.community.community_utils
import time:       276 |        399 |               networkx.algorithms.community.quality
import time:       196 |        196 |               networkx.utils.mapped_queue
import time:       267 |        860 |             networkx.algorithms.community.modularity_max
import time:       289 |        289 |             networkx.algorithms.community.louvain
import time:       308 |        308 |             networkx.algorithms.community.leiden
import time:       152 |        152 |             networkx.algorithms.community.local
import time:       292 |       3478 |           networkx.algorithms.community
import time:       254 |        254 |                 networkx.algorithms.flow.utils
import time:       192 |        445 |               networkx.algorithms.flow.boykovkolmogorov
import time:       175 |        175 |               networkx.algorithms.flow.dinitz_alg
import time:       174 |        174 |               networkx.algorithms.flow.edmondskarp
import time:       208 |        208 |               networkx.algorithms.flow.preflowpush
import time:       164 |        164 |               networkx.algorithms.flow.shortestaugmentingpath
import time:       319 |       1482 |             networkx.algorithms.flow.maxflow
import time:       193 |        193 |             networkx.algorithms.flow.mincost
import time:       157 |        157 |             networkx.algorithms.flow.gomory_hu
import time:       306 |        306 |             networkx.algorithms.flow.capacityscaling
import time:       385 |        385 |             networkx.algorithms.flow.networksimplex
import time:       229 |       2751 |           networkx.algorithms.flow
import time:       291 |        291 |             networkx.algorithms.isomorphism.isomorph
import time:       292 |        292 |               networkx.algorithms.isomorphism.isomorphvf2
import time:       245 |        537 |             networkx.algorithms.isomorphism.vf2userfunc
import time:       199 |        199 |             networkx.algorithms.isomorphism.matchhelpers
import time:       230 |        230 |             networkx.algorithms.isomorphism.temporalisomorphvf2
import time:       425 |        425 |             networkx.algorithms.isomorphism.ismags
import time:       336 |        336 |             networkx.algorithms.isomorphism.tree_isomorphism
import time:       615 |        615 |             networkx.algorithms.isomorphism.vf2pp
import time:       234 |       2864 |           networkx.algorithms.isomorphism
import time:       321 |        321 |           networkx.algorithms.tournament
import time:       160 |        160 |               networkx.algorithms.connectivity.utils
import time:       327 |        487 |             networkx.algorithms.connectivity.connectivity
import time:       342 |        342 |             networkx.algorithms.connectivity.cuts
import time:       678 |        678 |             networkx.algorithms.connectivity.edge_augmentation
import time:       318 |        318 |             networkx.algorithms.connectivity.edge_kcomponents
import time:       992 |        992 |             networkx.algorithms.connectivity.disjoint_paths
import time:       255 |        255 |             networkx.algorithms.connectivity.kcomponents
import time:       193 |        193 |             networkx.algorithms.connectivity.kcutsets
import time:       191 |        191 |             networkx.algorithms.connectivity.stoerwagner
import time:       290 |       3743 |           networkx.algorithms.connectivity
import time:      1404 |      56044 |         networkx.algorithms
import time:       247 |        247 |           networkx.linalg.attrmatrix
import time:       199 |        199 |           networkx.linalg.spectrum
import time:       155 |        155 |           networkx.linalg.graphmatrix
import time:       236 |        236 |           networkx.linalg.laplacianmatrix
import time:       377 |        377 |           networkx.linalg.algebraicconnectivity
import time:       282 |        282 |           networkx.linalg.modularitymatrix
import time:       153 |        153 |           networkx.linalg.bethehessianmatrix
import time:       319 |       1965 |         networkx.linalg
import time:       523 |        523 |           networkx.drawing.layout
import time:       197 |        197 |           networkx.drawing.nx_latex
import time:       574 |        574 |           networkx.drawing.nx_pylab
import time:       253 |        253 |           networkx.drawing.nx_agraph
import time:       330 |        330 |           networkx.drawing.nx_pydot
import time:       242 |       2116 |         networkx.drawing
import time:     13048 |     118437 |       networkx
import time:       118 |        118 |           elastic_notebook.core
import time:       149 |        267 |         elastic_notebook.core.graph
import time:       170 |        436 |       elastic_notebook.core.graph.cell_execution
import time:       110 |        110 |       elastic_notebook.core.graph.variable_snapshot
import time:       235 |     119217 |     elastic_notebook.algorithm.optimizer_exact
import time:        96 |         96 |       elastic_notebook.core.common
import time:       172 |        268 |     elastic_notebook.core.common.profile_migration_speed
import time:       155 |        155 |     elastic_notebook.core.graph.graph
import time:       101 |        101 |       elastic_notebook.core.io
import time:       133 |        133 |         dill.__info__
import time:       476 |        476 |           dill.logger
import time:      1198 |       1198 |           _pyio
import time:       367 |        367 |                 multiprocessing.process
import time:       402 |        402 |                 multiprocessing.reduction
import time:       513 |       1281 |               multiprocessing.context
import time:       241 |       1521 |             multiprocessing
import time:        31 |       1552 |           multiprocessing.reduction
import time:       189 |        189 |           dill._shims
import time:       106 |        106 |           dill.settings
import time:        81 |         81 |           winreg
import time:      1810 |       5410 |         dill._dill
import time:       891 |        891 |         dill.session
import time:       162 |        162 |           dill.pointers
import time:       353 |        514 |         dill.detect
import time:       346 |        346 |         dill.source
import time:       187 |        187 |         dill.temp
import time:       114 |        114 |         dill.objtypes
import time:       415 |       8008 |       dill
import time:       125 |        125 |       elastic_notebook.core.io.adapter
import time:       196 |       8428 |     elastic_notebook.core.io.filesystem_adapter
import time:       124 |        124 |     elastic_notebook.core.io.recover
import time:       103 |        103 |       elastic_notebook.core.mutation
import time:       184 |        184 |       elastic_notebook.core.mutation.id_graph
import time:       294 |        294 |           xxhash._xxhash
import time:       108 |        108 |           xxhash.version
import time:       239 |        640 |         xxhash
import time:       304 |        944 |       elastic_notebook.core.mutation.object_hash
import time:       242 |       1471 |     elastic_notebook.core.mutation.fingerprint
import time:       114 |        114 |       elastic_notebook.core.notebook
import time:       169 |        169 |           ipykernel._version
import time:       155 |        155 |               jupyter_client._version
import time:       158 |        158 |                         zmq.backend.select
import time:      3778 |       3778 |                           zmq.constants
import time:       400 |        400 |                           zmq.error
import time:      1092 |       5269 |                         zmq.backend.cython._zmq
import time:       324 |       5751 |                       zmq.backend
import time:       106 |        106 |                           zmq._typing
import time:       100 |        100 |                             zmq.utils
import time:       156 |        256 |                           zmq.utils.interop
import time:       302 |        302 |                           zmq.sugar.attrsettr
import time:       116 |        116 |                             zmq.utils.jsonapi
import time:       167 |        167 |                             zmq.sugar.poll
import time:       629 |        912 |                           zmq.sugar.socket
import time:       491 |       2065 |                         zmq.sugar.context
import time:       208 |        208 |                         zmq.sugar.frame
import time:       146 |        146 |                         zmq.sugar.tracker
import time:       265 |        265 |                         zmq.sugar.version
import time:       125 |        125 |                         zmq.sugar.stopwatch
import time:       276 |       3082 |                       zmq.sugar
import time:       325 |       9158 |                     zmq
import time:       817 |        817 |                     zmq._future
import time:       378 |      10352 |                   zmq.asyncio
import time:       168 |        168 |                         jupyter_core.version
import time:       184 |        351 |                       jupyter_core
import time:       220 |        570 |                     jupyter_core.utils
import time:       207 |        207 |                     jupyter_client.channelsabc
import time:       247 |        247 |                       hmac
import time:       310 |        310 |                         tornado
import time:       160 |        160 |                                 tornado.speedups
import time:       684 |        844 |                               tornado.util
import time:      1758 |       2601 |                             tornado.escape
import time:        82 |         82 |                             colorama
import time:       677 |        677 |                               _curses
import time:       236 |        912 |                             curses
import time:       304 |       3898 |                           tornado.log
import time:       425 |       4322 |                         tornado.concurrent
import time:       747 |       5378 |                       tornado.ioloop
import time:       132 |        132 |                       traitlets.log
import time:       107 |        107 |                         zmq.eventloop
import time:       350 |        457 |                       zmq.eventloop.zmqstream
import time:       975 |        975 |                       jupyter_client.adapter
import time:       146 |        146 |                             dateutil._version
import time:       181 |        327 |                           dateutil
import time:      1048 |       1048 |                             six
import time:       150 |        150 |                             dateutil._common
import time:        49 |         49 |                               six.moves
import time:       352 |        352 |                               dateutil.tz._common
import time:       226 |        226 |                               dateutil.tz._factories
import time:        98 |         98 |                                 six.moves.winreg
import time:       259 |        356 |                               dateutil.tz.win
import time:       834 |       1816 |                             dateutil.tz.tz
import time:      1221 |       4234 |                           dateutil.parser._parser
import time:       366 |        366 |                           dateutil.parser.isoparser
import time:       246 |       5171 |                         dateutil.parser
import time:       893 |        893 |                         _strptime
import time:       688 |       6751 |                       jupyter_client.jsonutil
import time:      1125 |      15063 |                     jupyter_client.session
import time:       432 |      16271 |                   jupyter_client.channels
import time:       323 |        323 |                       termios
import time:       208 |        531 |                     getpass
import time:       186 |        186 |                     jupyter_client.clientabc
import time:       271 |        271 |                           platformdirs.api
import time:       110 |        110 |                           platformdirs.version
import time:      1828 |       1828 |                             configparser
import time:       250 |       2078 |                           platformdirs.unix
import time:       295 |       2752 |                         platformdirs
import time:       580 |       3331 |                       jupyter_core.paths
import time:       464 |        464 |                       jupyter_client.localinterfaces
import time:       136 |        136 |                       jupyter_client.utils
import time:       846 |       4775 |                     jupyter_client.connect
import time:       859 |       6349 |                   jupyter_client.client
import time:       602 |      33573 |                 jupyter_client.asynchronous.client
import time:       236 |      33808 |               jupyter_client.asynchronous
import time:       527 |        527 |                 jupyter_client.blocking.client
import time:       146 |        672 |               jupyter_client.blocking
import time:       162 |        162 |               jupyter_client.launcher
import time:       589 |        589 |                       jupyter_client.provisioning.provisioner_base
import time:       398 |        987 |                     jupyter_client.provisioning.factory
import time:       486 |        486 |                     jupyter_client.provisioning.local_provisioner
import time:       138 |       1610 |                   jupyter_client.provisioning
import time:       984 |       2593 |                 jupyter_client.kernelspec
import time:       192 |        192 |                 jupyter_client.managerabc
import time:      1749 |       4533 |               jupyter_client.manager
import time:       882 |        882 |               jupyter_client.multikernelmanager
import time:       266 |      40477 |             jupyter_client
import time:       127 |      40604 |           ipykernel.connect
import time:       169 |      40941 |         ipykernel
import time:       431 |        431 |           ipykernel.jsonutil
import time:       394 |        824 |         ipykernel.displayhook
import time:      1473 |      43237 |       ipykernel.zmqshell
import time:       166 |        166 |       elastic_notebook.core.common.profile_variable_size
import time:       163 |        163 |         elastic_notebook.core.common.checkpoint_file
import time:       199 |        361 |       elastic_notebook.core.io.migrate
import time:       281 |      44158 |     elastic_notebook.core.notebook.checkpoint
import time:       198 |        198 |     elastic_notebook.core.notebook.find_input_vars
import time:        98 |         98 |     elastic_notebook.core.notebook.find_output_vars
import time:       102 |        102 |     elastic_notebook.core.notebook.restore_notebook
import time:       117 |        117 |     elastic_notebook.core.notebook.update_graph
import time:       426 |     571544 |   elastic_notebook.elastic_notebook
import time:       202 |     571746 | elastic_notebook
